16:13:32 **** Incremental Build of configuration Debug for project App_011_Example_4.8_Changing_Task_Priorities ****
make -j8 all 
Drivers/STM32F4xx_HAL_Driver/Src/stm32f4xx_hal.d:1: warning: NUL character seen; rest of line ignored
Drivers/STM32F4xx_HAL_Driver/Src/stm32f4xx_hal.d:2: warning: NUL character seen; rest of line ignored
Drivers/STM32F4xx_HAL_Driver/Src/stm32f4xx_hal.d:3: warning: NUL character seen; rest of line ignored
Drivers/STM32F4xx_HAL_Driver/Src/stm32f4xx_hal.d:4: warning: NUL character seen; rest of line ignored
Drivers/STM32F4xx_HAL_Driver/Src/stm32f4xx_hal.d:5: warning: NUL character seen; rest of line ignored
Drivers/STM32F4xx_HAL_Driver/Src/stm32f4xx_hal.d:6: warning: NUL character seen; rest of line ignored
Drivers/STM32F4xx_HAL_Driver/Src/stm32f4xx_hal.d:7: warning: NUL character seen; rest of line ignored
Drivers/STM32F4xx_HAL_Driver/Src/stm32f4xx_hal.d:8: warning: NUL character seen; rest of line ignored
Drivers/STM32F4xx_HAL_Driver/Src/stm32f4xx_hal.d:9: warning: NUL character seen; rest of line ignored
Drivers/STM32F4xx_HAL_Driver/Src/stm32f4xx_hal.d:10: warning: NUL character seen; rest of line ignored
Drivers/STM32F4xx_HAL_Driver/Src/stm32f4xx_hal.d:11: warning: NUL character seen; rest of line ignored
Drivers/STM32F4xx_HAL_Driver/Src/stm32f4xx_hal.d:12: warning: NUL character seen; rest of line ignored
Drivers/STM32F4xx_HAL_Driver/Src/stm32f4xx_hal.d:13: warning: NUL character seen; rest of line ignored
Drivers/STM32F4xx_HAL_Driver/Src/stm32f4xx_hal.d:14: warning: NUL character seen; rest of line ignored
Drivers/STM32F4xx_HAL_Driver/Src/stm32f4xx_hal.d:15: warning: NUL character seen; rest of line ignored
Drivers/STM32F4xx_HAL_Driver/Src/stm32f4xx_hal.d:16: warning: NUL character seen; rest of line ignored
Drivers/STM32F4xx_HAL_Driver/Src/stm32f4xx_hal.d:17: warning: NUL character seen; rest of line ignored
Drivers/STM32F4xx_HAL_Driver/Src/stm32f4xx_hal_cortex.d:1: warning: NUL character seen; rest of line ignored
Drivers/STM32F4xx_HAL_Driver/Src/stm32f4xx_hal_cortex.d:2: warning: NUL character seen; rest of line ignored
Drivers/STM32F4xx_HAL_Driver/Src/stm32f4xx_hal_cortex.d:3: warning: NUL character seen; rest of line ignored
Drivers/STM32F4xx_HAL_Driver/Src/stm32f4xx_hal_cortex.d:4: warning: NUL character seen; rest of line ignored
Drivers/STM32F4xx_HAL_Driver/Src/stm32f4xx_hal_cortex.d:5: warning: NUL character seen; rest of line ignored
Drivers/STM32F4xx_HAL_Driver/Src/stm32f4xx_hal_cortex.d:6: warning: NUL character seen; rest of line ignored
Drivers/STM32F4xx_HAL_Driver/Src/stm32f4xx_hal_cortex.d:7: warning: NUL character seen; rest of line ignored
Drivers/STM32F4xx_HAL_Driver/Src/stm32f4xx_hal_cortex.d:8: warning: NUL character seen; rest of line ignored
Drivers/STM32F4xx_HAL_Driver/Src/stm32f4xx_hal_cortex.d:9: warning: NUL character seen; rest of line ignored
Drivers/STM32F4xx_HAL_Driver/Src/stm32f4xx_hal_cortex.d:10: warning: NUL character seen; rest of line ignored
Drivers/STM32F4xx_HAL_Driver/Src/stm32f4xx_hal_cortex.d:11: warning: NUL character seen; rest of line ignored
Drivers/STM32F4xx_HAL_Driver/Src/stm32f4xx_hal_cortex.d:12: warning: NUL character seen; rest of line ignored
Drivers/STM32F4xx_HAL_Driver/Src/stm32f4xx_hal_cortex.d:13: warning: NUL character seen; rest of line ignored
Drivers/STM32F4xx_HAL_Driver/Src/stm32f4xx_hal_cortex.d:14: warning: NUL character seen; rest of line ignored
Drivers/STM32F4xx_HAL_Driver/Src/stm32f4xx_hal_cortex.d:15: warning: NUL character seen; rest of line ignored
Drivers/STM32F4xx_HAL_Driver/Src/stm32f4xx_hal_cortex.d:16: warning: NUL character seen; rest of line ignored
Drivers/STM32F4xx_HAL_Driver/Src/stm32f4xx_hal_cortex.d:17: warning: NUL character seen; rest of line ignored
Drivers/STM32F4xx_HAL_Driver/Src/stm32f4xx_hal_dma.d:1: warning: NUL character seen; rest of line ignored
Drivers/STM32F4xx_HAL_Driver/Src/stm32f4xx_hal_dma.d:2: warning: NUL character seen; rest of line ignored
Drivers/STM32F4xx_HAL_Driver/Src/stm32f4xx_hal_dma.d:3: warning: NUL character seen; rest of line ignored
Drivers/STM32F4xx_HAL_Driver/Src/stm32f4xx_hal_dma.d:4: warning: NUL character seen; rest of line ignored
Drivers/STM32F4xx_HAL_Driver/Src/stm32f4xx_hal_dma.d:5: warning: NUL character seen; rest of line ignored
Drivers/STM32F4xx_HAL_Driver/Src/stm32f4xx_hal_dma.d:6: warning: NUL character seen; rest of line ignored
Drivers/STM32F4xx_HAL_Driver/Src/stm32f4xx_hal_dma.d:7: warning: NUL character seen; rest of line ignored
Drivers/STM32F4xx_HAL_Driver/Src/stm32f4xx_hal_dma.d:8: warning: NUL character seen; rest of line ignored
Drivers/STM32F4xx_HAL_Driver/Src/stm32f4xx_hal_dma.d:9: warning: NUL character seen; rest of line ignored
Drivers/STM32F4xx_HAL_Driver/Src/stm32f4xx_hal_dma.d:10: warning: NUL character seen; rest of line ignored
Drivers/STM32F4xx_HAL_Driver/Src/stm32f4xx_hal_dma.d:11: warning: NUL character seen; rest of line ignored
Drivers/STM32F4xx_HAL_Driver/Src/stm32f4xx_hal_dma.d:12: warning: NUL character seen; rest of line ignored
Drivers/STM32F4xx_HAL_Driver/Src/stm32f4xx_hal_dma.d:13: warning: NUL character seen; rest of line ignored
Drivers/STM32F4xx_HAL_Driver/Src/stm32f4xx_hal_dma.d:14: warning: NUL character seen; rest of line ignored
Drivers/STM32F4xx_HAL_Driver/Src/stm32f4xx_hal_dma.d:15: warning: NUL character seen; rest of line ignored
Drivers/STM32F4xx_HAL_Driver/Src/stm32f4xx_hal_dma.d:16: warning: NUL character seen; rest of line ignored
Drivers/STM32F4xx_HAL_Driver/Src/stm32f4xx_hal_dma.d:17: warning: NUL character seen; rest of line ignored
Drivers/STM32F4xx_HAL_Driver/Src/stm32f4xx_hal_dma_ex.d:1: warning: NUL character seen; rest of line ignored
Drivers/STM32F4xx_HAL_Driver/Src/stm32f4xx_hal_dma_ex.d:2: warning: NUL character seen; rest of line ignored
Drivers/STM32F4xx_HAL_Driver/Src/stm32f4xx_hal_dma_ex.d:3: warning: NUL character seen; rest of line ignored
Drivers/STM32F4xx_HAL_Driver/Src/stm32f4xx_hal_dma_ex.d:4: warning: NUL character seen; rest of line ignored
Drivers/STM32F4xx_HAL_Driver/Src/stm32f4xx_hal_dma_ex.d:5: warning: NUL character seen; rest of line ignored
Drivers/STM32F4xx_HAL_Driver/Src/stm32f4xx_hal_dma_ex.d:6: warning: NUL character seen; rest of line ignored
Drivers/STM32F4xx_HAL_Driver/Src/stm32f4xx_hal_dma_ex.d:7: warning: NUL character seen; rest of line ignored
Drivers/STM32F4xx_HAL_Driver/Src/stm32f4xx_hal_dma_ex.d:8: warning: NUL character seen; rest of line ignored
Drivers/STM32F4xx_HAL_Driver/Src/stm32f4xx_hal_dma_ex.d:9: warning: NUL character seen; rest of line ignored
Drivers/STM32F4xx_HAL_Driver/Src/stm32f4xx_hal_dma_ex.d:10: warning: NUL character seen; rest of line ignored
Drivers/STM32F4xx_HAL_Driver/Src/stm32f4xx_hal_dma_ex.d:11: warning: NUL character seen; rest of line ignored
Drivers/STM32F4xx_HAL_Driver/Src/stm32f4xx_hal_dma_ex.d:12: warning: NUL character seen; rest of line ignored
Drivers/STM32F4xx_HAL_Driver/Src/stm32f4xx_hal_dma_ex.d:13: warning: NUL character seen; rest of line ignored
Drivers/STM32F4xx_HAL_Driver/Src/stm32f4xx_hal_dma_ex.d:14: warning: NUL character seen; rest of line ignored
Drivers/STM32F4xx_HAL_Driver/Src/stm32f4xx_hal_dma_ex.d:15: warning: NUL character seen; rest of line ignored
Drivers/STM32F4xx_HAL_Driver/Src/stm32f4xx_hal_dma_ex.d:16: warning: NUL character seen; rest of line ignored
Drivers/STM32F4xx_HAL_Driver/Src/stm32f4xx_hal_dma_ex.d:17: warning: NUL character seen; rest of line ignored
Drivers/STM32F4xx_HAL_Driver/Src/stm32f4xx_hal_exti.d:1: warning: NUL character seen; rest of line ignored
Drivers/STM32F4xx_HAL_Driver/Src/stm32f4xx_hal_exti.d:2: warning: NUL character seen; rest of line ignored
Drivers/STM32F4xx_HAL_Driver/Src/stm32f4xx_hal_exti.d:3: warning: NUL character seen; rest of line ignored
Drivers/STM32F4xx_HAL_Driver/Src/stm32f4xx_hal_exti.d:4: warning: NUL character seen; rest of line ignored
Drivers/STM32F4xx_HAL_Driver/Src/stm32f4xx_hal_exti.d:5: warning: NUL character seen; rest of line ignored
Drivers/STM32F4xx_HAL_Driver/Src/stm32f4xx_hal_exti.d:6: warning: NUL character seen; rest of line ignored
Drivers/STM32F4xx_HAL_Driver/Src/stm32f4xx_hal_exti.d:7: warning: NUL character seen; rest of line ignored
Drivers/STM32F4xx_HAL_Driver/Src/stm32f4xx_hal_exti.d:8: warning: NUL character seen; rest of line ignored
Drivers/STM32F4xx_HAL_Driver/Src/stm32f4xx_hal_exti.d:9: warning: NUL character seen; rest of line ignored
Drivers/STM32F4xx_HAL_Driver/Src/stm32f4xx_hal_exti.d:10: warning: NUL character seen; rest of line ignored
Drivers/STM32F4xx_HAL_Driver/Src/stm32f4xx_hal_exti.d:11: warning: NUL character seen; rest of line ignored
Drivers/STM32F4xx_HAL_Driver/Src/stm32f4xx_hal_exti.d:12: warning: NUL character seen; rest of line ignored
Drivers/STM32F4xx_HAL_Driver/Src/stm32f4xx_hal_exti.d:13: warning: NUL character seen; rest of line ignored
Drivers/STM32F4xx_HAL_Driver/Src/stm32f4xx_hal_exti.d:14: warning: NUL character seen; rest of line ignored
Drivers/STM32F4xx_HAL_Driver/Src/stm32f4xx_hal_exti.d:15: warning: NUL character seen; rest of line ignored
Drivers/STM32F4xx_HAL_Driver/Src/stm32f4xx_hal_exti.d:16: warning: NUL character seen; rest of line ignored
Drivers/STM32F4xx_HAL_Driver/Src/stm32f4xx_hal_exti.d:17: warning: NUL character seen; rest of line ignored
Drivers/STM32F4xx_HAL_Driver/Src/stm32f4xx_hal_flash.d:1: warning: NUL character seen; rest of line ignored
Drivers/STM32F4xx_HAL_Driver/Src/stm32f4xx_hal_flash.d:2: warning: NUL character seen; rest of line ignored
Drivers/STM32F4xx_HAL_Driver/Src/stm32f4xx_hal_flash.d:3: warning: NUL character seen; rest of line ignored
Drivers/STM32F4xx_HAL_Driver/Src/stm32f4xx_hal_flash.d:4: warning: NUL character seen; rest of line ignored
Drivers/STM32F4xx_HAL_Driver/Src/stm32f4xx_hal_flash.d:5: warning: NUL character seen; rest of line ignored
Drivers/STM32F4xx_HAL_Driver/Src/stm32f4xx_hal_flash.d:6: warning: NUL character seen; rest of line ignored
Drivers/STM32F4xx_HAL_Driver/Src/stm32f4xx_hal_flash.d:7: warning: NUL character seen; rest of line ignored
Drivers/STM32F4xx_HAL_Driver/Src/stm32f4xx_hal_flash.d:8: warning: NUL character seen; rest of line ignored
Drivers/STM32F4xx_HAL_Driver/Src/stm32f4xx_hal_flash.d:9: warning: NUL character seen; rest of line ignored
Drivers/STM32F4xx_HAL_Driver/Src/stm32f4xx_hal_flash.d:10: warning: NUL character seen; rest of line ignored
Drivers/STM32F4xx_HAL_Driver/Src/stm32f4xx_hal_flash.d:11: warning: NUL character seen; rest of line ignored
Drivers/STM32F4xx_HAL_Driver/Src/stm32f4xx_hal_flash.d:12: warning: NUL character seen; rest of line ignored
Drivers/STM32F4xx_HAL_Driver/Src/stm32f4xx_hal_flash.d:13: warning: NUL character seen; rest of line ignored
Drivers/STM32F4xx_HAL_Driver/Src/stm32f4xx_hal_flash.d:14: warning: NUL character seen; rest of line ignored
Drivers/STM32F4xx_HAL_Driver/Src/stm32f4xx_hal_flash.d:15: warning: NUL character seen; rest of line ignored
Drivers/STM32F4xx_HAL_Driver/Src/stm32f4xx_hal_flash.d:16: warning: NUL character seen; rest of line ignored
Drivers/STM32F4xx_HAL_Driver/Src/stm32f4xx_hal_flash.d:17: warning: NUL character seen; rest of line ignored
Drivers/STM32F4xx_HAL_Driver/Src/stm32f4xx_hal_flash_ex.d:1: warning: NUL character seen; rest of line ignored
Drivers/STM32F4xx_HAL_Driver/Src/stm32f4xx_hal_flash_ex.d:2: warning: NUL character seen; rest of line ignored
Drivers/STM32F4xx_HAL_Driver/Src/stm32f4xx_hal_flash_ex.d:3: warning: NUL character seen; rest of line ignored
Drivers/STM32F4xx_HAL_Driver/Src/stm32f4xx_hal_flash_ex.d:4: warning: NUL character seen; rest of line ignored
Drivers/STM32F4xx_HAL_Driver/Src/stm32f4xx_hal_flash_ex.d:5: warning: NUL character seen; rest of line ignored
Drivers/STM32F4xx_HAL_Driver/Src/stm32f4xx_hal_flash_ex.d:6: warning: NUL character seen; rest of line ignored
Drivers/STM32F4xx_HAL_Driver/Src/stm32f4xx_hal_flash_ex.d:7: warning: NUL character seen; rest of line ignored
Drivers/STM32F4xx_HAL_Driver/Src/stm32f4xx_hal_flash_ex.d:8: warning: NUL character seen; rest of line ignored
Drivers/STM32F4xx_HAL_Driver/Src/stm32f4xx_hal_flash_ex.d:9: warning: NUL character seen; rest of line ignored
Drivers/STM32F4xx_HAL_Driver/Src/stm32f4xx_hal_flash_ex.d:10: warning: NUL character seen; rest of line ignored
Drivers/STM32F4xx_HAL_Driver/Src/stm32f4xx_hal_flash_ex.d:11: warning: NUL character seen; rest of line ignored
Drivers/STM32F4xx_HAL_Driver/Src/stm32f4xx_hal_flash_ex.d:12: warning: NUL character seen; rest of line ignored
Drivers/STM32F4xx_HAL_Driver/Src/stm32f4xx_hal_flash_ex.d:13: warning: NUL character seen; rest of line ignored
Drivers/STM32F4xx_HAL_Driver/Src/stm32f4xx_hal_flash_ex.d:14: warning: NUL character seen; rest of line ignored
Drivers/STM32F4xx_HAL_Driver/Src/stm32f4xx_hal_flash_ex.d:15: warning: NUL character seen; rest of line ignored
Drivers/STM32F4xx_HAL_Driver/Src/stm32f4xx_hal_flash_ex.d:16: warning: NUL character seen; rest of line ignored
Drivers/STM32F4xx_HAL_Driver/Src/stm32f4xx_hal_flash_ex.d:17: warning: NUL character seen; rest of line ignored
Drivers/STM32F4xx_HAL_Driver/Src/stm32f4xx_hal_flash_ramfunc.d:1: warning: NUL character seen; rest of line ignored
Drivers/STM32F4xx_HAL_Driver/Src/stm32f4xx_hal_flash_ramfunc.d:2: warning: NUL character seen; rest of line ignored
Drivers/STM32F4xx_HAL_Driver/Src/stm32f4xx_hal_flash_ramfunc.d:3: warning: NUL character seen; rest of line ignored
Drivers/STM32F4xx_HAL_Driver/Src/stm32f4xx_hal_flash_ramfunc.d:4: warning: NUL character seen; rest of line ignored
Drivers/STM32F4xx_HAL_Driver/Src/stm32f4xx_hal_flash_ramfunc.d:5: warning: NUL character seen; rest of line ignored
Drivers/STM32F4xx_HAL_Driver/Src/stm32f4xx_hal_flash_ramfunc.d:6: warning: NUL character seen; rest of line ignored
Drivers/STM32F4xx_HAL_Driver/Src/stm32f4xx_hal_flash_ramfunc.d:7: warning: NUL character seen; rest of line ignored
Drivers/STM32F4xx_HAL_Driver/Src/stm32f4xx_hal_flash_ramfunc.d:8: warning: NUL character seen; rest of line ignored
Drivers/STM32F4xx_HAL_Driver/Src/stm32f4xx_hal_flash_ramfunc.d:9: warning: NUL character seen; rest of line ignored
Drivers/STM32F4xx_HAL_Driver/Src/stm32f4xx_hal_flash_ramfunc.d:10: warning: NUL character seen; rest of line ignored
Drivers/STM32F4xx_HAL_Driver/Src/stm32f4xx_hal_flash_ramfunc.d:11: warning: NUL character seen; rest of line ignored
Drivers/STM32F4xx_HAL_Driver/Src/stm32f4xx_hal_flash_ramfunc.d:12: warning: NUL character seen; rest of line ignored
Drivers/STM32F4xx_HAL_Driver/Src/stm32f4xx_hal_flash_ramfunc.d:13: warning: NUL character seen; rest of line ignored
Drivers/STM32F4xx_HAL_Driver/Src/stm32f4xx_hal_flash_ramfunc.d:14: warning: NUL character seen; rest of line ignored
Drivers/STM32F4xx_HAL_Driver/Src/stm32f4xx_hal_flash_ramfunc.d:15: warning: NUL character seen; rest of line ignored
Drivers/STM32F4xx_HAL_Driver/Src/stm32f4xx_hal_flash_ramfunc.d:16: warning: NUL character seen; rest of line ignored
Drivers/STM32F4xx_HAL_Driver/Src/stm32f4xx_hal_flash_ramfunc.d:17: warning: NUL character seen; rest of line ignored
Drivers/STM32F4xx_HAL_Driver/Src/stm32f4xx_hal_gpio.d:1: warning: NUL character seen; rest of line ignored
Drivers/STM32F4xx_HAL_Driver/Src/stm32f4xx_hal_gpio.d:2: warning: NUL character seen; rest of line ignored
Drivers/STM32F4xx_HAL_Driver/Src/stm32f4xx_hal_gpio.d:3: warning: NUL character seen; rest of line ignored
Drivers/STM32F4xx_HAL_Driver/Src/stm32f4xx_hal_gpio.d:4: warning: NUL character seen; rest of line ignored
Drivers/STM32F4xx_HAL_Driver/Src/stm32f4xx_hal_gpio.d:5: warning: NUL character seen; rest of line ignored
Drivers/STM32F4xx_HAL_Driver/Src/stm32f4xx_hal_gpio.d:6: warning: NUL character seen; rest of line ignored
Drivers/STM32F4xx_HAL_Driver/Src/stm32f4xx_hal_gpio.d:7: warning: NUL character seen; rest of line ignored
Drivers/STM32F4xx_HAL_Driver/Src/stm32f4xx_hal_gpio.d:8: warning: NUL character seen; rest of line ignored
Drivers/STM32F4xx_HAL_Driver/Src/stm32f4xx_hal_gpio.d:9: warning: NUL character seen; rest of line ignored
Drivers/STM32F4xx_HAL_Driver/Src/stm32f4xx_hal_gpio.d:10: warning: NUL character seen; rest of line ignored
Drivers/STM32F4xx_HAL_Driver/Src/stm32f4xx_hal_gpio.d:11: warning: NUL character seen; rest of line ignored
Drivers/STM32F4xx_HAL_Driver/Src/stm32f4xx_hal_gpio.d:12: warning: NUL character seen; rest of line ignored
Drivers/STM32F4xx_HAL_Driver/Src/stm32f4xx_hal_gpio.d:13: warning: NUL character seen; rest of line ignored
Drivers/STM32F4xx_HAL_Driver/Src/stm32f4xx_hal_gpio.d:14: warning: NUL character seen; rest of line ignored
Drivers/STM32F4xx_HAL_Driver/Src/stm32f4xx_hal_gpio.d:15: warning: NUL character seen; rest of line ignored
Drivers/STM32F4xx_HAL_Driver/Src/stm32f4xx_hal_gpio.d:16: warning: NUL character seen; rest of line ignored
Drivers/STM32F4xx_HAL_Driver/Src/stm32f4xx_hal_gpio.d:17: warning: NUL character seen; rest of line ignored
Drivers/STM32F4xx_HAL_Driver/Src/stm32f4xx_hal_pwr.d:1: warning: NUL character seen; rest of line ignored
Drivers/STM32F4xx_HAL_Driver/Src/stm32f4xx_hal_pwr.d:2: warning: NUL character seen; rest of line ignored
Drivers/STM32F4xx_HAL_Driver/Src/stm32f4xx_hal_pwr.d:3: warning: NUL character seen; rest of line ignored
Drivers/STM32F4xx_HAL_Driver/Src/stm32f4xx_hal_pwr.d:4: warning: NUL character seen; rest of line ignored
Drivers/STM32F4xx_HAL_Driver/Src/stm32f4xx_hal_pwr.d:5: warning: NUL character seen; rest of line ignored
Drivers/STM32F4xx_HAL_Driver/Src/stm32f4xx_hal_pwr.d:6: warning: NUL character seen; rest of line ignored
Drivers/STM32F4xx_HAL_Driver/Src/stm32f4xx_hal_pwr.d:7: warning: NUL character seen; rest of line ignored
Drivers/STM32F4xx_HAL_Driver/Src/stm32f4xx_hal_pwr.d:8: warning: NUL character seen; rest of line ignored
Drivers/STM32F4xx_HAL_Driver/Src/stm32f4xx_hal_pwr.d:9: warning: NUL character seen; rest of line ignored
Drivers/STM32F4xx_HAL_Driver/Src/stm32f4xx_hal_pwr.d:10: warning: NUL character seen; rest of line ignored
Drivers/STM32F4xx_HAL_Driver/Src/stm32f4xx_hal_pwr.d:11: warning: NUL character seen; rest of line ignored
Drivers/STM32F4xx_HAL_Driver/Src/stm32f4xx_hal_pwr.d:12: warning: NUL character seen; rest of line ignored
Drivers/STM32F4xx_HAL_Driver/Src/stm32f4xx_hal_pwr.d:13: warning: NUL character seen; rest of line ignored
Drivers/STM32F4xx_HAL_Driver/Src/stm32f4xx_hal_pwr.d:14: warning: NUL character seen; rest of line ignored
Drivers/STM32F4xx_HAL_Driver/Src/stm32f4xx_hal_pwr.d:15: warning: NUL character seen; rest of line ignored
Drivers/STM32F4xx_HAL_Driver/Src/stm32f4xx_hal_pwr.d:16: warning: NUL character seen; rest of line ignored
Drivers/STM32F4xx_HAL_Driver/Src/stm32f4xx_hal_pwr.d:17: warning: NUL character seen; rest of line ignored
Drivers/STM32F4xx_HAL_Driver/Src/stm32f4xx_hal_pwr_ex.d:1: warning: NUL character seen; rest of line ignored
Drivers/STM32F4xx_HAL_Driver/Src/stm32f4xx_hal_pwr_ex.d:2: warning: NUL character seen; rest of line ignored
Drivers/STM32F4xx_HAL_Driver/Src/stm32f4xx_hal_pwr_ex.d:3: warning: NUL character seen; rest of line ignored
Drivers/STM32F4xx_HAL_Driver/Src/stm32f4xx_hal_pwr_ex.d:4: warning: NUL character seen; rest of line ignored
Drivers/STM32F4xx_HAL_Driver/Src/stm32f4xx_hal_pwr_ex.d:5: warning: NUL character seen; rest of line ignored
Drivers/STM32F4xx_HAL_Driver/Src/stm32f4xx_hal_pwr_ex.d:6: warning: NUL character seen; rest of line ignored
Drivers/STM32F4xx_HAL_Driver/Src/stm32f4xx_hal_pwr_ex.d:7: warning: NUL character seen; rest of line ignored
Drivers/STM32F4xx_HAL_Driver/Src/stm32f4xx_hal_pwr_ex.d:8: warning: NUL character seen; rest of line ignored
Drivers/STM32F4xx_HAL_Driver/Src/stm32f4xx_hal_pwr_ex.d:9: warning: NUL character seen; rest of line ignored
Drivers/STM32F4xx_HAL_Driver/Src/stm32f4xx_hal_pwr_ex.d:10: warning: NUL character seen; rest of line ignored
Drivers/STM32F4xx_HAL_Driver/Src/stm32f4xx_hal_pwr_ex.d:11: warning: NUL character seen; rest of line ignored
Drivers/STM32F4xx_HAL_Driver/Src/stm32f4xx_hal_pwr_ex.d:12: warning: NUL character seen; rest of line ignored
Drivers/STM32F4xx_HAL_Driver/Src/stm32f4xx_hal_pwr_ex.d:13: warning: NUL character seen; rest of line ignored
Drivers/STM32F4xx_HAL_Driver/Src/stm32f4xx_hal_pwr_ex.d:14: warning: NUL character seen; rest of line ignored
Drivers/STM32F4xx_HAL_Driver/Src/stm32f4xx_hal_pwr_ex.d:15: warning: NUL character seen; rest of line ignored
Drivers/STM32F4xx_HAL_Driver/Src/stm32f4xx_hal_pwr_ex.d:16: warning: NUL character seen; rest of line ignored
Drivers/STM32F4xx_HAL_Driver/Src/stm32f4xx_hal_pwr_ex.d:17: warning: NUL character seen; rest of line ignored
Drivers/STM32F4xx_HAL_Driver/Src/stm32f4xx_hal_rcc.d:1: warning: NUL character seen; rest of line ignored
Drivers/STM32F4xx_HAL_Driver/Src/stm32f4xx_hal_rcc.d:2: warning: NUL character seen; rest of line ignored
Drivers/STM32F4xx_HAL_Driver/Src/stm32f4xx_hal_rcc.d:3: warning: NUL character seen; rest of line ignored
Drivers/STM32F4xx_HAL_Driver/Src/stm32f4xx_hal_rcc.d:4: warning: NUL character seen; rest of line ignored
Drivers/STM32F4xx_HAL_Driver/Src/stm32f4xx_hal_rcc.d:5: warning: NUL character seen; rest of line ignored
Drivers/STM32F4xx_HAL_Driver/Src/stm32f4xx_hal_rcc.d:6: warning: NUL character seen; rest of line ignored
Drivers/STM32F4xx_HAL_Driver/Src/stm32f4xx_hal_rcc.d:7: warning: NUL character seen; rest of line ignored
Drivers/STM32F4xx_HAL_Driver/Src/stm32f4xx_hal_rcc.d:8: warning: NUL character seen; rest of line ignored
Drivers/STM32F4xx_HAL_Driver/Src/stm32f4xx_hal_rcc.d:9: warning: NUL character seen; rest of line ignored
Drivers/STM32F4xx_HAL_Driver/Src/stm32f4xx_hal_rcc.d:10: warning: NUL character seen; rest of line ignored
Drivers/STM32F4xx_HAL_Driver/Src/stm32f4xx_hal_rcc.d:11: warning: NUL character seen; rest of line ignored
Drivers/STM32F4xx_HAL_Driver/Src/stm32f4xx_hal_rcc.d:12: warning: NUL character seen; rest of line ignored
Drivers/STM32F4xx_HAL_Driver/Src/stm32f4xx_hal_rcc.d:13: warning: NUL character seen; rest of line ignored
Drivers/STM32F4xx_HAL_Driver/Src/stm32f4xx_hal_rcc.d:14: warning: NUL character seen; rest of line ignored
Drivers/STM32F4xx_HAL_Driver/Src/stm32f4xx_hal_rcc.d:15: warning: NUL character seen; rest of line ignored
Drivers/STM32F4xx_HAL_Driver/Src/stm32f4xx_hal_rcc.d:16: warning: NUL character seen; rest of line ignored
Drivers/STM32F4xx_HAL_Driver/Src/stm32f4xx_hal_rcc.d:17: warning: NUL character seen; rest of line ignored
Drivers/STM32F4xx_HAL_Driver/Src/stm32f4xx_hal_rcc_ex.d:1: warning: NUL character seen; rest of line ignored
Drivers/STM32F4xx_HAL_Driver/Src/stm32f4xx_hal_rcc_ex.d:2: warning: NUL character seen; rest of line ignored
Drivers/STM32F4xx_HAL_Driver/Src/stm32f4xx_hal_rcc_ex.d:3: warning: NUL character seen; rest of line ignored
Drivers/STM32F4xx_HAL_Driver/Src/stm32f4xx_hal_rcc_ex.d:4: warning: NUL character seen; rest of line ignored
Drivers/STM32F4xx_HAL_Driver/Src/stm32f4xx_hal_rcc_ex.d:5: warning: NUL character seen; rest of line ignored
Drivers/STM32F4xx_HAL_Driver/Src/stm32f4xx_hal_rcc_ex.d:6: warning: NUL character seen; rest of line ignored
Drivers/STM32F4xx_HAL_Driver/Src/stm32f4xx_hal_rcc_ex.d:7: warning: NUL character seen; rest of line ignored
Drivers/STM32F4xx_HAL_Driver/Src/stm32f4xx_hal_rcc_ex.d:8: warning: NUL character seen; rest of line ignored
Drivers/STM32F4xx_HAL_Driver/Src/stm32f4xx_hal_rcc_ex.d:9: warning: NUL character seen; rest of line ignored
Drivers/STM32F4xx_HAL_Driver/Src/stm32f4xx_hal_rcc_ex.d:10: warning: NUL character seen; rest of line ignored
Drivers/STM32F4xx_HAL_Driver/Src/stm32f4xx_hal_rcc_ex.d:11: warning: NUL character seen; rest of line ignored
Drivers/STM32F4xx_HAL_Driver/Src/stm32f4xx_hal_rcc_ex.d:12: warning: NUL character seen; rest of line ignored
Drivers/STM32F4xx_HAL_Driver/Src/stm32f4xx_hal_rcc_ex.d:13: warning: NUL character seen; rest of line ignored
Drivers/STM32F4xx_HAL_Driver/Src/stm32f4xx_hal_rcc_ex.d:14: warning: NUL character seen; rest of line ignored
Drivers/STM32F4xx_HAL_Driver/Src/stm32f4xx_hal_rcc_ex.d:15: warning: NUL character seen; rest of line ignored
Drivers/STM32F4xx_HAL_Driver/Src/stm32f4xx_hal_rcc_ex.d:16: warning: NUL character seen; rest of line ignored
Drivers/STM32F4xx_HAL_Driver/Src/stm32f4xx_hal_rcc_ex.d:17: warning: NUL character seen; rest of line ignored
Drivers/STM32F4xx_HAL_Driver/Src/stm32f4xx_hal_tim.d:1: warning: NUL character seen; rest of line ignored
Drivers/STM32F4xx_HAL_Driver/Src/stm32f4xx_hal_tim.d:2: warning: NUL character seen; rest of line ignored
Drivers/STM32F4xx_HAL_Driver/Src/stm32f4xx_hal_tim.d:3: warning: NUL character seen; rest of line ignored
Drivers/STM32F4xx_HAL_Driver/Src/stm32f4xx_hal_tim.d:4: warning: NUL character seen; rest of line ignored
Drivers/STM32F4xx_HAL_Driver/Src/stm32f4xx_hal_tim.d:5: warning: NUL character seen; rest of line ignored
Drivers/STM32F4xx_HAL_Driver/Src/stm32f4xx_hal_tim.d:6: warning: NUL character seen; rest of line ignored
Drivers/STM32F4xx_HAL_Driver/Src/stm32f4xx_hal_tim.d:7: warning: NUL character seen; rest of line ignored
Drivers/STM32F4xx_HAL_Driver/Src/stm32f4xx_hal_tim.d:8: warning: NUL character seen; rest of line ignored
Drivers/STM32F4xx_HAL_Driver/Src/stm32f4xx_hal_tim.d:9: warning: NUL character seen; rest of line ignored
Drivers/STM32F4xx_HAL_Driver/Src/stm32f4xx_hal_tim.d:10: warning: NUL character seen; rest of line ignored
Drivers/STM32F4xx_HAL_Driver/Src/stm32f4xx_hal_tim.d:11: warning: NUL character seen; rest of line ignored
Drivers/STM32F4xx_HAL_Driver/Src/stm32f4xx_hal_tim.d:12: warning: NUL character seen; rest of line ignored
Drivers/STM32F4xx_HAL_Driver/Src/stm32f4xx_hal_tim.d:13: warning: NUL character seen; rest of line ignored
Drivers/STM32F4xx_HAL_Driver/Src/stm32f4xx_hal_tim.d:14: warning: NUL character seen; rest of line ignored
Drivers/STM32F4xx_HAL_Driver/Src/stm32f4xx_hal_tim.d:15: warning: NUL character seen; rest of line ignored
Drivers/STM32F4xx_HAL_Driver/Src/stm32f4xx_hal_tim.d:16: warning: NUL character seen; rest of line ignored
Drivers/STM32F4xx_HAL_Driver/Src/stm32f4xx_hal_tim.d:17: warning: NUL character seen; rest of line ignored
Drivers/STM32F4xx_HAL_Driver/Src/stm32f4xx_hal_tim_ex.d:1: warning: NUL character seen; rest of line ignored
Drivers/STM32F4xx_HAL_Driver/Src/stm32f4xx_hal_tim_ex.d:2: warning: NUL character seen; rest of line ignored
Drivers/STM32F4xx_HAL_Driver/Src/stm32f4xx_hal_tim_ex.d:3: warning: NUL character seen; rest of line ignored
Drivers/STM32F4xx_HAL_Driver/Src/stm32f4xx_hal_tim_ex.d:4: warning: NUL character seen; rest of line ignored
Drivers/STM32F4xx_HAL_Driver/Src/stm32f4xx_hal_tim_ex.d:5: warning: NUL character seen; rest of line ignored
Drivers/STM32F4xx_HAL_Driver/Src/stm32f4xx_hal_tim_ex.d:6: warning: NUL character seen; rest of line ignored
Drivers/STM32F4xx_HAL_Driver/Src/stm32f4xx_hal_tim_ex.d:7: warning: NUL character seen; rest of line ignored
Drivers/STM32F4xx_HAL_Driver/Src/stm32f4xx_hal_tim_ex.d:8: warning: NUL character seen; rest of line ignored
Drivers/STM32F4xx_HAL_Driver/Src/stm32f4xx_hal_tim_ex.d:9: warning: NUL character seen; rest of line ignored
Drivers/STM32F4xx_HAL_Driver/Src/stm32f4xx_hal_tim_ex.d:10: warning: NUL character seen; rest of line ignored
Drivers/STM32F4xx_HAL_Driver/Src/stm32f4xx_hal_tim_ex.d:11: warning: NUL character seen; rest of line ignored
Drivers/STM32F4xx_HAL_Driver/Src/stm32f4xx_hal_tim_ex.d:12: warning: NUL character seen; rest of line ignored
Drivers/STM32F4xx_HAL_Driver/Src/stm32f4xx_hal_tim_ex.d:13: warning: NUL character seen; rest of line ignored
Drivers/STM32F4xx_HAL_Driver/Src/stm32f4xx_hal_tim_ex.d:14: warning: NUL character seen; rest of line ignored
Drivers/STM32F4xx_HAL_Driver/Src/stm32f4xx_hal_tim_ex.d:15: warning: NUL character seen; rest of line ignored
Drivers/STM32F4xx_HAL_Driver/Src/stm32f4xx_hal_tim_ex.d:16: warning: NUL character seen; rest of line ignored
Drivers/STM32F4xx_HAL_Driver/Src/stm32f4xx_hal_tim_ex.d:17: warning: NUL character seen; rest of line ignored
Drivers/STM32F4xx_HAL_Driver/Src/stm32f4xx_hal_uart.d:1: warning: NUL character seen; rest of line ignored
Drivers/STM32F4xx_HAL_Driver/Src/stm32f4xx_hal_uart.d:2: warning: NUL character seen; rest of line ignored
Drivers/STM32F4xx_HAL_Driver/Src/stm32f4xx_hal_uart.d:3: warning: NUL character seen; rest of line ignored
Drivers/STM32F4xx_HAL_Driver/Src/stm32f4xx_hal_uart.d:4: warning: NUL character seen; rest of line ignored
Drivers/STM32F4xx_HAL_Driver/Src/stm32f4xx_hal_uart.d:5: warning: NUL character seen; rest of line ignored
Drivers/STM32F4xx_HAL_Driver/Src/stm32f4xx_hal_uart.d:6: warning: NUL character seen; rest of line ignored
Drivers/STM32F4xx_HAL_Driver/Src/stm32f4xx_hal_uart.d:7: warning: NUL character seen; rest of line ignored
Drivers/STM32F4xx_HAL_Driver/Src/stm32f4xx_hal_uart.d:8: warning: NUL character seen; rest of line ignored
Drivers/STM32F4xx_HAL_Driver/Src/stm32f4xx_hal_uart.d:9: warning: NUL character seen; rest of line ignored
Drivers/STM32F4xx_HAL_Driver/Src/stm32f4xx_hal_uart.d:10: warning: NUL character seen; rest of line ignored
Drivers/STM32F4xx_HAL_Driver/Src/stm32f4xx_hal_uart.d:11: warning: NUL character seen; rest of line ignored
Drivers/STM32F4xx_HAL_Driver/Src/stm32f4xx_hal_uart.d:12: warning: NUL character seen; rest of line ignored
Drivers/STM32F4xx_HAL_Driver/Src/stm32f4xx_hal_uart.d:13: warning: NUL character seen; rest of line ignored
Drivers/STM32F4xx_HAL_Driver/Src/stm32f4xx_hal_uart.d:14: warning: NUL character seen; rest of line ignored
Drivers/STM32F4xx_HAL_Driver/Src/stm32f4xx_hal_uart.d:15: warning: NUL character seen; rest of line ignored
Drivers/STM32F4xx_HAL_Driver/Src/stm32f4xx_hal_uart.d:16: warning: NUL character seen; rest of line ignored
Drivers/STM32F4xx_HAL_Driver/Src/stm32f4xx_hal_uart.d:17: warning: NUL character seen; rest of line ignored
Core/Src/main.d:1: warning: NUL character seen; rest of line ignored
Core/Src/main.d:2: warning: NUL character seen; rest of line ignored
Core/Src/main.d:3: warning: NUL character seen; rest of line ignored
Core/Src/main.d:4: warning: NUL character seen; rest of line ignored
Core/Src/main.d:5: warning: NUL character seen; rest of line ignored
Core/Src/main.d:6: warning: NUL character seen; rest of line ignored
Core/Src/main.d:7: warning: NUL character seen; rest of line ignored
Core/Src/main.d:8: warning: NUL character seen; rest of line ignored
Core/Src/main.d:9: warning: NUL character seen; rest of line ignored
Core/Src/main.d:10: warning: NUL character seen; rest of line ignored
Core/Src/main.d:11: warning: NUL character seen; rest of line ignored
Core/Src/main.d:12: warning: NUL character seen; rest of line ignored
Core/Src/main.d:13: warning: NUL character seen; rest of line ignored
Core/Src/main.d:14: warning: NUL character seen; rest of line ignored
Core/Src/main.d:15: warning: NUL character seen; rest of line ignored
Core/Src/main.d:16: warning: NUL character seen; rest of line ignored
Core/Src/main.d:17: warning: NUL character seen; rest of line ignored
Core/Src/main.d:18: warning: NUL character seen; rest of line ignored
Core/Src/main.d:19: warning: NUL character seen; rest of line ignored
Core/Src/main.d:20: warning: NUL character seen; rest of line ignored
Core/Src/main.d:21: warning: NUL character seen; rest of line ignored
Core/Src/main.d:22: warning: NUL character seen; rest of line ignored
Core/Src/main.d:23: warning: NUL character seen; rest of line ignored
Core/Src/main.d:24: warning: NUL character seen; rest of line ignored
Core/Src/main.d:25: warning: NUL character seen; rest of line ignored
Core/Src/main.d:26: warning: NUL character seen; rest of line ignored
Core/Src/main.d:27: warning: NUL character seen; rest of line ignored
Core/Src/main.d:28: warning: NUL character seen; rest of line ignored
Core/Src/main.d:29: warning: NUL character seen; rest of line ignored
Core/Src/stm32f4xx_hal_msp.d:1: warning: NUL character seen; rest of line ignored
Core/Src/stm32f4xx_hal_msp.d:2: warning: NUL character seen; rest of line ignored
Core/Src/stm32f4xx_hal_msp.d:3: warning: NUL character seen; rest of line ignored
Core/Src/stm32f4xx_hal_msp.d:4: warning: NUL character seen; rest of line ignored
Core/Src/stm32f4xx_hal_msp.d:5: warning: NUL character seen; rest of line ignored
Core/Src/stm32f4xx_hal_msp.d:6: warning: NUL character seen; rest of line ignored
Core/Src/stm32f4xx_hal_msp.d:7: warning: NUL character seen; rest of line ignored
Core/Src/stm32f4xx_hal_msp.d:8: warning: NUL character seen; rest of line ignored
Core/Src/stm32f4xx_hal_msp.d:9: warning: NUL character seen; rest of line ignored
Core/Src/stm32f4xx_hal_msp.d:10: warning: NUL character seen; rest of line ignored
Core/Src/stm32f4xx_hal_msp.d:11: warning: NUL character seen; rest of line ignored
Core/Src/stm32f4xx_hal_msp.d:12: warning: NUL character seen; rest of line ignored
Core/Src/stm32f4xx_hal_msp.d:13: warning: NUL character seen; rest of line ignored
Core/Src/stm32f4xx_hal_msp.d:14: warning: NUL character seen; rest of line ignored
Core/Src/stm32f4xx_hal_msp.d:15: warning: NUL character seen; rest of line ignored
Core/Src/stm32f4xx_hal_msp.d:16: warning: NUL character seen; rest of line ignored
Core/Src/stm32f4xx_hal_msp.d:17: warning: NUL character seen; rest of line ignored
Core/Src/stm32f4xx_hal_timebase_tim.d:1: warning: NUL character seen; rest of line ignored
Core/Src/stm32f4xx_hal_timebase_tim.d:2: warning: NUL character seen; rest of line ignored
Core/Src/stm32f4xx_hal_timebase_tim.d:3: warning: NUL character seen; rest of line ignored
Core/Src/stm32f4xx_hal_timebase_tim.d:4: warning: NUL character seen; rest of line ignored
Core/Src/stm32f4xx_hal_timebase_tim.d:5: warning: NUL character seen; rest of line ignored
Core/Src/stm32f4xx_hal_timebase_tim.d:6: warning: NUL character seen; rest of line ignored
Core/Src/stm32f4xx_hal_timebase_tim.d:7: warning: NUL character seen; rest of line ignored
Core/Src/stm32f4xx_hal_timebase_tim.d:8: warning: NUL character seen; rest of line ignored
Core/Src/stm32f4xx_hal_timebase_tim.d:9: warning: NUL character seen; rest of line ignored
Core/Src/stm32f4xx_hal_timebase_tim.d:10: warning: NUL character seen; rest of line ignored
Core/Src/stm32f4xx_hal_timebase_tim.d:11: warning: NUL character seen; rest of line ignored
Core/Src/stm32f4xx_hal_timebase_tim.d:12: warning: NUL character seen; rest of line ignored
Core/Src/stm32f4xx_hal_timebase_tim.d:13: warning: NUL character seen; rest of line ignored
Core/Src/stm32f4xx_hal_timebase_tim.d:14: warning: NUL character seen; rest of line ignored
Core/Src/stm32f4xx_hal_timebase_tim.d:15: warning: NUL character seen; rest of line ignored
Core/Src/stm32f4xx_hal_timebase_tim.d:16: warning: NUL character seen; rest of line ignored
Core/Src/stm32f4xx_hal_timebase_tim.d:17: warning: NUL character seen; rest of line ignored
Core/Src/stm32f4xx_it.d:1: warning: NUL character seen; rest of line ignored
Core/Src/stm32f4xx_it.d:2: warning: NUL character seen; rest of line ignored
Core/Src/stm32f4xx_it.d:3: warning: NUL character seen; rest of line ignored
Core/Src/stm32f4xx_it.d:4: warning: NUL character seen; rest of line ignored
Core/Src/stm32f4xx_it.d:5: warning: NUL character seen; rest of line ignored
Core/Src/stm32f4xx_it.d:6: warning: NUL character seen; rest of line ignored
Core/Src/stm32f4xx_it.d:7: warning: NUL character seen; rest of line ignored
Core/Src/stm32f4xx_it.d:8: warning: NUL character seen; rest of line ignored
Core/Src/stm32f4xx_it.d:9: warning: NUL character seen; rest of line ignored
Core/Src/stm32f4xx_it.d:10: warning: NUL character seen; rest of line ignored
Core/Src/stm32f4xx_it.d:11: warning: NUL character seen; rest of line ignored
Core/Src/stm32f4xx_it.d:12: warning: NUL character seen; rest of line ignored
Core/Src/stm32f4xx_it.d:13: warning: NUL character seen; rest of line ignored
Core/Src/stm32f4xx_it.d:14: warning: NUL character seen; rest of line ignored
Core/Src/stm32f4xx_it.d:15: warning: NUL character seen; rest of line ignored
Core/Src/stm32f4xx_it.d:16: warning: NUL character seen; rest of line ignored
Core/Src/stm32f4xx_it.d:17: warning: NUL character seen; rest of line ignored
Core/Src/system_stm32f4xx.d:1: warning: NUL character seen; rest of line ignored
Core/Src/system_stm32f4xx.d:2: warning: NUL character seen; rest of line ignored
Core/Src/system_stm32f4xx.d:3: warning: NUL character seen; rest of line ignored
Core/Src/system_stm32f4xx.d:4: warning: NUL character seen; rest of line ignored
Core/Src/system_stm32f4xx.d:5: warning: NUL character seen; rest of line ignored
Core/Src/system_stm32f4xx.d:6: warning: NUL character seen; rest of line ignored
Core/Src/system_stm32f4xx.d:7: warning: NUL character seen; rest of line ignored
Core/Src/system_stm32f4xx.d:8: warning: NUL character seen; rest of line ignored
Core/Src/system_stm32f4xx.d:9: warning: NUL character seen; rest of line ignored
Core/Src/system_stm32f4xx.d:10: warning: NUL character seen; rest of line ignored
Core/Src/system_stm32f4xx.d:11: warning: NUL character seen; rest of line ignored
Core/Src/system_stm32f4xx.d:12: warning: NUL character seen; rest of line ignored
Core/Src/system_stm32f4xx.d:13: warning: NUL character seen; rest of line ignored
Core/Src/system_stm32f4xx.d:14: warning: NUL character seen; rest of line ignored
Core/Src/system_stm32f4xx.d:15: warning: NUL character seen; rest of line ignored
Core/Src/system_stm32f4xx.d:16: warning: NUL character seen; rest of line ignored
Core/Src/system_stm32f4xx.d:17: warning: NUL character seen; rest of line ignored
Core/FreeRTOS/Source/portable/MemMang/heap_1.d:1: warning: NUL character seen; rest of line ignored
Core/FreeRTOS/Source/portable/MemMang/heap_1.d:2: warning: NUL character seen; rest of line ignored
Core/FreeRTOS/Source/portable/MemMang/heap_1.d:3: warning: NUL character seen; rest of line ignored
Core/FreeRTOS/Source/portable/MemMang/heap_1.d:4: warning: NUL character seen; rest of line ignored
Core/FreeRTOS/Source/portable/MemMang/heap_1.d:5: warning: NUL character seen; rest of line ignored
Core/FreeRTOS/Source/portable/MemMang/heap_1.d:6: warning: NUL character seen; rest of line ignored
Core/FreeRTOS/Source/portable/MemMang/heap_1.d:7: warning: NUL character seen; rest of line ignored
Core/FreeRTOS/Source/portable/MemMang/heap_1.d:8: warning: NUL character seen; rest of line ignored
Core/FreeRTOS/Source/portable/MemMang/heap_1.d:9: warning: NUL character seen; rest of line ignored
Core/FreeRTOS/Source/portable/MemMang/heap_1.d:10: warning: NUL character seen; rest of line ignored
Core/FreeRTOS/Source/portable/MemMang/heap_1.d:11: warning: NUL character seen; rest of line ignored
Core/FreeRTOS/Source/portable/MemMang/heap_1.d:12: warning: NUL character seen; rest of line ignored
Core/FreeRTOS/Source/portable/MemMang/heap_1.d:13: warning: NUL character seen; rest of line ignored
Core/FreeRTOS/Source/portable/GCC/ARM_CM4F/port.d:1: warning: NUL character seen; rest of line ignored
Core/FreeRTOS/Source/portable/GCC/ARM_CM4F/port.d:2: warning: NUL character seen; rest of line ignored
Core/FreeRTOS/Source/portable/GCC/ARM_CM4F/port.d:3: warning: NUL character seen; rest of line ignored
Core/FreeRTOS/Source/portable/GCC/ARM_CM4F/port.d:4: warning: NUL character seen; rest of line ignored
Core/FreeRTOS/Source/portable/GCC/ARM_CM4F/port.d:5: warning: NUL character seen; rest of line ignored
Core/FreeRTOS/Source/portable/GCC/ARM_CM4F/port.d:6: warning: NUL character seen; rest of line ignored
Core/FreeRTOS/Source/portable/GCC/ARM_CM4F/port.d:7: warning: NUL character seen; rest of line ignored
Core/FreeRTOS/Source/portable/GCC/ARM_CM4F/port.d:8: warning: NUL character seen; rest of line ignored
Core/FreeRTOS/Source/portable/GCC/ARM_CM4F/port.d:9: warning: NUL character seen; rest of line ignored
Core/FreeRTOS/Source/portable/GCC/ARM_CM4F/port.d:10: warning: NUL character seen; rest of line ignored
Core/FreeRTOS/Source/portable/GCC/ARM_CM4F/port.d:11: warning: NUL character seen; rest of line ignored
Core/FreeRTOS/Source/portable/GCC/ARM_CM4F/port.d:12: warning: NUL character seen; rest of line ignored
Core/FreeRTOS/Source/portable/GCC/ARM_CM4F/port.d:13: warning: NUL character seen; rest of line ignored
Core/FreeRTOS/Source/croutine.d:1: warning: NUL character seen; rest of line ignored
Core/FreeRTOS/Source/croutine.d:2: warning: NUL character seen; rest of line ignored
Core/FreeRTOS/Source/croutine.d:3: warning: NUL character seen; rest of line ignored
Core/FreeRTOS/Source/croutine.d:4: warning: NUL character seen; rest of line ignored
Core/FreeRTOS/Source/croutine.d:5: warning: NUL character seen; rest of line ignored
Core/FreeRTOS/Source/croutine.d:6: warning: NUL character seen; rest of line ignored
Core/FreeRTOS/Source/croutine.d:7: warning: NUL character seen; rest of line ignored
Core/FreeRTOS/Source/croutine.d:8: warning: NUL character seen; rest of line ignored
Core/FreeRTOS/Source/croutine.d:9: warning: NUL character seen; rest of line ignored
Core/FreeRTOS/Source/croutine.d:10: warning: NUL character seen; rest of line ignored
Core/FreeRTOS/Source/croutine.d:11: warning: NUL character seen; rest of line ignored
Core/FreeRTOS/Source/croutine.d:12: warning: NUL character seen; rest of line ignored
Core/FreeRTOS/Source/croutine.d:13: warning: NUL character seen; rest of line ignored
Core/FreeRTOS/Source/croutine.d:14: warning: NUL character seen; rest of line ignored
Core/FreeRTOS/Source/event_groups.d:1: warning: NUL character seen; rest of line ignored
Core/FreeRTOS/Source/event_groups.d:2: warning: NUL character seen; rest of line ignored
Core/FreeRTOS/Source/event_groups.d:3: warning: NUL character seen; rest of line ignored
Core/FreeRTOS/Source/event_groups.d:4: warning: NUL character seen; rest of line ignored
Core/FreeRTOS/Source/event_groups.d:5: warning: NUL character seen; rest of line ignored
Core/FreeRTOS/Source/event_groups.d:6: warning: NUL character seen; rest of line ignored
Core/FreeRTOS/Source/event_groups.d:7: warning: NUL character seen; rest of line ignored
Core/FreeRTOS/Source/event_groups.d:8: warning: NUL character seen; rest of line ignored
Core/FreeRTOS/Source/event_groups.d:9: warning: NUL character seen; rest of line ignored
Core/FreeRTOS/Source/event_groups.d:10: warning: NUL character seen; rest of line ignored
Core/FreeRTOS/Source/event_groups.d:11: warning: NUL character seen; rest of line ignored
Core/FreeRTOS/Source/event_groups.d:12: warning: NUL character seen; rest of line ignored
Core/FreeRTOS/Source/event_groups.d:13: warning: NUL character seen; rest of line ignored
Core/FreeRTOS/Source/event_groups.d:14: warning: NUL character seen; rest of line ignored
Core/FreeRTOS/Source/event_groups.d:15: warning: NUL character seen; rest of line ignored
Core/FreeRTOS/Source/event_groups.d:16: warning: NUL character seen; rest of line ignored
Core/FreeRTOS/Source/event_groups.d:17: warning: NUL character seen; rest of line ignored
Core/FreeRTOS/Source/event_groups.d:18: warning: NUL character seen; rest of line ignored
Core/FreeRTOS/Source/list.d:1: warning: NUL character seen; rest of line ignored
Core/FreeRTOS/Source/list.d:2: warning: NUL character seen; rest of line ignored
Core/FreeRTOS/Source/list.d:3: warning: NUL character seen; rest of line ignored
Core/FreeRTOS/Source/list.d:4: warning: NUL character seen; rest of line ignored
Core/FreeRTOS/Source/list.d:5: warning: NUL character seen; rest of line ignored
Core/FreeRTOS/Source/list.d:6: warning: NUL character seen; rest of line ignored
Core/FreeRTOS/Source/list.d:7: warning: NUL character seen; rest of line ignored
Core/FreeRTOS/Source/list.d:8: warning: NUL character seen; rest of line ignored
Core/FreeRTOS/Source/list.d:9: warning: NUL character seen; rest of line ignored
Core/FreeRTOS/Source/list.d:10: warning: NUL character seen; rest of line ignored
Core/FreeRTOS/Source/list.d:11: warning: NUL character seen; rest of line ignored
Core/FreeRTOS/Source/list.d:12: warning: NUL character seen; rest of line ignored
Core/FreeRTOS/Source/queue.d:1: warning: NUL character seen; rest of line ignored
Core/FreeRTOS/Source/queue.d:2: warning: NUL character seen; rest of line ignored
Core/FreeRTOS/Source/queue.d:3: warning: NUL character seen; rest of line ignored
Core/FreeRTOS/Source/queue.d:4: warning: NUL character seen; rest of line ignored
Core/FreeRTOS/Source/queue.d:5: warning: NUL character seen; rest of line ignored
Core/FreeRTOS/Source/queue.d:6: warning: NUL character seen; rest of line ignored
Core/FreeRTOS/Source/queue.d:7: warning: NUL character seen; rest of line ignored
Core/FreeRTOS/Source/queue.d:8: warning: NUL character seen; rest of line ignored
Core/FreeRTOS/Source/queue.d:9: warning: NUL character seen; rest of line ignored
Core/FreeRTOS/Source/queue.d:10: warning: NUL character seen; rest of line ignored
Core/FreeRTOS/Source/queue.d:11: warning: NUL character seen; rest of line ignored
Core/FreeRTOS/Source/queue.d:12: warning: NUL character seen; rest of line ignored
Core/FreeRTOS/Source/queue.d:13: warning: NUL character seen; rest of line ignored
Core/FreeRTOS/Source/queue.d:14: warning: NUL character seen; rest of line ignored
Core/FreeRTOS/Source/queue.d:15: warning: NUL character seen; rest of line ignored
Core/FreeRTOS/Source/stream_buffer.d:1: warning: NUL character seen; rest of line ignored
Core/FreeRTOS/Source/stream_buffer.d:2: warning: NUL character seen; rest of line ignored
Core/FreeRTOS/Source/stream_buffer.d:3: warning: NUL character seen; rest of line ignored
Core/FreeRTOS/Source/stream_buffer.d:4: warning: NUL character seen; rest of line ignored
Core/FreeRTOS/Source/stream_buffer.d:5: warning: NUL character seen; rest of line ignored
Core/FreeRTOS/Source/stream_buffer.d:6: warning: NUL character seen; rest of line ignored
Core/FreeRTOS/Source/stream_buffer.d:7: warning: NUL character seen; rest of line ignored
Core/FreeRTOS/Source/stream_buffer.d:8: warning: NUL character seen; rest of line ignored
Core/FreeRTOS/Source/stream_buffer.d:9: warning: NUL character seen; rest of line ignored
Core/FreeRTOS/Source/stream_buffer.d:10: warning: NUL character seen; rest of line ignored
Core/FreeRTOS/Source/stream_buffer.d:11: warning: NUL character seen; rest of line ignored
Core/FreeRTOS/Source/stream_buffer.d:12: warning: NUL character seen; rest of line ignored
Core/FreeRTOS/Source/stream_buffer.d:13: warning: NUL character seen; rest of line ignored
Core/FreeRTOS/Source/stream_buffer.d:14: warning: NUL character seen; rest of line ignored
Core/FreeRTOS/Source/tasks.d:1: warning: NUL character seen; rest of line ignored
Core/FreeRTOS/Source/tasks.d:2: warning: NUL character seen; rest of line ignored
Core/FreeRTOS/Source/tasks.d:3: warning: NUL character seen; rest of line ignored
Core/FreeRTOS/Source/tasks.d:4: warning: NUL character seen; rest of line ignored
Core/FreeRTOS/Source/tasks.d:5: warning: NUL character seen; rest of line ignored
Core/FreeRTOS/Source/tasks.d:6: warning: NUL character seen; rest of line ignored
Core/FreeRTOS/Source/tasks.d:7: warning: NUL character seen; rest of line ignored
Core/FreeRTOS/Source/tasks.d:8: warning: NUL character seen; rest of line ignored
Core/FreeRTOS/Source/tasks.d:9: warning: NUL character seen; rest of line ignored
Core/FreeRTOS/Source/tasks.d:10: warning: NUL character seen; rest of line ignored
Core/FreeRTOS/Source/tasks.d:11: warning: NUL character seen; rest of line ignored
Core/FreeRTOS/Source/tasks.d:12: warning: NUL character seen; rest of line ignored
Core/FreeRTOS/Source/tasks.d:13: warning: NUL character seen; rest of line ignored
Core/FreeRTOS/Source/tasks.d:14: warning: NUL character seen; rest of line ignored
Core/FreeRTOS/Source/tasks.d:15: warning: NUL character seen; rest of line ignored
Core/FreeRTOS/Source/tasks.d:16: warning: NUL character seen; rest of line ignored
Core/FreeRTOS/Source/tasks.d:17: warning: NUL character seen; rest of line ignored
Core/FreeRTOS/Source/timers.d:1: warning: NUL character seen; rest of line ignored
Core/FreeRTOS/Source/timers.d:2: warning: NUL character seen; rest of line ignored
Core/FreeRTOS/Source/timers.d:3: warning: NUL character seen; rest of line ignored
Core/FreeRTOS/Source/timers.d:4: warning: NUL character seen; rest of line ignored
Core/FreeRTOS/Source/timers.d:5: warning: NUL character seen; rest of line ignored
Core/FreeRTOS/Source/timers.d:6: warning: NUL character seen; rest of line ignored
Core/FreeRTOS/Source/timers.d:7: warning: NUL character seen; rest of line ignored
Core/FreeRTOS/Source/timers.d:8: warning: NUL character seen; rest of line ignored
Core/FreeRTOS/Source/timers.d:9: warning: NUL character seen; rest of line ignored
Core/FreeRTOS/Source/timers.d:10: warning: NUL character seen; rest of line ignored
Core/FreeRTOS/Source/timers.d:11: warning: NUL character seen; rest of line ignored
Core/FreeRTOS/Source/timers.d:12: warning: NUL character seen; rest of line ignored
Core/FreeRTOS/Source/timers.d:13: warning: NUL character seen; rest of line ignored
Core/FreeRTOS/Source/timers.d:14: warning: NUL character seen; rest of line ignored
Core/FreeRTOS/Source/timers.d:15: warning: NUL character seen; rest of line ignored
Core/FreeRTOS/Source/timers.d:16: warning: NUL character seen; rest of line ignored
Core/FreeRTOS/Source/timers.d:17: warning: NUL character seen; rest of line ignored
arm-none-eabi-gcc "../Drivers/STM32F4xx_HAL_Driver/Src/stm32f4xx_hal.c" -mcpu=cortex-m4 -std=gnu11 -g3 -DDEBUG -DUSE_HAL_DRIVER -DSTM32F407xx -c -I../Core/Inc -I"C:/Users/julio/Downloads/FreeRTOS_STM32F407/App_011_Example_4.8_Changing_Task_Priorities/Core/FreeRTOS" -I"C:/Users/julio/Downloads/FreeRTOS_STM32F407/App_011_Example_4.8_Changing_Task_Priorities/Core/FreeRTOS/Source/include" -I"C:/Users/julio/Downloads/FreeRTOS_STM32F407/App_011_Example_4.8_Changing_Task_Priorities/Core/FreeRTOS/Source/portable/GCC/ARM_CM4F" -I../Drivers/STM32F4xx_HAL_Driver/Inc -I../Drivers/STM32F4xx_HAL_Driver/Inc/Legacy -I../Drivers/CMSIS/Device/ST/STM32F4xx/Include -I../Drivers/CMSIS/Include -O0 -ffunction-sections -fdata-sections -Wall -fstack-usage -fcyclomatic-complexity -MMD -MP -MF"Drivers/STM32F4xx_HAL_Driver/Src/stm32f4xx_hal.d" -MT"Drivers/STM32F4xx_HAL_Driver/Src/stm32f4xx_hal.o" --specs=nano.specs -mfpu=fpv4-sp-d16 -mfloat-abi=hard -mthumb -o "Drivers/STM32F4xx_HAL_Driver/Src/stm32f4xx_hal.o"
arm-none-eabi-gcc "../Drivers/STM32F4xx_HAL_Driver/Src/stm32f4xx_hal_cortex.c" -mcpu=cortex-m4 -std=gnu11 -g3 -DDEBUG -DUSE_HAL_DRIVER -DSTM32F407xx -c -I../Core/Inc -I"C:/Users/julio/Downloads/FreeRTOS_STM32F407/App_011_Example_4.8_Changing_Task_Priorities/Core/FreeRTOS" -I"C:/Users/julio/Downloads/FreeRTOS_STM32F407/App_011_Example_4.8_Changing_Task_Priorities/Core/FreeRTOS/Source/include" -I"C:/Users/julio/Downloads/FreeRTOS_STM32F407/App_011_Example_4.8_Changing_Task_Priorities/Core/FreeRTOS/Source/portable/GCC/ARM_CM4F" -I../Drivers/STM32F4xx_HAL_Driver/Inc -I../Drivers/STM32F4xx_HAL_Driver/Inc/Legacy -I../Drivers/CMSIS/Device/ST/STM32F4xx/Include -I../Drivers/CMSIS/Include -O0 -ffunction-sections -fdata-sections -Wall -fstack-usage -fcyclomatic-complexity -MMD -MP -MF"Drivers/STM32F4xx_HAL_Driver/Src/stm32f4xx_hal_cortex.d" -MT"Drivers/STM32F4xx_HAL_Driver/Src/stm32f4xx_hal_cortex.o" --specs=nano.specs -mfpu=fpv4-sp-d16 -mfloat-abi=hard -mthumb -o "Drivers/STM32F4xx_HAL_Driver/Src/stm32f4xx_hal_cortex.o"
arm-none-eabi-gcc "../Drivers/STM32F4xx_HAL_Driver/Src/stm32f4xx_hal_dma.c" -mcpu=cortex-m4 -std=gnu11 -g3 -DDEBUG -DUSE_HAL_DRIVER -DSTM32F407xx -c -I../Core/Inc -I"C:/Users/julio/Downloads/FreeRTOS_STM32F407/App_011_Example_4.8_Changing_Task_Priorities/Core/FreeRTOS" -I"C:/Users/julio/Downloads/FreeRTOS_STM32F407/App_011_Example_4.8_Changing_Task_Priorities/Core/FreeRTOS/Source/include" -I"C:/Users/julio/Downloads/FreeRTOS_STM32F407/App_011_Example_4.8_Changing_Task_Priorities/Core/FreeRTOS/Source/portable/GCC/ARM_CM4F" -I../Drivers/STM32F4xx_HAL_Driver/Inc -I../Drivers/STM32F4xx_HAL_Driver/Inc/Legacy -I../Drivers/CMSIS/Device/ST/STM32F4xx/Include -I../Drivers/CMSIS/Include -O0 -ffunction-sections -fdata-sections -Wall -fstack-usage -fcyclomatic-complexity -MMD -MP -MF"Drivers/STM32F4xx_HAL_Driver/Src/stm32f4xx_hal_dma.d" -MT"Drivers/STM32F4xx_HAL_Driver/Src/stm32f4xx_hal_dma.o" --specs=nano.specs -mfpu=fpv4-sp-d16 -mfloat-abi=hard -mthumb -o "Drivers/STM32F4xx_HAL_Driver/Src/stm32f4xx_hal_dma.o"
arm-none-eabi-gcc "../Drivers/STM32F4xx_HAL_Driver/Src/stm32f4xx_hal_dma_ex.c" -mcpu=cortex-m4 -std=gnu11 -g3 -DDEBUG -DUSE_HAL_DRIVER -DSTM32F407xx -c -I../Core/Inc -I"C:/Users/julio/Downloads/FreeRTOS_STM32F407/App_011_Example_4.8_Changing_Task_Priorities/Core/FreeRTOS" -I"C:/Users/julio/Downloads/FreeRTOS_STM32F407/App_011_Example_4.8_Changing_Task_Priorities/Core/FreeRTOS/Source/include" -I"C:/Users/julio/Downloads/FreeRTOS_STM32F407/App_011_Example_4.8_Changing_Task_Priorities/Core/FreeRTOS/Source/portable/GCC/ARM_CM4F" -I../Drivers/STM32F4xx_HAL_Driver/Inc -I../Drivers/STM32F4xx_HAL_Driver/Inc/Legacy -I../Drivers/CMSIS/Device/ST/STM32F4xx/Include -I../Drivers/CMSIS/Include -O0 -ffunction-sections -fdata-sections -Wall -fstack-usage -fcyclomatic-complexity -MMD -MP -MF"Drivers/STM32F4xx_HAL_Driver/Src/stm32f4xx_hal_dma_ex.d" -MT"Drivers/STM32F4xx_HAL_Driver/Src/stm32f4xx_hal_dma_ex.o" --specs=nano.specs -mfpu=fpv4-sp-d16 -mfloat-abi=hard -mthumb -o "Drivers/STM32F4xx_HAL_Driver/Src/stm32f4xx_hal_dma_ex.o"
arm-none-eabi-gcc "../Drivers/STM32F4xx_HAL_Driver/Src/stm32f4xx_hal_exti.c" -mcpu=cortex-m4 -std=gnu11 -g3 -DDEBUG -DUSE_HAL_DRIVER -DSTM32F407xx -c -I../Core/Inc -I"C:/Users/julio/Downloads/FreeRTOS_STM32F407/App_011_Example_4.8_Changing_Task_Priorities/Core/FreeRTOS" -I"C:/Users/julio/Downloads/FreeRTOS_STM32F407/App_011_Example_4.8_Changing_Task_Priorities/Core/FreeRTOS/Source/include" -I"C:/Users/julio/Downloads/FreeRTOS_STM32F407/App_011_Example_4.8_Changing_Task_Priorities/Core/FreeRTOS/Source/portable/GCC/ARM_CM4F" -I../Drivers/STM32F4xx_HAL_Driver/Inc -I../Drivers/STM32F4xx_HAL_Driver/Inc/Legacy -I../Drivers/CMSIS/Device/ST/STM32F4xx/Include -I../Drivers/CMSIS/Include -O0 -ffunction-sections -fdata-sections -Wall -fstack-usage -fcyclomatic-complexity -MMD -MP -MF"Drivers/STM32F4xx_HAL_Driver/Src/stm32f4xx_hal_exti.d" -MT"Drivers/STM32F4xx_HAL_Driver/Src/stm32f4xx_hal_exti.o" --specs=nano.specs -mfpu=fpv4-sp-d16 -mfloat-abi=hard -mthumb -o "Drivers/STM32F4xx_HAL_Driver/Src/stm32f4xx_hal_exti.o"
arm-none-eabi-gcc "../Drivers/STM32F4xx_HAL_Driver/Src/stm32f4xx_hal_flash.c" -mcpu=cortex-m4 -std=gnu11 -g3 -DDEBUG -DUSE_HAL_DRIVER -DSTM32F407xx -c -I../Core/Inc -I"C:/Users/julio/Downloads/FreeRTOS_STM32F407/App_011_Example_4.8_Changing_Task_Priorities/Core/FreeRTOS" -I"C:/Users/julio/Downloads/FreeRTOS_STM32F407/App_011_Example_4.8_Changing_Task_Priorities/Core/FreeRTOS/Source/include" -I"C:/Users/julio/Downloads/FreeRTOS_STM32F407/App_011_Example_4.8_Changing_Task_Priorities/Core/FreeRTOS/Source/portable/GCC/ARM_CM4F" -I../Drivers/STM32F4xx_HAL_Driver/Inc -I../Drivers/STM32F4xx_HAL_Driver/Inc/Legacy -I../Drivers/CMSIS/Device/ST/STM32F4xx/Include -I../Drivers/CMSIS/Include -O0 -ffunction-sections -fdata-sections -Wall -fstack-usage -fcyclomatic-complexity -MMD -MP -MF"Drivers/STM32F4xx_HAL_Driver/Src/stm32f4xx_hal_flash.d" -MT"Drivers/STM32F4xx_HAL_Driver/Src/stm32f4xx_hal_flash.o" --specs=nano.specs -mfpu=fpv4-sp-d16 -mfloat-abi=hard -mthumb -o "Drivers/STM32F4xx_HAL_Driver/Src/stm32f4xx_hal_flash.o"
arm-none-eabi-gcc "../Drivers/STM32F4xx_HAL_Driver/Src/stm32f4xx_hal_flash_ex.c" -mcpu=cortex-m4 -std=gnu11 -g3 -DDEBUG -DUSE_HAL_DRIVER -DSTM32F407xx -c -I../Core/Inc -I"C:/Users/julio/Downloads/FreeRTOS_STM32F407/App_011_Example_4.8_Changing_Task_Priorities/Core/FreeRTOS" -I"C:/Users/julio/Downloads/FreeRTOS_STM32F407/App_011_Example_4.8_Changing_Task_Priorities/Core/FreeRTOS/Source/include" -I"C:/Users/julio/Downloads/FreeRTOS_STM32F407/App_011_Example_4.8_Changing_Task_Priorities/Core/FreeRTOS/Source/portable/GCC/ARM_CM4F" -I../Drivers/STM32F4xx_HAL_Driver/Inc -I../Drivers/STM32F4xx_HAL_Driver/Inc/Legacy -I../Drivers/CMSIS/Device/ST/STM32F4xx/Include -I../Drivers/CMSIS/Include -O0 -ffunction-sections -fdata-sections -Wall -fstack-usage -fcyclomatic-complexity -MMD -MP -MF"Drivers/STM32F4xx_HAL_Driver/Src/stm32f4xx_hal_flash_ex.d" -MT"Drivers/STM32F4xx_HAL_Driver/Src/stm32f4xx_hal_flash_ex.o" --specs=nano.specs -mfpu=fpv4-sp-d16 -mfloat-abi=hard -mthumb -o "Drivers/STM32F4xx_HAL_Driver/Src/stm32f4xx_hal_flash_ex.o"
arm-none-eabi-gcc "../Drivers/STM32F4xx_HAL_Driver/Src/stm32f4xx_hal_flash_ramfunc.c" -mcpu=cortex-m4 -std=gnu11 -g3 -DDEBUG -DUSE_HAL_DRIVER -DSTM32F407xx -c -I../Core/Inc -I"C:/Users/julio/Downloads/FreeRTOS_STM32F407/App_011_Example_4.8_Changing_Task_Priorities/Core/FreeRTOS" -I"C:/Users/julio/Downloads/FreeRTOS_STM32F407/App_011_Example_4.8_Changing_Task_Priorities/Core/FreeRTOS/Source/include" -I"C:/Users/julio/Downloads/FreeRTOS_STM32F407/App_011_Example_4.8_Changing_Task_Priorities/Core/FreeRTOS/Source/portable/GCC/ARM_CM4F" -I../Drivers/STM32F4xx_HAL_Driver/Inc -I../Drivers/STM32F4xx_HAL_Driver/Inc/Legacy -I../Drivers/CMSIS/Device/ST/STM32F4xx/Include -I../Drivers/CMSIS/Include -O0 -ffunction-sections -fdata-sections -Wall -fstack-usage -fcyclomatic-complexity -MMD -MP -MF"Drivers/STM32F4xx_HAL_Driver/Src/stm32f4xx_hal_flash_ramfunc.d" -MT"Drivers/STM32F4xx_HAL_Driver/Src/stm32f4xx_hal_flash_ramfunc.o" --specs=nano.specs -mfpu=fpv4-sp-d16 -mfloat-abi=hard -mthumb -o "Drivers/STM32F4xx_HAL_Driver/Src/stm32f4xx_hal_flash_ramfunc.o"
arm-none-eabi-gcc "../Drivers/STM32F4xx_HAL_Driver/Src/stm32f4xx_hal_gpio.c" -mcpu=cortex-m4 -std=gnu11 -g3 -DDEBUG -DUSE_HAL_DRIVER -DSTM32F407xx -c -I../Core/Inc -I"C:/Users/julio/Downloads/FreeRTOS_STM32F407/App_011_Example_4.8_Changing_Task_Priorities/Core/FreeRTOS" -I"C:/Users/julio/Downloads/FreeRTOS_STM32F407/App_011_Example_4.8_Changing_Task_Priorities/Core/FreeRTOS/Source/include" -I"C:/Users/julio/Downloads/FreeRTOS_STM32F407/App_011_Example_4.8_Changing_Task_Priorities/Core/FreeRTOS/Source/portable/GCC/ARM_CM4F" -I../Drivers/STM32F4xx_HAL_Driver/Inc -I../Drivers/STM32F4xx_HAL_Driver/Inc/Legacy -I../Drivers/CMSIS/Device/ST/STM32F4xx/Include -I../Drivers/CMSIS/Include -O0 -ffunction-sections -fdata-sections -Wall -fstack-usage -fcyclomatic-complexity -MMD -MP -MF"Drivers/STM32F4xx_HAL_Driver/Src/stm32f4xx_hal_gpio.d" -MT"Drivers/STM32F4xx_HAL_Driver/Src/stm32f4xx_hal_gpio.o" --specs=nano.specs -mfpu=fpv4-sp-d16 -mfloat-abi=hard -mthumb -o "Drivers/STM32F4xx_HAL_Driver/Src/stm32f4xx_hal_gpio.o"
arm-none-eabi-gcc "../Drivers/STM32F4xx_HAL_Driver/Src/stm32f4xx_hal_pwr.c" -mcpu=cortex-m4 -std=gnu11 -g3 -DDEBUG -DUSE_HAL_DRIVER -DSTM32F407xx -c -I../Core/Inc -I"C:/Users/julio/Downloads/FreeRTOS_STM32F407/App_011_Example_4.8_Changing_Task_Priorities/Core/FreeRTOS" -I"C:/Users/julio/Downloads/FreeRTOS_STM32F407/App_011_Example_4.8_Changing_Task_Priorities/Core/FreeRTOS/Source/include" -I"C:/Users/julio/Downloads/FreeRTOS_STM32F407/App_011_Example_4.8_Changing_Task_Priorities/Core/FreeRTOS/Source/portable/GCC/ARM_CM4F" -I../Drivers/STM32F4xx_HAL_Driver/Inc -I../Drivers/STM32F4xx_HAL_Driver/Inc/Legacy -I../Drivers/CMSIS/Device/ST/STM32F4xx/Include -I../Drivers/CMSIS/Include -O0 -ffunction-sections -fdata-sections -Wall -fstack-usage -fcyclomatic-complexity -MMD -MP -MF"Drivers/STM32F4xx_HAL_Driver/Src/stm32f4xx_hal_pwr.d" -MT"Drivers/STM32F4xx_HAL_Driver/Src/stm32f4xx_hal_pwr.o" --specs=nano.specs -mfpu=fpv4-sp-d16 -mfloat-abi=hard -mthumb -o "Drivers/STM32F4xx_HAL_Driver/Src/stm32f4xx_hal_pwr.o"
arm-none-eabi-gcc "../Drivers/STM32F4xx_HAL_Driver/Src/stm32f4xx_hal_pwr_ex.c" -mcpu=cortex-m4 -std=gnu11 -g3 -DDEBUG -DUSE_HAL_DRIVER -DSTM32F407xx -c -I../Core/Inc -I"C:/Users/julio/Downloads/FreeRTOS_STM32F407/App_011_Example_4.8_Changing_Task_Priorities/Core/FreeRTOS" -I"C:/Users/julio/Downloads/FreeRTOS_STM32F407/App_011_Example_4.8_Changing_Task_Priorities/Core/FreeRTOS/Source/include" -I"C:/Users/julio/Downloads/FreeRTOS_STM32F407/App_011_Example_4.8_Changing_Task_Priorities/Core/FreeRTOS/Source/portable/GCC/ARM_CM4F" -I../Drivers/STM32F4xx_HAL_Driver/Inc -I../Drivers/STM32F4xx_HAL_Driver/Inc/Legacy -I../Drivers/CMSIS/Device/ST/STM32F4xx/Include -I../Drivers/CMSIS/Include -O0 -ffunction-sections -fdata-sections -Wall -fstack-usage -fcyclomatic-complexity -MMD -MP -MF"Drivers/STM32F4xx_HAL_Driver/Src/stm32f4xx_hal_pwr_ex.d" -MT"Drivers/STM32F4xx_HAL_Driver/Src/stm32f4xx_hal_pwr_ex.o" --specs=nano.specs -mfpu=fpv4-sp-d16 -mfloat-abi=hard -mthumb -o "Drivers/STM32F4xx_HAL_Driver/Src/stm32f4xx_hal_pwr_ex.o"
arm-none-eabi-gcc "../Drivers/STM32F4xx_HAL_Driver/Src/stm32f4xx_hal_rcc.c" -mcpu=cortex-m4 -std=gnu11 -g3 -DDEBUG -DUSE_HAL_DRIVER -DSTM32F407xx -c -I../Core/Inc -I"C:/Users/julio/Downloads/FreeRTOS_STM32F407/App_011_Example_4.8_Changing_Task_Priorities/Core/FreeRTOS" -I"C:/Users/julio/Downloads/FreeRTOS_STM32F407/App_011_Example_4.8_Changing_Task_Priorities/Core/FreeRTOS/Source/include" -I"C:/Users/julio/Downloads/FreeRTOS_STM32F407/App_011_Example_4.8_Changing_Task_Priorities/Core/FreeRTOS/Source/portable/GCC/ARM_CM4F" -I../Drivers/STM32F4xx_HAL_Driver/Inc -I../Drivers/STM32F4xx_HAL_Driver/Inc/Legacy -I../Drivers/CMSIS/Device/ST/STM32F4xx/Include -I../Drivers/CMSIS/Include -O0 -ffunction-sections -fdata-sections -Wall -fstack-usage -fcyclomatic-complexity -MMD -MP -MF"Drivers/STM32F4xx_HAL_Driver/Src/stm32f4xx_hal_rcc.d" -MT"Drivers/STM32F4xx_HAL_Driver/Src/stm32f4xx_hal_rcc.o" --specs=nano.specs -mfpu=fpv4-sp-d16 -mfloat-abi=hard -mthumb -o "Drivers/STM32F4xx_HAL_Driver/Src/stm32f4xx_hal_rcc.o"
arm-none-eabi-gcc "../Drivers/STM32F4xx_HAL_Driver/Src/stm32f4xx_hal_rcc_ex.c" -mcpu=cortex-m4 -std=gnu11 -g3 -DDEBUG -DUSE_HAL_DRIVER -DSTM32F407xx -c -I../Core/Inc -I"C:/Users/julio/Downloads/FreeRTOS_STM32F407/App_011_Example_4.8_Changing_Task_Priorities/Core/FreeRTOS" -I"C:/Users/julio/Downloads/FreeRTOS_STM32F407/App_011_Example_4.8_Changing_Task_Priorities/Core/FreeRTOS/Source/include" -I"C:/Users/julio/Downloads/FreeRTOS_STM32F407/App_011_Example_4.8_Changing_Task_Priorities/Core/FreeRTOS/Source/portable/GCC/ARM_CM4F" -I../Drivers/STM32F4xx_HAL_Driver/Inc -I../Drivers/STM32F4xx_HAL_Driver/Inc/Legacy -I../Drivers/CMSIS/Device/ST/STM32F4xx/Include -I../Drivers/CMSIS/Include -O0 -ffunction-sections -fdata-sections -Wall -fstack-usage -fcyclomatic-complexity -MMD -MP -MF"Drivers/STM32F4xx_HAL_Driver/Src/stm32f4xx_hal_rcc_ex.d" -MT"Drivers/STM32F4xx_HAL_Driver/Src/stm32f4xx_hal_rcc_ex.o" --specs=nano.specs -mfpu=fpv4-sp-d16 -mfloat-abi=hard -mthumb -o "Drivers/STM32F4xx_HAL_Driver/Src/stm32f4xx_hal_rcc_ex.o"
arm-none-eabi-gcc "../Drivers/STM32F4xx_HAL_Driver/Src/stm32f4xx_hal_tim.c" -mcpu=cortex-m4 -std=gnu11 -g3 -DDEBUG -DUSE_HAL_DRIVER -DSTM32F407xx -c -I../Core/Inc -I"C:/Users/julio/Downloads/FreeRTOS_STM32F407/App_011_Example_4.8_Changing_Task_Priorities/Core/FreeRTOS" -I"C:/Users/julio/Downloads/FreeRTOS_STM32F407/App_011_Example_4.8_Changing_Task_Priorities/Core/FreeRTOS/Source/include" -I"C:/Users/julio/Downloads/FreeRTOS_STM32F407/App_011_Example_4.8_Changing_Task_Priorities/Core/FreeRTOS/Source/portable/GCC/ARM_CM4F" -I../Drivers/STM32F4xx_HAL_Driver/Inc -I../Drivers/STM32F4xx_HAL_Driver/Inc/Legacy -I../Drivers/CMSIS/Device/ST/STM32F4xx/Include -I../Drivers/CMSIS/Include -O0 -ffunction-sections -fdata-sections -Wall -fstack-usage -fcyclomatic-complexity -MMD -MP -MF"Drivers/STM32F4xx_HAL_Driver/Src/stm32f4xx_hal_tim.d" -MT"Drivers/STM32F4xx_HAL_Driver/Src/stm32f4xx_hal_tim.o" --specs=nano.specs -mfpu=fpv4-sp-d16 -mfloat-abi=hard -mthumb -o "Drivers/STM32F4xx_HAL_Driver/Src/stm32f4xx_hal_tim.o"
arm-none-eabi-gcc "../Drivers/STM32F4xx_HAL_Driver/Src/stm32f4xx_hal_tim_ex.c" -mcpu=cortex-m4 -std=gnu11 -g3 -DDEBUG -DUSE_HAL_DRIVER -DSTM32F407xx -c -I../Core/Inc -I"C:/Users/julio/Downloads/FreeRTOS_STM32F407/App_011_Example_4.8_Changing_Task_Priorities/Core/FreeRTOS" -I"C:/Users/julio/Downloads/FreeRTOS_STM32F407/App_011_Example_4.8_Changing_Task_Priorities/Core/FreeRTOS/Source/include" -I"C:/Users/julio/Downloads/FreeRTOS_STM32F407/App_011_Example_4.8_Changing_Task_Priorities/Core/FreeRTOS/Source/portable/GCC/ARM_CM4F" -I../Drivers/STM32F4xx_HAL_Driver/Inc -I../Drivers/STM32F4xx_HAL_Driver/Inc/Legacy -I../Drivers/CMSIS/Device/ST/STM32F4xx/Include -I../Drivers/CMSIS/Include -O0 -ffunction-sections -fdata-sections -Wall -fstack-usage -fcyclomatic-complexity -MMD -MP -MF"Drivers/STM32F4xx_HAL_Driver/Src/stm32f4xx_hal_tim_ex.d" -MT"Drivers/STM32F4xx_HAL_Driver/Src/stm32f4xx_hal_tim_ex.o" --specs=nano.specs -mfpu=fpv4-sp-d16 -mfloat-abi=hard -mthumb -o "Drivers/STM32F4xx_HAL_Driver/Src/stm32f4xx_hal_tim_ex.o"
arm-none-eabi-gcc "../Drivers/STM32F4xx_HAL_Driver/Src/stm32f4xx_hal_uart.c" -mcpu=cortex-m4 -std=gnu11 -g3 -DDEBUG -DUSE_HAL_DRIVER -DSTM32F407xx -c -I../Core/Inc -I"C:/Users/julio/Downloads/FreeRTOS_STM32F407/App_011_Example_4.8_Changing_Task_Priorities/Core/FreeRTOS" -I"C:/Users/julio/Downloads/FreeRTOS_STM32F407/App_011_Example_4.8_Changing_Task_Priorities/Core/FreeRTOS/Source/include" -I"C:/Users/julio/Downloads/FreeRTOS_STM32F407/App_011_Example_4.8_Changing_Task_Priorities/Core/FreeRTOS/Source/portable/GCC/ARM_CM4F" -I../Drivers/STM32F4xx_HAL_Driver/Inc -I../Drivers/STM32F4xx_HAL_Driver/Inc/Legacy -I../Drivers/CMSIS/Device/ST/STM32F4xx/Include -I../Drivers/CMSIS/Include -O0 -ffunction-sections -fdata-sections -Wall -fstack-usage -fcyclomatic-complexity -MMD -MP -MF"Drivers/STM32F4xx_HAL_Driver/Src/stm32f4xx_hal_uart.d" -MT"Drivers/STM32F4xx_HAL_Driver/Src/stm32f4xx_hal_uart.o" --specs=nano.specs -mfpu=fpv4-sp-d16 -mfloat-abi=hard -mthumb -o "Drivers/STM32F4xx_HAL_Driver/Src/stm32f4xx_hal_uart.o"
arm-none-eabi-gcc -mcpu=cortex-m4 -g3 -DDEBUG -c -x assembler-with-cpp -MMD -MP -MF"Core/Startup/startup_stm32f407vgtx.d" -MT"Core/Startup/startup_stm32f407vgtx.o" --specs=nano.specs -mfpu=fpv4-sp-d16 -mfloat-abi=hard -mthumb -o "Core/Startup/startup_stm32f407vgtx.o" "../Core/Startup/startup_stm32f407vgtx.s"
arm-none-eabi-gcc "../Core/Src/main.c" -mcpu=cortex-m4 -std=gnu11 -g3 -DDEBUG -DUSE_HAL_DRIVER -DSTM32F407xx -c -I../Core/Inc -I"C:/Users/julio/Downloads/FreeRTOS_STM32F407/App_011_Example_4.8_Changing_Task_Priorities/Core/FreeRTOS" -I"C:/Users/julio/Downloads/FreeRTOS_STM32F407/App_011_Example_4.8_Changing_Task_Priorities/Core/FreeRTOS/Source/include" -I"C:/Users/julio/Downloads/FreeRTOS_STM32F407/App_011_Example_4.8_Changing_Task_Priorities/Core/FreeRTOS/Source/portable/GCC/ARM_CM4F" -I../Drivers/STM32F4xx_HAL_Driver/Inc -I../Drivers/STM32F4xx_HAL_Driver/Inc/Legacy -I../Drivers/CMSIS/Device/ST/STM32F4xx/Include -I../Drivers/CMSIS/Include -O0 -ffunction-sections -fdata-sections -Wall -fstack-usage -fcyclomatic-complexity -MMD -MP -MF"Core/Src/main.d" -MT"Core/Src/main.o" --specs=nano.specs -mfpu=fpv4-sp-d16 -mfloat-abi=hard -mthumb -o "Core/Src/main.o"
arm-none-eabi-gcc "../Core/Src/stm32f4xx_hal_msp.c" -mcpu=cortex-m4 -std=gnu11 -g3 -DDEBUG -DUSE_HAL_DRIVER -DSTM32F407xx -c -I../Core/Inc -I"C:/Users/julio/Downloads/FreeRTOS_STM32F407/App_011_Example_4.8_Changing_Task_Priorities/Core/FreeRTOS" -I"C:/Users/julio/Downloads/FreeRTOS_STM32F407/App_011_Example_4.8_Changing_Task_Priorities/Core/FreeRTOS/Source/include" -I"C:/Users/julio/Downloads/FreeRTOS_STM32F407/App_011_Example_4.8_Changing_Task_Priorities/Core/FreeRTOS/Source/portable/GCC/ARM_CM4F" -I../Drivers/STM32F4xx_HAL_Driver/Inc -I../Drivers/STM32F4xx_HAL_Driver/Inc/Legacy -I../Drivers/CMSIS/Device/ST/STM32F4xx/Include -I../Drivers/CMSIS/Include -O0 -ffunction-sections -fdata-sections -Wall -fstack-usage -fcyclomatic-complexity -MMD -MP -MF"Core/Src/stm32f4xx_hal_msp.d" -MT"Core/Src/stm32f4xx_hal_msp.o" --specs=nano.specs -mfpu=fpv4-sp-d16 -mfloat-abi=hard -mthumb -o "Core/Src/stm32f4xx_hal_msp.o"
arm-none-eabi-gcc "../Core/Src/stm32f4xx_hal_timebase_tim.c" -mcpu=cortex-m4 -std=gnu11 -g3 -DDEBUG -DUSE_HAL_DRIVER -DSTM32F407xx -c -I../Core/Inc -I"C:/Users/julio/Downloads/FreeRTOS_STM32F407/App_011_Example_4.8_Changing_Task_Priorities/Core/FreeRTOS" -I"C:/Users/julio/Downloads/FreeRTOS_STM32F407/App_011_Example_4.8_Changing_Task_Priorities/Core/FreeRTOS/Source/include" -I"C:/Users/julio/Downloads/FreeRTOS_STM32F407/App_011_Example_4.8_Changing_Task_Priorities/Core/FreeRTOS/Source/portable/GCC/ARM_CM4F" -I../Drivers/STM32F4xx_HAL_Driver/Inc -I../Drivers/STM32F4xx_HAL_Driver/Inc/Legacy -I../Drivers/CMSIS/Device/ST/STM32F4xx/Include -I../Drivers/CMSIS/Include -O0 -ffunction-sections -fdata-sections -Wall -fstack-usage -fcyclomatic-complexity -MMD -MP -MF"Core/Src/stm32f4xx_hal_timebase_tim.d" -MT"Core/Src/stm32f4xx_hal_timebase_tim.o" --specs=nano.specs -mfpu=fpv4-sp-d16 -mfloat-abi=hard -mthumb -o "Core/Src/stm32f4xx_hal_timebase_tim.o"
arm-none-eabi-gcc "../Core/Src/stm32f4xx_it.c" -mcpu=cortex-m4 -std=gnu11 -g3 -DDEBUG -DUSE_HAL_DRIVER -DSTM32F407xx -c -I../Core/Inc -I"C:/Users/julio/Downloads/FreeRTOS_STM32F407/App_011_Example_4.8_Changing_Task_Priorities/Core/FreeRTOS" -I"C:/Users/julio/Downloads/FreeRTOS_STM32F407/App_011_Example_4.8_Changing_Task_Priorities/Core/FreeRTOS/Source/include" -I"C:/Users/julio/Downloads/FreeRTOS_STM32F407/App_011_Example_4.8_Changing_Task_Priorities/Core/FreeRTOS/Source/portable/GCC/ARM_CM4F" -I../Drivers/STM32F4xx_HAL_Driver/Inc -I../Drivers/STM32F4xx_HAL_Driver/Inc/Legacy -I../Drivers/CMSIS/Device/ST/STM32F4xx/Include -I../Drivers/CMSIS/Include -O0 -ffunction-sections -fdata-sections -Wall -fstack-usage -fcyclomatic-complexity -MMD -MP -MF"Core/Src/stm32f4xx_it.d" -MT"Core/Src/stm32f4xx_it.o" --specs=nano.specs -mfpu=fpv4-sp-d16 -mfloat-abi=hard -mthumb -o "Core/Src/stm32f4xx_it.o"
arm-none-eabi-gcc "../Core/Src/syscalls.c" -mcpu=cortex-m4 -std=gnu11 -g3 -DDEBUG -DUSE_HAL_DRIVER -DSTM32F407xx -c -I../Core/Inc -I"C:/Users/julio/Downloads/FreeRTOS_STM32F407/App_011_Example_4.8_Changing_Task_Priorities/Core/FreeRTOS" -I"C:/Users/julio/Downloads/FreeRTOS_STM32F407/App_011_Example_4.8_Changing_Task_Priorities/Core/FreeRTOS/Source/include" -I"C:/Users/julio/Downloads/FreeRTOS_STM32F407/App_011_Example_4.8_Changing_Task_Priorities/Core/FreeRTOS/Source/portable/GCC/ARM_CM4F" -I../Drivers/STM32F4xx_HAL_Driver/Inc -I../Drivers/STM32F4xx_HAL_Driver/Inc/Legacy -I../Drivers/CMSIS/Device/ST/STM32F4xx/Include -I../Drivers/CMSIS/Include -O0 -ffunction-sections -fdata-sections -Wall -fstack-usage -fcyclomatic-complexity -MMD -MP -MF"Core/Src/syscalls.d" -MT"Core/Src/syscalls.o" --specs=nano.specs -mfpu=fpv4-sp-d16 -mfloat-abi=hard -mthumb -o "Core/Src/syscalls.o"
arm-none-eabi-gcc "../Core/Src/sysmem.c" -mcpu=cortex-m4 -std=gnu11 -g3 -DDEBUG -DUSE_HAL_DRIVER -DSTM32F407xx -c -I../Core/Inc -I"C:/Users/julio/Downloads/FreeRTOS_STM32F407/App_011_Example_4.8_Changing_Task_Priorities/Core/FreeRTOS" -I"C:/Users/julio/Downloads/FreeRTOS_STM32F407/App_011_Example_4.8_Changing_Task_Priorities/Core/FreeRTOS/Source/include" -I"C:/Users/julio/Downloads/FreeRTOS_STM32F407/App_011_Example_4.8_Changing_Task_Priorities/Core/FreeRTOS/Source/portable/GCC/ARM_CM4F" -I../Drivers/STM32F4xx_HAL_Driver/Inc -I../Drivers/STM32F4xx_HAL_Driver/Inc/Legacy -I../Drivers/CMSIS/Device/ST/STM32F4xx/Include -I../Drivers/CMSIS/Include -O0 -ffunction-sections -fdata-sections -Wall -fstack-usage -fcyclomatic-complexity -MMD -MP -MF"Core/Src/sysmem.d" -MT"Core/Src/sysmem.o" --specs=nano.specs -mfpu=fpv4-sp-d16 -mfloat-abi=hard -mthumb -o "Core/Src/sysmem.o"
arm-none-eabi-gcc "../Core/Src/system_stm32f4xx.c" -mcpu=cortex-m4 -std=gnu11 -g3 -DDEBUG -DUSE_HAL_DRIVER -DSTM32F407xx -c -I../Core/Inc -I"C:/Users/julio/Downloads/FreeRTOS_STM32F407/App_011_Example_4.8_Changing_Task_Priorities/Core/FreeRTOS" -I"C:/Users/julio/Downloads/FreeRTOS_STM32F407/App_011_Example_4.8_Changing_Task_Priorities/Core/FreeRTOS/Source/include" -I"C:/Users/julio/Downloads/FreeRTOS_STM32F407/App_011_Example_4.8_Changing_Task_Priorities/Core/FreeRTOS/Source/portable/GCC/ARM_CM4F" -I../Drivers/STM32F4xx_HAL_Driver/Inc -I../Drivers/STM32F4xx_HAL_Driver/Inc/Legacy -I../Drivers/CMSIS/Device/ST/STM32F4xx/Include -I../Drivers/CMSIS/Include -O0 -ffunction-sections -fdata-sections -Wall -fstack-usage -fcyclomatic-complexity -MMD -MP -MF"Core/Src/system_stm32f4xx.d" -MT"Core/Src/system_stm32f4xx.o" --specs=nano.specs -mfpu=fpv4-sp-d16 -mfloat-abi=hard -mthumb -o "Core/Src/system_stm32f4xx.o"
arm-none-eabi-gcc "../Core/FreeRTOS/Source/portable/MemMang/heap_1.c" -mcpu=cortex-m4 -std=gnu11 -g3 -DDEBUG -DUSE_HAL_DRIVER -DSTM32F407xx -c -I../Core/Inc -I"C:/Users/julio/Downloads/FreeRTOS_STM32F407/App_011_Example_4.8_Changing_Task_Priorities/Core/FreeRTOS" -I"C:/Users/julio/Downloads/FreeRTOS_STM32F407/App_011_Example_4.8_Changing_Task_Priorities/Core/FreeRTOS/Source/include" -I"C:/Users/julio/Downloads/FreeRTOS_STM32F407/App_011_Example_4.8_Changing_Task_Priorities/Core/FreeRTOS/Source/portable/GCC/ARM_CM4F" -I../Drivers/STM32F4xx_HAL_Driver/Inc -I../Drivers/STM32F4xx_HAL_Driver/Inc/Legacy -I../Drivers/CMSIS/Device/ST/STM32F4xx/Include -I../Drivers/CMSIS/Include -O0 -ffunction-sections -fdata-sections -Wall -fstack-usage -fcyclomatic-complexity -MMD -MP -MF"Core/FreeRTOS/Source/portable/MemMang/heap_1.d" -MT"Core/FreeRTOS/Source/portable/MemMang/heap_1.o" --specs=nano.specs -mfpu=fpv4-sp-d16 -mfloat-abi=hard -mthumb -o "Core/FreeRTOS/Source/portable/MemMang/heap_1.o"
arm-none-eabi-gcc "../Core/FreeRTOS/Source/portable/GCC/ARM_CM4F/port.c" -mcpu=cortex-m4 -std=gnu11 -g3 -DDEBUG -DUSE_HAL_DRIVER -DSTM32F407xx -c -I../Core/Inc -I"C:/Users/julio/Downloads/FreeRTOS_STM32F407/App_011_Example_4.8_Changing_Task_Priorities/Core/FreeRTOS" -I"C:/Users/julio/Downloads/FreeRTOS_STM32F407/App_011_Example_4.8_Changing_Task_Priorities/Core/FreeRTOS/Source/include" -I"C:/Users/julio/Downloads/FreeRTOS_STM32F407/App_011_Example_4.8_Changing_Task_Priorities/Core/FreeRTOS/Source/portable/GCC/ARM_CM4F" -I../Drivers/STM32F4xx_HAL_Driver/Inc -I../Drivers/STM32F4xx_HAL_Driver/Inc/Legacy -I../Drivers/CMSIS/Device/ST/STM32F4xx/Include -I../Drivers/CMSIS/Include -O0 -ffunction-sections -fdata-sections -Wall -fstack-usage -fcyclomatic-complexity -MMD -MP -MF"Core/FreeRTOS/Source/portable/GCC/ARM_CM4F/port.d" -MT"Core/FreeRTOS/Source/portable/GCC/ARM_CM4F/port.o" --specs=nano.specs -mfpu=fpv4-sp-d16 -mfloat-abi=hard -mthumb -o "Core/FreeRTOS/Source/portable/GCC/ARM_CM4F/port.o"
arm-none-eabi-gcc "../Core/FreeRTOS/Source/croutine.c" -mcpu=cortex-m4 -std=gnu11 -g3 -DDEBUG -DUSE_HAL_DRIVER -DSTM32F407xx -c -I../Core/Inc -I"C:/Users/julio/Downloads/FreeRTOS_STM32F407/App_011_Example_4.8_Changing_Task_Priorities/Core/FreeRTOS" -I"C:/Users/julio/Downloads/FreeRTOS_STM32F407/App_011_Example_4.8_Changing_Task_Priorities/Core/FreeRTOS/Source/include" -I"C:/Users/julio/Downloads/FreeRTOS_STM32F407/App_011_Example_4.8_Changing_Task_Priorities/Core/FreeRTOS/Source/portable/GCC/ARM_CM4F" -I../Drivers/STM32F4xx_HAL_Driver/Inc -I../Drivers/STM32F4xx_HAL_Driver/Inc/Legacy -I../Drivers/CMSIS/Device/ST/STM32F4xx/Include -I../Drivers/CMSIS/Include -O0 -ffunction-sections -fdata-sections -Wall -fstack-usage -fcyclomatic-complexity -MMD -MP -MF"Core/FreeRTOS/Source/croutine.d" -MT"Core/FreeRTOS/Source/croutine.o" --specs=nano.specs -mfpu=fpv4-sp-d16 -mfloat-abi=hard -mthumb -o "Core/FreeRTOS/Source/croutine.o"
arm-none-eabi-gcc "../Core/FreeRTOS/Source/event_groups.c" -mcpu=cortex-m4 -std=gnu11 -g3 -DDEBUG -DUSE_HAL_DRIVER -DSTM32F407xx -c -I../Core/Inc -I"C:/Users/julio/Downloads/FreeRTOS_STM32F407/App_011_Example_4.8_Changing_Task_Priorities/Core/FreeRTOS" -I"C:/Users/julio/Downloads/FreeRTOS_STM32F407/App_011_Example_4.8_Changing_Task_Priorities/Core/FreeRTOS/Source/include" -I"C:/Users/julio/Downloads/FreeRTOS_STM32F407/App_011_Example_4.8_Changing_Task_Priorities/Core/FreeRTOS/Source/portable/GCC/ARM_CM4F" -I../Drivers/STM32F4xx_HAL_Driver/Inc -I../Drivers/STM32F4xx_HAL_Driver/Inc/Legacy -I../Drivers/CMSIS/Device/ST/STM32F4xx/Include -I../Drivers/CMSIS/Include -O0 -ffunction-sections -fdata-sections -Wall -fstack-usage -fcyclomatic-complexity -MMD -MP -MF"Core/FreeRTOS/Source/event_groups.d" -MT"Core/FreeRTOS/Source/event_groups.o" --specs=nano.specs -mfpu=fpv4-sp-d16 -mfloat-abi=hard -mthumb -o "Core/FreeRTOS/Source/event_groups.o"
arm-none-eabi-gcc "../Core/FreeRTOS/Source/list.c" -mcpu=cortex-m4 -std=gnu11 -g3 -DDEBUG -DUSE_HAL_DRIVER -DSTM32F407xx -c -I../Core/Inc -I"C:/Users/julio/Downloads/FreeRTOS_STM32F407/App_011_Example_4.8_Changing_Task_Priorities/Core/FreeRTOS" -I"C:/Users/julio/Downloads/FreeRTOS_STM32F407/App_011_Example_4.8_Changing_Task_Priorities/Core/FreeRTOS/Source/include" -I"C:/Users/julio/Downloads/FreeRTOS_STM32F407/App_011_Example_4.8_Changing_Task_Priorities/Core/FreeRTOS/Source/portable/GCC/ARM_CM4F" -I../Drivers/STM32F4xx_HAL_Driver/Inc -I../Drivers/STM32F4xx_HAL_Driver/Inc/Legacy -I../Drivers/CMSIS/Device/ST/STM32F4xx/Include -I../Drivers/CMSIS/Include -O0 -ffunction-sections -fdata-sections -Wall -fstack-usage -fcyclomatic-complexity -MMD -MP -MF"Core/FreeRTOS/Source/list.d" -MT"Core/FreeRTOS/Source/list.o" --specs=nano.specs -mfpu=fpv4-sp-d16 -mfloat-abi=hard -mthumb -o "Core/FreeRTOS/Source/list.o"
arm-none-eabi-gcc "../Core/FreeRTOS/Source/queue.c" -mcpu=cortex-m4 -std=gnu11 -g3 -DDEBUG -DUSE_HAL_DRIVER -DSTM32F407xx -c -I../Core/Inc -I"C:/Users/julio/Downloads/FreeRTOS_STM32F407/App_011_Example_4.8_Changing_Task_Priorities/Core/FreeRTOS" -I"C:/Users/julio/Downloads/FreeRTOS_STM32F407/App_011_Example_4.8_Changing_Task_Priorities/Core/FreeRTOS/Source/include" -I"C:/Users/julio/Downloads/FreeRTOS_STM32F407/App_011_Example_4.8_Changing_Task_Priorities/Core/FreeRTOS/Source/portable/GCC/ARM_CM4F" -I../Drivers/STM32F4xx_HAL_Driver/Inc -I../Drivers/STM32F4xx_HAL_Driver/Inc/Legacy -I../Drivers/CMSIS/Device/ST/STM32F4xx/Include -I../Drivers/CMSIS/Include -O0 -ffunction-sections -fdata-sections -Wall -fstack-usage -fcyclomatic-complexity -MMD -MP -MF"Core/FreeRTOS/Source/queue.d" -MT"Core/FreeRTOS/Source/queue.o" --specs=nano.specs -mfpu=fpv4-sp-d16 -mfloat-abi=hard -mthumb -o "Core/FreeRTOS/Source/queue.o"
arm-none-eabi-gcc "../Core/FreeRTOS/Source/stream_buffer.c" -mcpu=cortex-m4 -std=gnu11 -g3 -DDEBUG -DUSE_HAL_DRIVER -DSTM32F407xx -c -I../Core/Inc -I"C:/Users/julio/Downloads/FreeRTOS_STM32F407/App_011_Example_4.8_Changing_Task_Priorities/Core/FreeRTOS" -I"C:/Users/julio/Downloads/FreeRTOS_STM32F407/App_011_Example_4.8_Changing_Task_Priorities/Core/FreeRTOS/Source/include" -I"C:/Users/julio/Downloads/FreeRTOS_STM32F407/App_011_Example_4.8_Changing_Task_Priorities/Core/FreeRTOS/Source/portable/GCC/ARM_CM4F" -I../Drivers/STM32F4xx_HAL_Driver/Inc -I../Drivers/STM32F4xx_HAL_Driver/Inc/Legacy -I../Drivers/CMSIS/Device/ST/STM32F4xx/Include -I../Drivers/CMSIS/Include -O0 -ffunction-sections -fdata-sections -Wall -fstack-usage -fcyclomatic-complexity -MMD -MP -MF"Core/FreeRTOS/Source/stream_buffer.d" -MT"Core/FreeRTOS/Source/stream_buffer.o" --specs=nano.specs -mfpu=fpv4-sp-d16 -mfloat-abi=hard -mthumb -o "Core/FreeRTOS/Source/stream_buffer.o"
arm-none-eabi-gcc "../Core/FreeRTOS/Source/tasks.c" -mcpu=cortex-m4 -std=gnu11 -g3 -DDEBUG -DUSE_HAL_DRIVER -DSTM32F407xx -c -I../Core/Inc -I"C:/Users/julio/Downloads/FreeRTOS_STM32F407/App_011_Example_4.8_Changing_Task_Priorities/Core/FreeRTOS" -I"C:/Users/julio/Downloads/FreeRTOS_STM32F407/App_011_Example_4.8_Changing_Task_Priorities/Core/FreeRTOS/Source/include" -I"C:/Users/julio/Downloads/FreeRTOS_STM32F407/App_011_Example_4.8_Changing_Task_Priorities/Core/FreeRTOS/Source/portable/GCC/ARM_CM4F" -I../Drivers/STM32F4xx_HAL_Driver/Inc -I../Drivers/STM32F4xx_HAL_Driver/Inc/Legacy -I../Drivers/CMSIS/Device/ST/STM32F4xx/Include -I../Drivers/CMSIS/Include -O0 -ffunction-sections -fdata-sections -Wall -fstack-usage -fcyclomatic-complexity -MMD -MP -MF"Core/FreeRTOS/Source/tasks.d" -MT"Core/FreeRTOS/Source/tasks.o" --specs=nano.specs -mfpu=fpv4-sp-d16 -mfloat-abi=hard -mthumb -o "Core/FreeRTOS/Source/tasks.o"
arm-none-eabi-gcc "../Core/FreeRTOS/Source/timers.c" -mcpu=cortex-m4 -std=gnu11 -g3 -DDEBUG -DUSE_HAL_DRIVER -DSTM32F407xx -c -I../Core/Inc -I"C:/Users/julio/Downloads/FreeRTOS_STM32F407/App_011_Example_4.8_Changing_Task_Priorities/Core/FreeRTOS" -I"C:/Users/julio/Downloads/FreeRTOS_STM32F407/App_011_Example_4.8_Changing_Task_Priorities/Core/FreeRTOS/Source/include" -I"C:/Users/julio/Downloads/FreeRTOS_STM32F407/App_011_Example_4.8_Changing_Task_Priorities/Core/FreeRTOS/Source/portable/GCC/ARM_CM4F" -I../Drivers/STM32F4xx_HAL_Driver/Inc -I../Drivers/STM32F4xx_HAL_Driver/Inc/Legacy -I../Drivers/CMSIS/Device/ST/STM32F4xx/Include -I../Drivers/CMSIS/Include -O0 -ffunction-sections -fdata-sections -Wall -fstack-usage -fcyclomatic-complexity -MMD -MP -MF"Core/FreeRTOS/Source/timers.d" -MT"Core/FreeRTOS/Source/timers.o" --specs=nano.specs -mfpu=fpv4-sp-d16 -mfloat-abi=hard -mthumb -o "Core/FreeRTOS/Source/timers.o"
arm-none-eabi-gcc -o "App_011_Example_4.8_Changing_Task_Priorities.elf" @"objects.list"   -mcpu=cortex-m4 -T"C:\Users\julio\Downloads\FreeRTOS_STM32F407\App_011_Example_4.8_Changing_Task_Priorities\STM32F407VGTX_FLASH.ld" --specs=nosys.specs -Wl,-Map="App_011_Example_4.8_Changing_Task_Priorities.map" -Wl,--gc-sections -static --specs=nano.specs -mfpu=fpv4-sp-d16 -mfloat-abi=hard -mthumb -Wl,--start-group -lc -lm -Wl,--end-group
Finished building target: App_011_Example_4.8_Changing_Task_Priorities.elf
 
arm-none-eabi-size  App_011_Example_4.8_Changing_Task_Priorities.elf 
arm-none-eabi-objdump -h -S App_011_Example_4.8_Changing_Task_Priorities.elf  > "App_011_Example_4.8_Changing_Task_Priorities.list"
   text	   data	    bss	    dec	    hex	filename
  19532	     20	  78916	  98468	  180a4	App_011_Example_4.8_Changing_Task_Priorities.elf
Finished building: default.size.stdout
 
Finished building: App_011_Example_4.8_Changing_Task_Priorities.list
 

16:13:47 Build Finished. 0 errors, 502 warnings. (took 14s.755ms)

