10:16:14 **** Incremental Build of configuration Debug for project App_021_Example_7.1_Binary_Semaphore_Synch_Task_With_Interrupt ****
make -j8 all 
arm-none-eabi-gcc "../Core/Src/stm32f4xx_hal_msp.c" -mcpu=cortex-m4 -std=gnu11 -g3 -DDEBUG -DUSE_HAL_DRIVER -DSTM32F407xx -c -I"C:/Users/julio/Downloads/STM32F407_FreeRTOS/App_021_Example_7.1_Binary_Semaphore_Synch_Task_With_Interrupt/ThirdParty/FreeRTOS/Source/include" -I"C:/Users/julio/Downloads/STM32F407_FreeRTOS/App_021_Example_7.1_Binary_Semaphore_Synch_Task_With_Interrupt/ThirdParty/FreeRTOS" -I"C:/Users/julio/Downloads/STM32F407_FreeRTOS/App_021_Example_7.1_Binary_Semaphore_Synch_Task_With_Interrupt/ThirdParty/FreeRTOS/Source/portable/GCC/ARM_CM4F" -I"C:/Users/julio/Downloads/STM32F407_FreeRTOS/App_021_Example_7.1_Binary_Semaphore_Synch_Task_With_Interrupt/ThirdParty/SystemView_Src_V354/Config" -I"C:/Users/julio/Downloads/STM32F407_FreeRTOS/App_021_Example_7.1_Binary_Semaphore_Synch_Task_With_Interrupt/ThirdParty/SystemView_Src_V354/Sample" -I"C:/Users/julio/Downloads/STM32F407_FreeRTOS/App_021_Example_7.1_Binary_Semaphore_Synch_Task_With_Interrupt/ThirdParty/SystemView_Src_V354/SEGGER" -I../Core/Inc -I../Drivers/STM32F4xx_HAL_Driver/Inc -I../Drivers/STM32F4xx_HAL_Driver/Inc/Legacy -I../Drivers/CMSIS/Device/ST/STM32F4xx/Include -I../Drivers/CMSIS/Include -O0 -ffunction-sections -fdata-sections -Wall -fstack-usage -fcyclomatic-complexity -MMD -MP -MF"Core/Src/stm32f4xx_hal_msp.d" -MT"Core/Src/stm32f4xx_hal_msp.o" --specs=nano.specs -mfpu=fpv4-sp-d16 -mfloat-abi=hard -mthumb -o "Core/Src/stm32f4xx_hal_msp.o"
arm-none-eabi-gcc -o "App_021_Example_7.1_Binary_Semaphore_Synch_Task_With_Interrupt.elf" @"objects.list"   -mcpu=cortex-m4 -T"C:\Users\julio\Downloads\STM32F407_FreeRTOS\App_021_Example_7.1_Binary_Semaphore_Synch_Task_With_Interrupt\STM32F407VGTX_FLASH.ld" --specs=nosys.specs -Wl,-Map="App_021_Example_7.1_Binary_Semaphore_Synch_Task_With_Interrupt.map" -Wl,--gc-sections -static --specs=nano.specs -mfpu=fpv4-sp-d16 -mfloat-abi=hard -mthumb -Wl,--start-group -lc -lm -Wl,--end-group
Finished building target: App_021_Example_7.1_Binary_Semaphore_Synch_Task_With_Interrupt.elf
 
arm-none-eabi-size  App_021_Example_7.1_Binary_Semaphore_Synch_Task_With_Interrupt.elf 
arm-none-eabi-objdump -h -S App_021_Example_7.1_Binary_Semaphore_Synch_Task_With_Interrupt.elf  > "App_021_Example_7.1_Binary_Semaphore_Synch_Task_With_Interrupt.list"
   text	   data	    bss	    dec	    hex	filename
  30680	     20	 106268	 136968	  21708	App_021_Example_7.1_Binary_Semaphore_Synch_Task_With_Interrupt.elf
Finished building: default.size.stdout
 
Finished building: App_021_Example_7.1_Binary_Semaphore_Synch_Task_With_Interrupt.list
 

10:16:16 Build Finished. 0 errors, 0 warnings. (took 2s.526ms)

