14:32:28 **** Incremental Build of configuration Debug for project App_014_Example_5.2_Block_When_Send_Queue_and_Send_Struct_Queue ****
make -j8 all 
arm-none-eabi-gcc "../Core/Src/main.c" -mcpu=cortex-m4 -std=gnu11 -g3 -DDEBUG -DUSE_HAL_DRIVER -DSTM32F407xx -c -I../Core/Inc -I"C:/Users/julio/Downloads/FreeRTOS_STM32F407/App_014_Example_5.2_Block_When_Send_Queue_and_Send_Struct_Queue/Core/FreeRTOS" -I"C:/Users/julio/Downloads/FreeRTOS_STM32F407/App_014_Example_5.2_Block_When_Send_Queue_and_Send_Struct_Queue/Core/FreeRTOS/Source/include" -I"C:/Users/julio/Downloads/FreeRTOS_STM32F407/App_014_Example_5.2_Block_When_Send_Queue_and_Send_Struct_Queue/Core/FreeRTOS/Source/portable/GCC/ARM_CM4F" -I../Drivers/STM32F4xx_HAL_Driver/Inc -I../Drivers/STM32F4xx_HAL_Driver/Inc/Legacy -I../Drivers/CMSIS/Device/ST/STM32F4xx/Include -I../Drivers/CMSIS/Include -O0 -ffunction-sections -fdata-sections -Wall -fstack-usage -fcyclomatic-complexity -MMD -MP -MF"Core/Src/main.d" -MT"Core/Src/main.o" --specs=nano.specs -mfpu=fpv4-sp-d16 -mfloat-abi=hard -mthumb -o "Core/Src/main.o"
arm-none-eabi-gcc -o "App_014_Example_5.2_Block_When_Send_Queue_and_Send_Struct_Queue.elf" @"objects.list"   -mcpu=cortex-m4 -T"C:\Users\julio\Downloads\FreeRTOS_STM32F407\App_014_Example_5.2_Block_When_Send_Queue_and_Send_Struct_Queue\STM32F407VGTX_FLASH.ld" --specs=nosys.specs -Wl,-Map="App_014_Example_5.2_Block_When_Send_Queue_and_Send_Struct_Queue.map" -Wl,--gc-sections -static --specs=nano.specs -mfpu=fpv4-sp-d16 -mfloat-abi=hard -mthumb -Wl,--start-group -lc -lm -Wl,--end-group
Finished building target: App_014_Example_5.2_Block_When_Send_Queue_and_Send_Struct_Queue.elf
 
arm-none-eabi-size  App_014_Example_5.2_Block_When_Send_Queue_and_Send_Struct_Queue.elf 
arm-none-eabi-objdump -h -S App_014_Example_5.2_Block_When_Send_Queue_and_Send_Struct_Queue.elf  > "App_014_Example_5.2_Block_When_Send_Queue_and_Send_Struct_Queue.list"
   text	   data	    bss	    dec	    hex	filename
  24016	    100	  79292	 103408	  193f0	App_014_Example_5.2_Block_When_Send_Queue_and_Send_Struct_Queue.elf
Finished building: default.size.stdout
 
Finished building: App_014_Example_5.2_Block_When_Send_Queue_and_Send_Struct_Queue.list
 

14:32:30 Build Finished. 0 errors, 0 warnings. (took 1s.721ms)

