10:30:35 **** Incremental Build of configuration Debug for project App_007_Example_4.4_Blocked_State_To_Delay ****
make -j8 all 
arm-none-eabi-gcc "../ThirdParty/SystemView_Src_V354/Config/SEGGER_SYSVIEW_Config_FreeRTOS.c" -mcpu=cortex-m4 -std=gnu11 -g3 -DDEBUG -DUSE_HAL_DRIVER -DSTM32F407xx -c -I../Core/Inc -I"C:/Users/julio/Downloads/STM32F407_FreeRTOS/App_007_Example_4.4_Blocked_State_To_Delay/ThirdParty/SystemView_Src_V354/Config" -I"C:/Users/julio/Downloads/STM32F407_FreeRTOS/App_007_Example_4.4_Blocked_State_To_Delay/ThirdParty/SystemView_Src_V354/Sample" -I"C:/Users/julio/Downloads/STM32F407_FreeRTOS/App_007_Example_4.4_Blocked_State_To_Delay/ThirdParty/SystemView_Src_V354/SEGGER" -I"C:/Users/julio/Downloads/STM32F407_FreeRTOS/App_007_Example_4.4_Blocked_State_To_Delay/ThirdParty/FreeRTOS/Source/portable/GCC/ARM_CM4F" -I"C:/Users/julio/Downloads/STM32F407_FreeRTOS/App_007_Example_4.4_Blocked_State_To_Delay/ThirdParty/FreeRTOS" -I"C:/Users/julio/Downloads/STM32F407_FreeRTOS/App_007_Example_4.4_Blocked_State_To_Delay/ThirdParty/FreeRTOS/Source/include" -I../Drivers/STM32F4xx_HAL_Driver/Inc -I../Drivers/STM32F4xx_HAL_Driver/Inc/Legacy -I../Drivers/CMSIS/Device/ST/STM32F4xx/Include -I../Drivers/CMSIS/Include -O0 -ffunction-sections -fdata-sections -Wall -fstack-usage -fcyclomatic-complexity -MMD -MP -MF"ThirdParty/SystemView_Src_V354/Config/SEGGER_SYSVIEW_Config_FreeRTOS.d" -MT"ThirdParty/SystemView_Src_V354/Config/SEGGER_SYSVIEW_Config_FreeRTOS.o" --specs=nano.specs -mfpu=fpv4-sp-d16 -mfloat-abi=hard -mthumb -o "ThirdParty/SystemView_Src_V354/Config/SEGGER_SYSVIEW_Config_FreeRTOS.o"
arm-none-eabi-gcc "../Core/Src/main.c" -mcpu=cortex-m4 -std=gnu11 -g3 -DDEBUG -DUSE_HAL_DRIVER -DSTM32F407xx -c -I../Core/Inc -I"C:/Users/julio/Downloads/STM32F407_FreeRTOS/App_007_Example_4.4_Blocked_State_To_Delay/ThirdParty/SystemView_Src_V354/Config" -I"C:/Users/julio/Downloads/STM32F407_FreeRTOS/App_007_Example_4.4_Blocked_State_To_Delay/ThirdParty/SystemView_Src_V354/Sample" -I"C:/Users/julio/Downloads/STM32F407_FreeRTOS/App_007_Example_4.4_Blocked_State_To_Delay/ThirdParty/SystemView_Src_V354/SEGGER" -I"C:/Users/julio/Downloads/STM32F407_FreeRTOS/App_007_Example_4.4_Blocked_State_To_Delay/ThirdParty/FreeRTOS/Source/portable/GCC/ARM_CM4F" -I"C:/Users/julio/Downloads/STM32F407_FreeRTOS/App_007_Example_4.4_Blocked_State_To_Delay/ThirdParty/FreeRTOS" -I"C:/Users/julio/Downloads/STM32F407_FreeRTOS/App_007_Example_4.4_Blocked_State_To_Delay/ThirdParty/FreeRTOS/Source/include" -I../Drivers/STM32F4xx_HAL_Driver/Inc -I../Drivers/STM32F4xx_HAL_Driver/Inc/Legacy -I../Drivers/CMSIS/Device/ST/STM32F4xx/Include -I../Drivers/CMSIS/Include -O0 -ffunction-sections -fdata-sections -Wall -fstack-usage -fcyclomatic-complexity -MMD -MP -MF"Core/Src/main.d" -MT"Core/Src/main.o" --specs=nano.specs -mfpu=fpv4-sp-d16 -mfloat-abi=hard -mthumb -o "Core/Src/main.o"
arm-none-eabi-gcc "../Core/Src/stm32f4xx_hal_msp.c" -mcpu=cortex-m4 -std=gnu11 -g3 -DDEBUG -DUSE_HAL_DRIVER -DSTM32F407xx -c -I../Core/Inc -I"C:/Users/julio/Downloads/STM32F407_FreeRTOS/App_007_Example_4.4_Blocked_State_To_Delay/ThirdParty/SystemView_Src_V354/Config" -I"C:/Users/julio/Downloads/STM32F407_FreeRTOS/App_007_Example_4.4_Blocked_State_To_Delay/ThirdParty/SystemView_Src_V354/Sample" -I"C:/Users/julio/Downloads/STM32F407_FreeRTOS/App_007_Example_4.4_Blocked_State_To_Delay/ThirdParty/SystemView_Src_V354/SEGGER" -I"C:/Users/julio/Downloads/STM32F407_FreeRTOS/App_007_Example_4.4_Blocked_State_To_Delay/ThirdParty/FreeRTOS/Source/portable/GCC/ARM_CM4F" -I"C:/Users/julio/Downloads/STM32F407_FreeRTOS/App_007_Example_4.4_Blocked_State_To_Delay/ThirdParty/FreeRTOS" -I"C:/Users/julio/Downloads/STM32F407_FreeRTOS/App_007_Example_4.4_Blocked_State_To_Delay/ThirdParty/FreeRTOS/Source/include" -I../Drivers/STM32F4xx_HAL_Driver/Inc -I../Drivers/STM32F4xx_HAL_Driver/Inc/Legacy -I../Drivers/CMSIS/Device/ST/STM32F4xx/Include -I../Drivers/CMSIS/Include -O0 -ffunction-sections -fdata-sections -Wall -fstack-usage -fcyclomatic-complexity -MMD -MP -MF"Core/Src/stm32f4xx_hal_msp.d" -MT"Core/Src/stm32f4xx_hal_msp.o" --specs=nano.specs -mfpu=fpv4-sp-d16 -mfloat-abi=hard -mthumb -o "Core/Src/stm32f4xx_hal_msp.o"
arm-none-eabi-gcc -o "App_007_Example_4.4_Blocked_State_To_Delay.elf" @"objects.list"   -mcpu=cortex-m4 -T"C:\Users\julio\Downloads\STM32F407_FreeRTOS\App_007_Example_4.4_Blocked_State_To_Delay\STM32F407VGTX_FLASH.ld" --specs=nosys.specs -Wl,-Map="App_007_Example_4.4_Blocked_State_To_Delay.map" -Wl,--gc-sections -static --specs=nano.specs -mfpu=fpv4-sp-d16 -mfloat-abi=hard -mthumb -Wl,--start-group -lc -lm -Wl,--end-group
Finished building target: App_007_Example_4.4_Blocked_State_To_Delay.elf
 
arm-none-eabi-size  App_007_Example_4.4_Blocked_State_To_Delay.elf 
arm-none-eabi-objdump -h -S App_007_Example_4.4_Blocked_State_To_Delay.elf  > "App_007_Example_4.4_Blocked_State_To_Delay.list"
   text	   data	    bss	    dec	    hex	filename
  26556	     28	 106172	 132756	  20694	App_007_Example_4.4_Blocked_State_To_Delay.elf
Finished building: default.size.stdout
 
Finished building: App_007_Example_4.4_Blocked_State_To_Delay.list
 

10:30:36 Build Finished. 0 errors, 0 warnings. (took 1s.165ms)

