12:53:37 **** Incremental Build of configuration Debug for project App_010_Example_4.7_Defining_Idle_Task_Hook_Function ****
make -j8 all 
arm-none-eabi-gcc "../Core/Src/main.c" -mcpu=cortex-m4 -std=gnu11 -g3 -DDEBUG -DUSE_HAL_DRIVER -DSTM32F407xx -c -I../Core/Inc -I"C:/Users/julio/Downloads/FreeRTOS_STM32F407/App_010_Example_4.7_Defining_Idle_Task_Hook_Function/Core/FreeRTOS" -I"C:/Users/julio/Downloads/FreeRTOS_STM32F407/App_010_Example_4.7_Defining_Idle_Task_Hook_Function/Core/FreeRTOS/Source/include" -I"C:/Users/julio/Downloads/FreeRTOS_STM32F407/App_010_Example_4.7_Defining_Idle_Task_Hook_Function/Core/FreeRTOS/Source/portable/GCC/ARM_CM4F" -I../Drivers/STM32F4xx_HAL_Driver/Inc -I../Drivers/STM32F4xx_HAL_Driver/Inc/Legacy -I../Drivers/CMSIS/Device/ST/STM32F4xx/Include -I../Drivers/CMSIS/Include -O0 -ffunction-sections -fdata-sections -Wall -fstack-usage -fcyclomatic-complexity -MMD -MP -MF"Core/Src/main.d" -MT"Core/Src/main.o" --specs=nano.specs -mfpu=fpv4-sp-d16 -mfloat-abi=hard -mthumb -o "Core/Src/main.o"
arm-none-eabi-gcc -o "App_010_Example_4.7_Defining_Idle_Task_Hook_Function.elf" @"objects.list"   -mcpu=cortex-m4 -T"C:\Users\julio\Downloads\FreeRTOS_STM32F407\App_010_Example_4.7_Defining_Idle_Task_Hook_Function\STM32F407VGTX_FLASH.ld" --specs=nosys.specs -Wl,-Map="App_010_Example_4.7_Defining_Idle_Task_Hook_Function.map" -Wl,--gc-sections -static --specs=nano.specs -mfpu=fpv4-sp-d16 -mfloat-abi=hard -mthumb -Wl,--start-group -lc -lm -Wl,--end-group
Finished building target: App_010_Example_4.7_Defining_Idle_Task_Hook_Function.elf
 
arm-none-eabi-size  App_010_Example_4.7_Defining_Idle_Task_Hook_Function.elf 
arm-none-eabi-objdump -h -S App_010_Example_4.7_Defining_Idle_Task_Hook_Function.elf  > "App_010_Example_4.7_Defining_Idle_Task_Hook_Function.list"
   text	   data	    bss	    dec	    hex	filename
  21660	    108	  79284	 101052	  18abc	App_010_Example_4.7_Defining_Idle_Task_Hook_Function.elf
Finished building: default.size.stdout
 
Finished building: App_010_Example_4.7_Defining_Idle_Task_Hook_Function.list
 

12:53:39 Build Finished. 0 errors, 0 warnings. (took 1s.973ms)

