12:42:09 **** Build of configuration Debug for project App_028_Example_9.2_Synchronizing_Tasks_with_Event_Group ****
make -j8 all 
arm-none-eabi-gcc "../ThirdParty/SystemView_Src_V354/Sample/SEGGER_SYSVIEW_FreeRTOS.c" -mcpu=cortex-m4 -std=gnu11 -g3 -DDEBUG -DUSE_HAL_DRIVER -DSTM32F407xx -c -I"C:/Users/julio/Downloads/STM32F407_FreeRTOS/App_028_Example_9.2_Synchronizing_Tasks_with_Event_Group/ThirdParty/FreeRTOS/Source/include" -I"C:/Users/julio/Downloads/STM32F407_FreeRTOS/App_028_Example_9.2_Synchronizing_Tasks_with_Event_Group/ThirdParty/FreeRTOS" -I"C:/Users/julio/Downloads/STM32F407_FreeRTOS/App_028_Example_9.2_Synchronizing_Tasks_with_Event_Group/ThirdParty/FreeRTOS/Source/portable/GCC/ARM_CM4F" -I"C:/Users/julio/Downloads/STM32F407_FreeRTOS/App_028_Example_9.2_Synchronizing_Tasks_with_Event_Group/ThirdParty/SystemView_Src_V354/Config" -I"C:/Users/julio/Downloads/STM32F407_FreeRTOS/App_028_Example_9.2_Synchronizing_Tasks_with_Event_Group/ThirdParty/SystemView_Src_V354/Sample" -I"C:/Users/julio/Downloads/STM32F407_FreeRTOS/App_028_Example_9.2_Synchronizing_Tasks_with_Event_Group/ThirdParty/SystemView_Src_V354/SEGGER" -I../Core/Inc -I../Drivers/STM32F4xx_HAL_Driver/Inc -I../Drivers/STM32F4xx_HAL_Driver/Inc/Legacy -I../Drivers/CMSIS/Device/ST/STM32F4xx/Include -I../Drivers/CMSIS/Include -O0 -ffunction-sections -fdata-sections -Wall -fstack-usage -fcyclomatic-complexity -MMD -MP -MF"ThirdParty/SystemView_Src_V354/Sample/SEGGER_SYSVIEW_FreeRTOS.d" -MT"ThirdParty/SystemView_Src_V354/Sample/SEGGER_SYSVIEW_FreeRTOS.o" --specs=nano.specs -mfpu=fpv4-sp-d16 -mfloat-abi=hard -mthumb -o "ThirdParty/SystemView_Src_V354/Sample/SEGGER_SYSVIEW_FreeRTOS.o"
arm-none-eabi-gcc "../ThirdParty/SystemView_Src_V354/SEGGER/Syscalls/SEGGER_RTT_Syscalls_GCC.c" -mcpu=cortex-m4 -std=gnu11 -g3 -DDEBUG -DUSE_HAL_DRIVER -DSTM32F407xx -c -I"C:/Users/julio/Downloads/STM32F407_FreeRTOS/App_028_Example_9.2_Synchronizing_Tasks_with_Event_Group/ThirdParty/FreeRTOS/Source/include" -I"C:/Users/julio/Downloads/STM32F407_FreeRTOS/App_028_Example_9.2_Synchronizing_Tasks_with_Event_Group/ThirdParty/FreeRTOS" -I"C:/Users/julio/Downloads/STM32F407_FreeRTOS/App_028_Example_9.2_Synchronizing_Tasks_with_Event_Group/ThirdParty/FreeRTOS/Source/portable/GCC/ARM_CM4F" -I"C:/Users/julio/Downloads/STM32F407_FreeRTOS/App_028_Example_9.2_Synchronizing_Tasks_with_Event_Group/ThirdParty/SystemView_Src_V354/Config" -I"C:/Users/julio/Downloads/STM32F407_FreeRTOS/App_028_Example_9.2_Synchronizing_Tasks_with_Event_Group/ThirdParty/SystemView_Src_V354/Sample" -I"C:/Users/julio/Downloads/STM32F407_FreeRTOS/App_028_Example_9.2_Synchronizing_Tasks_with_Event_Group/ThirdParty/SystemView_Src_V354/SEGGER" -I../Core/Inc -I../Drivers/STM32F4xx_HAL_Driver/Inc -I../Drivers/STM32F4xx_HAL_Driver/Inc/Legacy -I../Drivers/CMSIS/Device/ST/STM32F4xx/Include -I../Drivers/CMSIS/Include -O0 -ffunction-sections -fdata-sections -Wall -fstack-usage -fcyclomatic-complexity -MMD -MP -MF"ThirdParty/SystemView_Src_V354/SEGGER/Syscalls/SEGGER_RTT_Syscalls_GCC.d" -MT"ThirdParty/SystemView_Src_V354/SEGGER/Syscalls/SEGGER_RTT_Syscalls_GCC.o" --specs=nano.specs -mfpu=fpv4-sp-d16 -mfloat-abi=hard -mthumb -o "ThirdParty/SystemView_Src_V354/SEGGER/Syscalls/SEGGER_RTT_Syscalls_GCC.o"
arm-none-eabi-gcc "../ThirdParty/SystemView_Src_V354/SEGGER/SEGGER_RTT.c" -mcpu=cortex-m4 -std=gnu11 -g3 -DDEBUG -DUSE_HAL_DRIVER -DSTM32F407xx -c -I"C:/Users/julio/Downloads/STM32F407_FreeRTOS/App_028_Example_9.2_Synchronizing_Tasks_with_Event_Group/ThirdParty/FreeRTOS/Source/include" -I"C:/Users/julio/Downloads/STM32F407_FreeRTOS/App_028_Example_9.2_Synchronizing_Tasks_with_Event_Group/ThirdParty/FreeRTOS" -I"C:/Users/julio/Downloads/STM32F407_FreeRTOS/App_028_Example_9.2_Synchronizing_Tasks_with_Event_Group/ThirdParty/FreeRTOS/Source/portable/GCC/ARM_CM4F" -I"C:/Users/julio/Downloads/STM32F407_FreeRTOS/App_028_Example_9.2_Synchronizing_Tasks_with_Event_Group/ThirdParty/SystemView_Src_V354/Config" -I"C:/Users/julio/Downloads/STM32F407_FreeRTOS/App_028_Example_9.2_Synchronizing_Tasks_with_Event_Group/ThirdParty/SystemView_Src_V354/Sample" -I"C:/Users/julio/Downloads/STM32F407_FreeRTOS/App_028_Example_9.2_Synchronizing_Tasks_with_Event_Group/ThirdParty/SystemView_Src_V354/SEGGER" -I../Core/Inc -I../Drivers/STM32F4xx_HAL_Driver/Inc -I../Drivers/STM32F4xx_HAL_Driver/Inc/Legacy -I../Drivers/CMSIS/Device/ST/STM32F4xx/Include -I../Drivers/CMSIS/Include -O0 -ffunction-sections -fdata-sections -Wall -fstack-usage -fcyclomatic-complexity -MMD -MP -MF"ThirdParty/SystemView_Src_V354/SEGGER/SEGGER_RTT.d" -MT"ThirdParty/SystemView_Src_V354/SEGGER/SEGGER_RTT.o" --specs=nano.specs -mfpu=fpv4-sp-d16 -mfloat-abi=hard -mthumb -o "ThirdParty/SystemView_Src_V354/SEGGER/SEGGER_RTT.o"
arm-none-eabi-gcc -mcpu=cortex-m4 -g3 -DDEBUG -c -I"C:/Users/julio/Downloads/STM32F407_FreeRTOS/App_028_Example_9.2_Synchronizing_Tasks_with_Event_Group/ThirdParty/SystemView_Src_V354/Config" -x assembler-with-cpp -MMD -MP -MF"ThirdParty/SystemView_Src_V354/SEGGER/SEGGER_RTT_ASM_ARMv7M.d" -MT"ThirdParty/SystemView_Src_V354/SEGGER/SEGGER_RTT_ASM_ARMv7M.o" --specs=nano.specs -mfpu=fpv4-sp-d16 -mfloat-abi=hard -mthumb -o "ThirdParty/SystemView_Src_V354/SEGGER/SEGGER_RTT_ASM_ARMv7M.o" "../ThirdParty/SystemView_Src_V354/SEGGER/SEGGER_RTT_ASM_ARMv7M.S"
arm-none-eabi-gcc "../ThirdParty/SystemView_Src_V354/SEGGER/SEGGER_RTT_printf.c" -mcpu=cortex-m4 -std=gnu11 -g3 -DDEBUG -DUSE_HAL_DRIVER -DSTM32F407xx -c -I"C:/Users/julio/Downloads/STM32F407_FreeRTOS/App_028_Example_9.2_Synchronizing_Tasks_with_Event_Group/ThirdParty/FreeRTOS/Source/include" -I"C:/Users/julio/Downloads/STM32F407_FreeRTOS/App_028_Example_9.2_Synchronizing_Tasks_with_Event_Group/ThirdParty/FreeRTOS" -I"C:/Users/julio/Downloads/STM32F407_FreeRTOS/App_028_Example_9.2_Synchronizing_Tasks_with_Event_Group/ThirdParty/FreeRTOS/Source/portable/GCC/ARM_CM4F" -I"C:/Users/julio/Downloads/STM32F407_FreeRTOS/App_028_Example_9.2_Synchronizing_Tasks_with_Event_Group/ThirdParty/SystemView_Src_V354/Config" -I"C:/Users/julio/Downloads/STM32F407_FreeRTOS/App_028_Example_9.2_Synchronizing_Tasks_with_Event_Group/ThirdParty/SystemView_Src_V354/Sample" -I"C:/Users/julio/Downloads/STM32F407_FreeRTOS/App_028_Example_9.2_Synchronizing_Tasks_with_Event_Group/ThirdParty/SystemView_Src_V354/SEGGER" -I../Core/Inc -I../Drivers/STM32F4xx_HAL_Driver/Inc -I../Drivers/STM32F4xx_HAL_Driver/Inc/Legacy -I../Drivers/CMSIS/Device/ST/STM32F4xx/Include -I../Drivers/CMSIS/Include -O0 -ffunction-sections -fdata-sections -Wall -fstack-usage -fcyclomatic-complexity -MMD -MP -MF"ThirdParty/SystemView_Src_V354/SEGGER/SEGGER_RTT_printf.d" -MT"ThirdParty/SystemView_Src_V354/SEGGER/SEGGER_RTT_printf.o" --specs=nano.specs -mfpu=fpv4-sp-d16 -mfloat-abi=hard -mthumb -o "ThirdParty/SystemView_Src_V354/SEGGER/SEGGER_RTT_printf.o"
arm-none-eabi-gcc "../ThirdParty/SystemView_Src_V354/SEGGER/SEGGER_SYSVIEW.c" -mcpu=cortex-m4 -std=gnu11 -g3 -DDEBUG -DUSE_HAL_DRIVER -DSTM32F407xx -c -I"C:/Users/julio/Downloads/STM32F407_FreeRTOS/App_028_Example_9.2_Synchronizing_Tasks_with_Event_Group/ThirdParty/FreeRTOS/Source/include" -I"C:/Users/julio/Downloads/STM32F407_FreeRTOS/App_028_Example_9.2_Synchronizing_Tasks_with_Event_Group/ThirdParty/FreeRTOS" -I"C:/Users/julio/Downloads/STM32F407_FreeRTOS/App_028_Example_9.2_Synchronizing_Tasks_with_Event_Group/ThirdParty/FreeRTOS/Source/portable/GCC/ARM_CM4F" -I"C:/Users/julio/Downloads/STM32F407_FreeRTOS/App_028_Example_9.2_Synchronizing_Tasks_with_Event_Group/ThirdParty/SystemView_Src_V354/Config" -I"C:/Users/julio/Downloads/STM32F407_FreeRTOS/App_028_Example_9.2_Synchronizing_Tasks_with_Event_Group/ThirdParty/SystemView_Src_V354/Sample" -I"C:/Users/julio/Downloads/STM32F407_FreeRTOS/App_028_Example_9.2_Synchronizing_Tasks_with_Event_Group/ThirdParty/SystemView_Src_V354/SEGGER" -I../Core/Inc -I../Drivers/STM32F4xx_HAL_Driver/Inc -I../Drivers/STM32F4xx_HAL_Driver/Inc/Legacy -I../Drivers/CMSIS/Device/ST/STM32F4xx/Include -I../Drivers/CMSIS/Include -O0 -ffunction-sections -fdata-sections -Wall -fstack-usage -fcyclomatic-complexity -MMD -MP -MF"ThirdParty/SystemView_Src_V354/SEGGER/SEGGER_SYSVIEW.d" -MT"ThirdParty/SystemView_Src_V354/SEGGER/SEGGER_SYSVIEW.o" --specs=nano.specs -mfpu=fpv4-sp-d16 -mfloat-abi=hard -mthumb -o "ThirdParty/SystemView_Src_V354/SEGGER/SEGGER_SYSVIEW.o"
arm-none-eabi-gcc "../ThirdParty/SystemView_Src_V354/Config/SEGGER_SYSVIEW_Config_FreeRTOS.c" -mcpu=cortex-m4 -std=gnu11 -g3 -DDEBUG -DUSE_HAL_DRIVER -DSTM32F407xx -c -I"C:/Users/julio/Downloads/STM32F407_FreeRTOS/App_028_Example_9.2_Synchronizing_Tasks_with_Event_Group/ThirdParty/FreeRTOS/Source/include" -I"C:/Users/julio/Downloads/STM32F407_FreeRTOS/App_028_Example_9.2_Synchronizing_Tasks_with_Event_Group/ThirdParty/FreeRTOS" -I"C:/Users/julio/Downloads/STM32F407_FreeRTOS/App_028_Example_9.2_Synchronizing_Tasks_with_Event_Group/ThirdParty/FreeRTOS/Source/portable/GCC/ARM_CM4F" -I"C:/Users/julio/Downloads/STM32F407_FreeRTOS/App_028_Example_9.2_Synchronizing_Tasks_with_Event_Group/ThirdParty/SystemView_Src_V354/Config" -I"C:/Users/julio/Downloads/STM32F407_FreeRTOS/App_028_Example_9.2_Synchronizing_Tasks_with_Event_Group/ThirdParty/SystemView_Src_V354/Sample" -I"C:/Users/julio/Downloads/STM32F407_FreeRTOS/App_028_Example_9.2_Synchronizing_Tasks_with_Event_Group/ThirdParty/SystemView_Src_V354/SEGGER" -I../Core/Inc -I../Drivers/STM32F4xx_HAL_Driver/Inc -I../Drivers/STM32F4xx_HAL_Driver/Inc/Legacy -I../Drivers/CMSIS/Device/ST/STM32F4xx/Include -I../Drivers/CMSIS/Include -O0 -ffunction-sections -fdata-sections -Wall -fstack-usage -fcyclomatic-complexity -MMD -MP -MF"ThirdParty/SystemView_Src_V354/Config/SEGGER_SYSVIEW_Config_FreeRTOS.d" -MT"ThirdParty/SystemView_Src_V354/Config/SEGGER_SYSVIEW_Config_FreeRTOS.o" --specs=nano.specs -mfpu=fpv4-sp-d16 -mfloat-abi=hard -mthumb -o "ThirdParty/SystemView_Src_V354/Config/SEGGER_SYSVIEW_Config_FreeRTOS.o"
arm-none-eabi-gcc "../ThirdParty/FreeRTOS/Source/portable/MemMang/heap_4.c" -mcpu=cortex-m4 -std=gnu11 -g3 -DDEBUG -DUSE_HAL_DRIVER -DSTM32F407xx -c -I"C:/Users/julio/Downloads/STM32F407_FreeRTOS/App_028_Example_9.2_Synchronizing_Tasks_with_Event_Group/ThirdParty/FreeRTOS/Source/include" -I"C:/Users/julio/Downloads/STM32F407_FreeRTOS/App_028_Example_9.2_Synchronizing_Tasks_with_Event_Group/ThirdParty/FreeRTOS" -I"C:/Users/julio/Downloads/STM32F407_FreeRTOS/App_028_Example_9.2_Synchronizing_Tasks_with_Event_Group/ThirdParty/FreeRTOS/Source/portable/GCC/ARM_CM4F" -I"C:/Users/julio/Downloads/STM32F407_FreeRTOS/App_028_Example_9.2_Synchronizing_Tasks_with_Event_Group/ThirdParty/SystemView_Src_V354/Config" -I"C:/Users/julio/Downloads/STM32F407_FreeRTOS/App_028_Example_9.2_Synchronizing_Tasks_with_Event_Group/ThirdParty/SystemView_Src_V354/Sample" -I"C:/Users/julio/Downloads/STM32F407_FreeRTOS/App_028_Example_9.2_Synchronizing_Tasks_with_Event_Group/ThirdParty/SystemView_Src_V354/SEGGER" -I../Core/Inc -I../Drivers/STM32F4xx_HAL_Driver/Inc -I../Drivers/STM32F4xx_HAL_Driver/Inc/Legacy -I../Drivers/CMSIS/Device/ST/STM32F4xx/Include -I../Drivers/CMSIS/Include -O0 -ffunction-sections -fdata-sections -Wall -fstack-usage -fcyclomatic-complexity -MMD -MP -MF"ThirdParty/FreeRTOS/Source/portable/MemMang/heap_4.d" -MT"ThirdParty/FreeRTOS/Source/portable/MemMang/heap_4.o" --specs=nano.specs -mfpu=fpv4-sp-d16 -mfloat-abi=hard -mthumb -o "ThirdParty/FreeRTOS/Source/portable/MemMang/heap_4.o"
arm-none-eabi-gcc "../ThirdParty/FreeRTOS/Source/portable/GCC/ARM_CM4F/port.c" -mcpu=cortex-m4 -std=gnu11 -g3 -DDEBUG -DUSE_HAL_DRIVER -DSTM32F407xx -c -I"C:/Users/julio/Downloads/STM32F407_FreeRTOS/App_028_Example_9.2_Synchronizing_Tasks_with_Event_Group/ThirdParty/FreeRTOS/Source/include" -I"C:/Users/julio/Downloads/STM32F407_FreeRTOS/App_028_Example_9.2_Synchronizing_Tasks_with_Event_Group/ThirdParty/FreeRTOS" -I"C:/Users/julio/Downloads/STM32F407_FreeRTOS/App_028_Example_9.2_Synchronizing_Tasks_with_Event_Group/ThirdParty/FreeRTOS/Source/portable/GCC/ARM_CM4F" -I"C:/Users/julio/Downloads/STM32F407_FreeRTOS/App_028_Example_9.2_Synchronizing_Tasks_with_Event_Group/ThirdParty/SystemView_Src_V354/Config" -I"C:/Users/julio/Downloads/STM32F407_FreeRTOS/App_028_Example_9.2_Synchronizing_Tasks_with_Event_Group/ThirdParty/SystemView_Src_V354/Sample" -I"C:/Users/julio/Downloads/STM32F407_FreeRTOS/App_028_Example_9.2_Synchronizing_Tasks_with_Event_Group/ThirdParty/SystemView_Src_V354/SEGGER" -I../Core/Inc -I../Drivers/STM32F4xx_HAL_Driver/Inc -I../Drivers/STM32F4xx_HAL_Driver/Inc/Legacy -I../Drivers/CMSIS/Device/ST/STM32F4xx/Include -I../Drivers/CMSIS/Include -O0 -ffunction-sections -fdata-sections -Wall -fstack-usage -fcyclomatic-complexity -MMD -MP -MF"ThirdParty/FreeRTOS/Source/portable/GCC/ARM_CM4F/port.d" -MT"ThirdParty/FreeRTOS/Source/portable/GCC/ARM_CM4F/port.o" --specs=nano.specs -mfpu=fpv4-sp-d16 -mfloat-abi=hard -mthumb -o "ThirdParty/FreeRTOS/Source/portable/GCC/ARM_CM4F/port.o"
arm-none-eabi-gcc "../ThirdParty/FreeRTOS/Source/croutine.c" -mcpu=cortex-m4 -std=gnu11 -g3 -DDEBUG -DUSE_HAL_DRIVER -DSTM32F407xx -c -I"C:/Users/julio/Downloads/STM32F407_FreeRTOS/App_028_Example_9.2_Synchronizing_Tasks_with_Event_Group/ThirdParty/FreeRTOS/Source/include" -I"C:/Users/julio/Downloads/STM32F407_FreeRTOS/App_028_Example_9.2_Synchronizing_Tasks_with_Event_Group/ThirdParty/FreeRTOS" -I"C:/Users/julio/Downloads/STM32F407_FreeRTOS/App_028_Example_9.2_Synchronizing_Tasks_with_Event_Group/ThirdParty/FreeRTOS/Source/portable/GCC/ARM_CM4F" -I"C:/Users/julio/Downloads/STM32F407_FreeRTOS/App_028_Example_9.2_Synchronizing_Tasks_with_Event_Group/ThirdParty/SystemView_Src_V354/Config" -I"C:/Users/julio/Downloads/STM32F407_FreeRTOS/App_028_Example_9.2_Synchronizing_Tasks_with_Event_Group/ThirdParty/SystemView_Src_V354/Sample" -I"C:/Users/julio/Downloads/STM32F407_FreeRTOS/App_028_Example_9.2_Synchronizing_Tasks_with_Event_Group/ThirdParty/SystemView_Src_V354/SEGGER" -I../Core/Inc -I../Drivers/STM32F4xx_HAL_Driver/Inc -I../Drivers/STM32F4xx_HAL_Driver/Inc/Legacy -I../Drivers/CMSIS/Device/ST/STM32F4xx/Include -I../Drivers/CMSIS/Include -O0 -ffunction-sections -fdata-sections -Wall -fstack-usage -fcyclomatic-complexity -MMD -MP -MF"ThirdParty/FreeRTOS/Source/croutine.d" -MT"ThirdParty/FreeRTOS/Source/croutine.o" --specs=nano.specs -mfpu=fpv4-sp-d16 -mfloat-abi=hard -mthumb -o "ThirdParty/FreeRTOS/Source/croutine.o"
arm-none-eabi-gcc "../ThirdParty/FreeRTOS/Source/event_groups.c" -mcpu=cortex-m4 -std=gnu11 -g3 -DDEBUG -DUSE_HAL_DRIVER -DSTM32F407xx -c -I"C:/Users/julio/Downloads/STM32F407_FreeRTOS/App_028_Example_9.2_Synchronizing_Tasks_with_Event_Group/ThirdParty/FreeRTOS/Source/include" -I"C:/Users/julio/Downloads/STM32F407_FreeRTOS/App_028_Example_9.2_Synchronizing_Tasks_with_Event_Group/ThirdParty/FreeRTOS" -I"C:/Users/julio/Downloads/STM32F407_FreeRTOS/App_028_Example_9.2_Synchronizing_Tasks_with_Event_Group/ThirdParty/FreeRTOS/Source/portable/GCC/ARM_CM4F" -I"C:/Users/julio/Downloads/STM32F407_FreeRTOS/App_028_Example_9.2_Synchronizing_Tasks_with_Event_Group/ThirdParty/SystemView_Src_V354/Config" -I"C:/Users/julio/Downloads/STM32F407_FreeRTOS/App_028_Example_9.2_Synchronizing_Tasks_with_Event_Group/ThirdParty/SystemView_Src_V354/Sample" -I"C:/Users/julio/Downloads/STM32F407_FreeRTOS/App_028_Example_9.2_Synchronizing_Tasks_with_Event_Group/ThirdParty/SystemView_Src_V354/SEGGER" -I../Core/Inc -I../Drivers/STM32F4xx_HAL_Driver/Inc -I../Drivers/STM32F4xx_HAL_Driver/Inc/Legacy -I../Drivers/CMSIS/Device/ST/STM32F4xx/Include -I../Drivers/CMSIS/Include -O0 -ffunction-sections -fdata-sections -Wall -fstack-usage -fcyclomatic-complexity -MMD -MP -MF"ThirdParty/FreeRTOS/Source/event_groups.d" -MT"ThirdParty/FreeRTOS/Source/event_groups.o" --specs=nano.specs -mfpu=fpv4-sp-d16 -mfloat-abi=hard -mthumb -o "ThirdParty/FreeRTOS/Source/event_groups.o"
arm-none-eabi-gcc "../ThirdParty/FreeRTOS/Source/list.c" -mcpu=cortex-m4 -std=gnu11 -g3 -DDEBUG -DUSE_HAL_DRIVER -DSTM32F407xx -c -I"C:/Users/julio/Downloads/STM32F407_FreeRTOS/App_028_Example_9.2_Synchronizing_Tasks_with_Event_Group/ThirdParty/FreeRTOS/Source/include" -I"C:/Users/julio/Downloads/STM32F407_FreeRTOS/App_028_Example_9.2_Synchronizing_Tasks_with_Event_Group/ThirdParty/FreeRTOS" -I"C:/Users/julio/Downloads/STM32F407_FreeRTOS/App_028_Example_9.2_Synchronizing_Tasks_with_Event_Group/ThirdParty/FreeRTOS/Source/portable/GCC/ARM_CM4F" -I"C:/Users/julio/Downloads/STM32F407_FreeRTOS/App_028_Example_9.2_Synchronizing_Tasks_with_Event_Group/ThirdParty/SystemView_Src_V354/Config" -I"C:/Users/julio/Downloads/STM32F407_FreeRTOS/App_028_Example_9.2_Synchronizing_Tasks_with_Event_Group/ThirdParty/SystemView_Src_V354/Sample" -I"C:/Users/julio/Downloads/STM32F407_FreeRTOS/App_028_Example_9.2_Synchronizing_Tasks_with_Event_Group/ThirdParty/SystemView_Src_V354/SEGGER" -I../Core/Inc -I../Drivers/STM32F4xx_HAL_Driver/Inc -I../Drivers/STM32F4xx_HAL_Driver/Inc/Legacy -I../Drivers/CMSIS/Device/ST/STM32F4xx/Include -I../Drivers/CMSIS/Include -O0 -ffunction-sections -fdata-sections -Wall -fstack-usage -fcyclomatic-complexity -MMD -MP -MF"ThirdParty/FreeRTOS/Source/list.d" -MT"ThirdParty/FreeRTOS/Source/list.o" --specs=nano.specs -mfpu=fpv4-sp-d16 -mfloat-abi=hard -mthumb -o "ThirdParty/FreeRTOS/Source/list.o"
arm-none-eabi-gcc "../ThirdParty/FreeRTOS/Source/queue.c" -mcpu=cortex-m4 -std=gnu11 -g3 -DDEBUG -DUSE_HAL_DRIVER -DSTM32F407xx -c -I"C:/Users/julio/Downloads/STM32F407_FreeRTOS/App_028_Example_9.2_Synchronizing_Tasks_with_Event_Group/ThirdParty/FreeRTOS/Source/include" -I"C:/Users/julio/Downloads/STM32F407_FreeRTOS/App_028_Example_9.2_Synchronizing_Tasks_with_Event_Group/ThirdParty/FreeRTOS" -I"C:/Users/julio/Downloads/STM32F407_FreeRTOS/App_028_Example_9.2_Synchronizing_Tasks_with_Event_Group/ThirdParty/FreeRTOS/Source/portable/GCC/ARM_CM4F" -I"C:/Users/julio/Downloads/STM32F407_FreeRTOS/App_028_Example_9.2_Synchronizing_Tasks_with_Event_Group/ThirdParty/SystemView_Src_V354/Config" -I"C:/Users/julio/Downloads/STM32F407_FreeRTOS/App_028_Example_9.2_Synchronizing_Tasks_with_Event_Group/ThirdParty/SystemView_Src_V354/Sample" -I"C:/Users/julio/Downloads/STM32F407_FreeRTOS/App_028_Example_9.2_Synchronizing_Tasks_with_Event_Group/ThirdParty/SystemView_Src_V354/SEGGER" -I../Core/Inc -I../Drivers/STM32F4xx_HAL_Driver/Inc -I../Drivers/STM32F4xx_HAL_Driver/Inc/Legacy -I../Drivers/CMSIS/Device/ST/STM32F4xx/Include -I../Drivers/CMSIS/Include -O0 -ffunction-sections -fdata-sections -Wall -fstack-usage -fcyclomatic-complexity -MMD -MP -MF"ThirdParty/FreeRTOS/Source/queue.d" -MT"ThirdParty/FreeRTOS/Source/queue.o" --specs=nano.specs -mfpu=fpv4-sp-d16 -mfloat-abi=hard -mthumb -o "ThirdParty/FreeRTOS/Source/queue.o"
arm-none-eabi-gcc "../ThirdParty/FreeRTOS/Source/stream_buffer.c" -mcpu=cortex-m4 -std=gnu11 -g3 -DDEBUG -DUSE_HAL_DRIVER -DSTM32F407xx -c -I"C:/Users/julio/Downloads/STM32F407_FreeRTOS/App_028_Example_9.2_Synchronizing_Tasks_with_Event_Group/ThirdParty/FreeRTOS/Source/include" -I"C:/Users/julio/Downloads/STM32F407_FreeRTOS/App_028_Example_9.2_Synchronizing_Tasks_with_Event_Group/ThirdParty/FreeRTOS" -I"C:/Users/julio/Downloads/STM32F407_FreeRTOS/App_028_Example_9.2_Synchronizing_Tasks_with_Event_Group/ThirdParty/FreeRTOS/Source/portable/GCC/ARM_CM4F" -I"C:/Users/julio/Downloads/STM32F407_FreeRTOS/App_028_Example_9.2_Synchronizing_Tasks_with_Event_Group/ThirdParty/SystemView_Src_V354/Config" -I"C:/Users/julio/Downloads/STM32F407_FreeRTOS/App_028_Example_9.2_Synchronizing_Tasks_with_Event_Group/ThirdParty/SystemView_Src_V354/Sample" -I"C:/Users/julio/Downloads/STM32F407_FreeRTOS/App_028_Example_9.2_Synchronizing_Tasks_with_Event_Group/ThirdParty/SystemView_Src_V354/SEGGER" -I../Core/Inc -I../Drivers/STM32F4xx_HAL_Driver/Inc -I../Drivers/STM32F4xx_HAL_Driver/Inc/Legacy -I../Drivers/CMSIS/Device/ST/STM32F4xx/Include -I../Drivers/CMSIS/Include -O0 -ffunction-sections -fdata-sections -Wall -fstack-usage -fcyclomatic-complexity -MMD -MP -MF"ThirdParty/FreeRTOS/Source/stream_buffer.d" -MT"ThirdParty/FreeRTOS/Source/stream_buffer.o" --specs=nano.specs -mfpu=fpv4-sp-d16 -mfloat-abi=hard -mthumb -o "ThirdParty/FreeRTOS/Source/stream_buffer.o"
arm-none-eabi-gcc "../ThirdParty/FreeRTOS/Source/tasks.c" -mcpu=cortex-m4 -std=gnu11 -g3 -DDEBUG -DUSE_HAL_DRIVER -DSTM32F407xx -c -I"C:/Users/julio/Downloads/STM32F407_FreeRTOS/App_028_Example_9.2_Synchronizing_Tasks_with_Event_Group/ThirdParty/FreeRTOS/Source/include" -I"C:/Users/julio/Downloads/STM32F407_FreeRTOS/App_028_Example_9.2_Synchronizing_Tasks_with_Event_Group/ThirdParty/FreeRTOS" -I"C:/Users/julio/Downloads/STM32F407_FreeRTOS/App_028_Example_9.2_Synchronizing_Tasks_with_Event_Group/ThirdParty/FreeRTOS/Source/portable/GCC/ARM_CM4F" -I"C:/Users/julio/Downloads/STM32F407_FreeRTOS/App_028_Example_9.2_Synchronizing_Tasks_with_Event_Group/ThirdParty/SystemView_Src_V354/Config" -I"C:/Users/julio/Downloads/STM32F407_FreeRTOS/App_028_Example_9.2_Synchronizing_Tasks_with_Event_Group/ThirdParty/SystemView_Src_V354/Sample" -I"C:/Users/julio/Downloads/STM32F407_FreeRTOS/App_028_Example_9.2_Synchronizing_Tasks_with_Event_Group/ThirdParty/SystemView_Src_V354/SEGGER" -I../Core/Inc -I../Drivers/STM32F4xx_HAL_Driver/Inc -I../Drivers/STM32F4xx_HAL_Driver/Inc/Legacy -I../Drivers/CMSIS/Device/ST/STM32F4xx/Include -I../Drivers/CMSIS/Include -O0 -ffunction-sections -fdata-sections -Wall -fstack-usage -fcyclomatic-complexity -MMD -MP -MF"ThirdParty/FreeRTOS/Source/tasks.d" -MT"ThirdParty/FreeRTOS/Source/tasks.o" --specs=nano.specs -mfpu=fpv4-sp-d16 -mfloat-abi=hard -mthumb -o "ThirdParty/FreeRTOS/Source/tasks.o"
arm-none-eabi-gcc "../ThirdParty/FreeRTOS/Source/timers.c" -mcpu=cortex-m4 -std=gnu11 -g3 -DDEBUG -DUSE_HAL_DRIVER -DSTM32F407xx -c -I"C:/Users/julio/Downloads/STM32F407_FreeRTOS/App_028_Example_9.2_Synchronizing_Tasks_with_Event_Group/ThirdParty/FreeRTOS/Source/include" -I"C:/Users/julio/Downloads/STM32F407_FreeRTOS/App_028_Example_9.2_Synchronizing_Tasks_with_Event_Group/ThirdParty/FreeRTOS" -I"C:/Users/julio/Downloads/STM32F407_FreeRTOS/App_028_Example_9.2_Synchronizing_Tasks_with_Event_Group/ThirdParty/FreeRTOS/Source/portable/GCC/ARM_CM4F" -I"C:/Users/julio/Downloads/STM32F407_FreeRTOS/App_028_Example_9.2_Synchronizing_Tasks_with_Event_Group/ThirdParty/SystemView_Src_V354/Config" -I"C:/Users/julio/Downloads/STM32F407_FreeRTOS/App_028_Example_9.2_Synchronizing_Tasks_with_Event_Group/ThirdParty/SystemView_Src_V354/Sample" -I"C:/Users/julio/Downloads/STM32F407_FreeRTOS/App_028_Example_9.2_Synchronizing_Tasks_with_Event_Group/ThirdParty/SystemView_Src_V354/SEGGER" -I../Core/Inc -I../Drivers/STM32F4xx_HAL_Driver/Inc -I../Drivers/STM32F4xx_HAL_Driver/Inc/Legacy -I../Drivers/CMSIS/Device/ST/STM32F4xx/Include -I../Drivers/CMSIS/Include -O0 -ffunction-sections -fdata-sections -Wall -fstack-usage -fcyclomatic-complexity -MMD -MP -MF"ThirdParty/FreeRTOS/Source/timers.d" -MT"ThirdParty/FreeRTOS/Source/timers.o" --specs=nano.specs -mfpu=fpv4-sp-d16 -mfloat-abi=hard -mthumb -o "ThirdParty/FreeRTOS/Source/timers.o"
arm-none-eabi-gcc "../Drivers/STM32F4xx_HAL_Driver/Src/stm32f4xx_hal.c" -mcpu=cortex-m4 -std=gnu11 -g3 -DDEBUG -DUSE_HAL_DRIVER -DSTM32F407xx -c -I"C:/Users/julio/Downloads/STM32F407_FreeRTOS/App_028_Example_9.2_Synchronizing_Tasks_with_Event_Group/ThirdParty/FreeRTOS/Source/include" -I"C:/Users/julio/Downloads/STM32F407_FreeRTOS/App_028_Example_9.2_Synchronizing_Tasks_with_Event_Group/ThirdParty/FreeRTOS" -I"C:/Users/julio/Downloads/STM32F407_FreeRTOS/App_028_Example_9.2_Synchronizing_Tasks_with_Event_Group/ThirdParty/FreeRTOS/Source/portable/GCC/ARM_CM4F" -I"C:/Users/julio/Downloads/STM32F407_FreeRTOS/App_028_Example_9.2_Synchronizing_Tasks_with_Event_Group/ThirdParty/SystemView_Src_V354/Config" -I"C:/Users/julio/Downloads/STM32F407_FreeRTOS/App_028_Example_9.2_Synchronizing_Tasks_with_Event_Group/ThirdParty/SystemView_Src_V354/Sample" -I"C:/Users/julio/Downloads/STM32F407_FreeRTOS/App_028_Example_9.2_Synchronizing_Tasks_with_Event_Group/ThirdParty/SystemView_Src_V354/SEGGER" -I../Core/Inc -I../Drivers/STM32F4xx_HAL_Driver/Inc -I../Drivers/STM32F4xx_HAL_Driver/Inc/Legacy -I../Drivers/CMSIS/Device/ST/STM32F4xx/Include -I../Drivers/CMSIS/Include -O0 -ffunction-sections -fdata-sections -Wall -fstack-usage -fcyclomatic-complexity -MMD -MP -MF"Drivers/STM32F4xx_HAL_Driver/Src/stm32f4xx_hal.d" -MT"Drivers/STM32F4xx_HAL_Driver/Src/stm32f4xx_hal.o" --specs=nano.specs -mfpu=fpv4-sp-d16 -mfloat-abi=hard -mthumb -o "Drivers/STM32F4xx_HAL_Driver/Src/stm32f4xx_hal.o"
arm-none-eabi-gcc "../Drivers/STM32F4xx_HAL_Driver/Src/stm32f4xx_hal_cortex.c" -mcpu=cortex-m4 -std=gnu11 -g3 -DDEBUG -DUSE_HAL_DRIVER -DSTM32F407xx -c -I"C:/Users/julio/Downloads/STM32F407_FreeRTOS/App_028_Example_9.2_Synchronizing_Tasks_with_Event_Group/ThirdParty/FreeRTOS/Source/include" -I"C:/Users/julio/Downloads/STM32F407_FreeRTOS/App_028_Example_9.2_Synchronizing_Tasks_with_Event_Group/ThirdParty/FreeRTOS" -I"C:/Users/julio/Downloads/STM32F407_FreeRTOS/App_028_Example_9.2_Synchronizing_Tasks_with_Event_Group/ThirdParty/FreeRTOS/Source/portable/GCC/ARM_CM4F" -I"C:/Users/julio/Downloads/STM32F407_FreeRTOS/App_028_Example_9.2_Synchronizing_Tasks_with_Event_Group/ThirdParty/SystemView_Src_V354/Config" -I"C:/Users/julio/Downloads/STM32F407_FreeRTOS/App_028_Example_9.2_Synchronizing_Tasks_with_Event_Group/ThirdParty/SystemView_Src_V354/Sample" -I"C:/Users/julio/Downloads/STM32F407_FreeRTOS/App_028_Example_9.2_Synchronizing_Tasks_with_Event_Group/ThirdParty/SystemView_Src_V354/SEGGER" -I../Core/Inc -I../Drivers/STM32F4xx_HAL_Driver/Inc -I../Drivers/STM32F4xx_HAL_Driver/Inc/Legacy -I../Drivers/CMSIS/Device/ST/STM32F4xx/Include -I../Drivers/CMSIS/Include -O0 -ffunction-sections -fdata-sections -Wall -fstack-usage -fcyclomatic-complexity -MMD -MP -MF"Drivers/STM32F4xx_HAL_Driver/Src/stm32f4xx_hal_cortex.d" -MT"Drivers/STM32F4xx_HAL_Driver/Src/stm32f4xx_hal_cortex.o" --specs=nano.specs -mfpu=fpv4-sp-d16 -mfloat-abi=hard -mthumb -o "Drivers/STM32F4xx_HAL_Driver/Src/stm32f4xx_hal_cortex.o"
arm-none-eabi-gcc "../Drivers/STM32F4xx_HAL_Driver/Src/stm32f4xx_hal_dma.c" -mcpu=cortex-m4 -std=gnu11 -g3 -DDEBUG -DUSE_HAL_DRIVER -DSTM32F407xx -c -I"C:/Users/julio/Downloads/STM32F407_FreeRTOS/App_028_Example_9.2_Synchronizing_Tasks_with_Event_Group/ThirdParty/FreeRTOS/Source/include" -I"C:/Users/julio/Downloads/STM32F407_FreeRTOS/App_028_Example_9.2_Synchronizing_Tasks_with_Event_Group/ThirdParty/FreeRTOS" -I"C:/Users/julio/Downloads/STM32F407_FreeRTOS/App_028_Example_9.2_Synchronizing_Tasks_with_Event_Group/ThirdParty/FreeRTOS/Source/portable/GCC/ARM_CM4F" -I"C:/Users/julio/Downloads/STM32F407_FreeRTOS/App_028_Example_9.2_Synchronizing_Tasks_with_Event_Group/ThirdParty/SystemView_Src_V354/Config" -I"C:/Users/julio/Downloads/STM32F407_FreeRTOS/App_028_Example_9.2_Synchronizing_Tasks_with_Event_Group/ThirdParty/SystemView_Src_V354/Sample" -I"C:/Users/julio/Downloads/STM32F407_FreeRTOS/App_028_Example_9.2_Synchronizing_Tasks_with_Event_Group/ThirdParty/SystemView_Src_V354/SEGGER" -I../Core/Inc -I../Drivers/STM32F4xx_HAL_Driver/Inc -I../Drivers/STM32F4xx_HAL_Driver/Inc/Legacy -I../Drivers/CMSIS/Device/ST/STM32F4xx/Include -I../Drivers/CMSIS/Include -O0 -ffunction-sections -fdata-sections -Wall -fstack-usage -fcyclomatic-complexity -MMD -MP -MF"Drivers/STM32F4xx_HAL_Driver/Src/stm32f4xx_hal_dma.d" -MT"Drivers/STM32F4xx_HAL_Driver/Src/stm32f4xx_hal_dma.o" --specs=nano.specs -mfpu=fpv4-sp-d16 -mfloat-abi=hard -mthumb -o "Drivers/STM32F4xx_HAL_Driver/Src/stm32f4xx_hal_dma.o"
arm-none-eabi-gcc "../Drivers/STM32F4xx_HAL_Driver/Src/stm32f4xx_hal_dma_ex.c" -mcpu=cortex-m4 -std=gnu11 -g3 -DDEBUG -DUSE_HAL_DRIVER -DSTM32F407xx -c -I"C:/Users/julio/Downloads/STM32F407_FreeRTOS/App_028_Example_9.2_Synchronizing_Tasks_with_Event_Group/ThirdParty/FreeRTOS/Source/include" -I"C:/Users/julio/Downloads/STM32F407_FreeRTOS/App_028_Example_9.2_Synchronizing_Tasks_with_Event_Group/ThirdParty/FreeRTOS" -I"C:/Users/julio/Downloads/STM32F407_FreeRTOS/App_028_Example_9.2_Synchronizing_Tasks_with_Event_Group/ThirdParty/FreeRTOS/Source/portable/GCC/ARM_CM4F" -I"C:/Users/julio/Downloads/STM32F407_FreeRTOS/App_028_Example_9.2_Synchronizing_Tasks_with_Event_Group/ThirdParty/SystemView_Src_V354/Config" -I"C:/Users/julio/Downloads/STM32F407_FreeRTOS/App_028_Example_9.2_Synchronizing_Tasks_with_Event_Group/ThirdParty/SystemView_Src_V354/Sample" -I"C:/Users/julio/Downloads/STM32F407_FreeRTOS/App_028_Example_9.2_Synchronizing_Tasks_with_Event_Group/ThirdParty/SystemView_Src_V354/SEGGER" -I../Core/Inc -I../Drivers/STM32F4xx_HAL_Driver/Inc -I../Drivers/STM32F4xx_HAL_Driver/Inc/Legacy -I../Drivers/CMSIS/Device/ST/STM32F4xx/Include -I../Drivers/CMSIS/Include -O0 -ffunction-sections -fdata-sections -Wall -fstack-usage -fcyclomatic-complexity -MMD -MP -MF"Drivers/STM32F4xx_HAL_Driver/Src/stm32f4xx_hal_dma_ex.d" -MT"Drivers/STM32F4xx_HAL_Driver/Src/stm32f4xx_hal_dma_ex.o" --specs=nano.specs -mfpu=fpv4-sp-d16 -mfloat-abi=hard -mthumb -o "Drivers/STM32F4xx_HAL_Driver/Src/stm32f4xx_hal_dma_ex.o"
arm-none-eabi-gcc "../Drivers/STM32F4xx_HAL_Driver/Src/stm32f4xx_hal_exti.c" -mcpu=cortex-m4 -std=gnu11 -g3 -DDEBUG -DUSE_HAL_DRIVER -DSTM32F407xx -c -I"C:/Users/julio/Downloads/STM32F407_FreeRTOS/App_028_Example_9.2_Synchronizing_Tasks_with_Event_Group/ThirdParty/FreeRTOS/Source/include" -I"C:/Users/julio/Downloads/STM32F407_FreeRTOS/App_028_Example_9.2_Synchronizing_Tasks_with_Event_Group/ThirdParty/FreeRTOS" -I"C:/Users/julio/Downloads/STM32F407_FreeRTOS/App_028_Example_9.2_Synchronizing_Tasks_with_Event_Group/ThirdParty/FreeRTOS/Source/portable/GCC/ARM_CM4F" -I"C:/Users/julio/Downloads/STM32F407_FreeRTOS/App_028_Example_9.2_Synchronizing_Tasks_with_Event_Group/ThirdParty/SystemView_Src_V354/Config" -I"C:/Users/julio/Downloads/STM32F407_FreeRTOS/App_028_Example_9.2_Synchronizing_Tasks_with_Event_Group/ThirdParty/SystemView_Src_V354/Sample" -I"C:/Users/julio/Downloads/STM32F407_FreeRTOS/App_028_Example_9.2_Synchronizing_Tasks_with_Event_Group/ThirdParty/SystemView_Src_V354/SEGGER" -I../Core/Inc -I../Drivers/STM32F4xx_HAL_Driver/Inc -I../Drivers/STM32F4xx_HAL_Driver/Inc/Legacy -I../Drivers/CMSIS/Device/ST/STM32F4xx/Include -I../Drivers/CMSIS/Include -O0 -ffunction-sections -fdata-sections -Wall -fstack-usage -fcyclomatic-complexity -MMD -MP -MF"Drivers/STM32F4xx_HAL_Driver/Src/stm32f4xx_hal_exti.d" -MT"Drivers/STM32F4xx_HAL_Driver/Src/stm32f4xx_hal_exti.o" --specs=nano.specs -mfpu=fpv4-sp-d16 -mfloat-abi=hard -mthumb -o "Drivers/STM32F4xx_HAL_Driver/Src/stm32f4xx_hal_exti.o"
arm-none-eabi-gcc "../Drivers/STM32F4xx_HAL_Driver/Src/stm32f4xx_hal_flash.c" -mcpu=cortex-m4 -std=gnu11 -g3 -DDEBUG -DUSE_HAL_DRIVER -DSTM32F407xx -c -I"C:/Users/julio/Downloads/STM32F407_FreeRTOS/App_028_Example_9.2_Synchronizing_Tasks_with_Event_Group/ThirdParty/FreeRTOS/Source/include" -I"C:/Users/julio/Downloads/STM32F407_FreeRTOS/App_028_Example_9.2_Synchronizing_Tasks_with_Event_Group/ThirdParty/FreeRTOS" -I"C:/Users/julio/Downloads/STM32F407_FreeRTOS/App_028_Example_9.2_Synchronizing_Tasks_with_Event_Group/ThirdParty/FreeRTOS/Source/portable/GCC/ARM_CM4F" -I"C:/Users/julio/Downloads/STM32F407_FreeRTOS/App_028_Example_9.2_Synchronizing_Tasks_with_Event_Group/ThirdParty/SystemView_Src_V354/Config" -I"C:/Users/julio/Downloads/STM32F407_FreeRTOS/App_028_Example_9.2_Synchronizing_Tasks_with_Event_Group/ThirdParty/SystemView_Src_V354/Sample" -I"C:/Users/julio/Downloads/STM32F407_FreeRTOS/App_028_Example_9.2_Synchronizing_Tasks_with_Event_Group/ThirdParty/SystemView_Src_V354/SEGGER" -I../Core/Inc -I../Drivers/STM32F4xx_HAL_Driver/Inc -I../Drivers/STM32F4xx_HAL_Driver/Inc/Legacy -I../Drivers/CMSIS/Device/ST/STM32F4xx/Include -I../Drivers/CMSIS/Include -O0 -ffunction-sections -fdata-sections -Wall -fstack-usage -fcyclomatic-complexity -MMD -MP -MF"Drivers/STM32F4xx_HAL_Driver/Src/stm32f4xx_hal_flash.d" -MT"Drivers/STM32F4xx_HAL_Driver/Src/stm32f4xx_hal_flash.o" --specs=nano.specs -mfpu=fpv4-sp-d16 -mfloat-abi=hard -mthumb -o "Drivers/STM32F4xx_HAL_Driver/Src/stm32f4xx_hal_flash.o"
arm-none-eabi-gcc "../Drivers/STM32F4xx_HAL_Driver/Src/stm32f4xx_hal_flash_ex.c" -mcpu=cortex-m4 -std=gnu11 -g3 -DDEBUG -DUSE_HAL_DRIVER -DSTM32F407xx -c -I"C:/Users/julio/Downloads/STM32F407_FreeRTOS/App_028_Example_9.2_Synchronizing_Tasks_with_Event_Group/ThirdParty/FreeRTOS/Source/include" -I"C:/Users/julio/Downloads/STM32F407_FreeRTOS/App_028_Example_9.2_Synchronizing_Tasks_with_Event_Group/ThirdParty/FreeRTOS" -I"C:/Users/julio/Downloads/STM32F407_FreeRTOS/App_028_Example_9.2_Synchronizing_Tasks_with_Event_Group/ThirdParty/FreeRTOS/Source/portable/GCC/ARM_CM4F" -I"C:/Users/julio/Downloads/STM32F407_FreeRTOS/App_028_Example_9.2_Synchronizing_Tasks_with_Event_Group/ThirdParty/SystemView_Src_V354/Config" -I"C:/Users/julio/Downloads/STM32F407_FreeRTOS/App_028_Example_9.2_Synchronizing_Tasks_with_Event_Group/ThirdParty/SystemView_Src_V354/Sample" -I"C:/Users/julio/Downloads/STM32F407_FreeRTOS/App_028_Example_9.2_Synchronizing_Tasks_with_Event_Group/ThirdParty/SystemView_Src_V354/SEGGER" -I../Core/Inc -I../Drivers/STM32F4xx_HAL_Driver/Inc -I../Drivers/STM32F4xx_HAL_Driver/Inc/Legacy -I../Drivers/CMSIS/Device/ST/STM32F4xx/Include -I../Drivers/CMSIS/Include -O0 -ffunction-sections -fdata-sections -Wall -fstack-usage -fcyclomatic-complexity -MMD -MP -MF"Drivers/STM32F4xx_HAL_Driver/Src/stm32f4xx_hal_flash_ex.d" -MT"Drivers/STM32F4xx_HAL_Driver/Src/stm32f4xx_hal_flash_ex.o" --specs=nano.specs -mfpu=fpv4-sp-d16 -mfloat-abi=hard -mthumb -o "Drivers/STM32F4xx_HAL_Driver/Src/stm32f4xx_hal_flash_ex.o"
arm-none-eabi-gcc "../Drivers/STM32F4xx_HAL_Driver/Src/stm32f4xx_hal_flash_ramfunc.c" -mcpu=cortex-m4 -std=gnu11 -g3 -DDEBUG -DUSE_HAL_DRIVER -DSTM32F407xx -c -I"C:/Users/julio/Downloads/STM32F407_FreeRTOS/App_028_Example_9.2_Synchronizing_Tasks_with_Event_Group/ThirdParty/FreeRTOS/Source/include" -I"C:/Users/julio/Downloads/STM32F407_FreeRTOS/App_028_Example_9.2_Synchronizing_Tasks_with_Event_Group/ThirdParty/FreeRTOS" -I"C:/Users/julio/Downloads/STM32F407_FreeRTOS/App_028_Example_9.2_Synchronizing_Tasks_with_Event_Group/ThirdParty/FreeRTOS/Source/portable/GCC/ARM_CM4F" -I"C:/Users/julio/Downloads/STM32F407_FreeRTOS/App_028_Example_9.2_Synchronizing_Tasks_with_Event_Group/ThirdParty/SystemView_Src_V354/Config" -I"C:/Users/julio/Downloads/STM32F407_FreeRTOS/App_028_Example_9.2_Synchronizing_Tasks_with_Event_Group/ThirdParty/SystemView_Src_V354/Sample" -I"C:/Users/julio/Downloads/STM32F407_FreeRTOS/App_028_Example_9.2_Synchronizing_Tasks_with_Event_Group/ThirdParty/SystemView_Src_V354/SEGGER" -I../Core/Inc -I../Drivers/STM32F4xx_HAL_Driver/Inc -I../Drivers/STM32F4xx_HAL_Driver/Inc/Legacy -I../Drivers/CMSIS/Device/ST/STM32F4xx/Include -I../Drivers/CMSIS/Include -O0 -ffunction-sections -fdata-sections -Wall -fstack-usage -fcyclomatic-complexity -MMD -MP -MF"Drivers/STM32F4xx_HAL_Driver/Src/stm32f4xx_hal_flash_ramfunc.d" -MT"Drivers/STM32F4xx_HAL_Driver/Src/stm32f4xx_hal_flash_ramfunc.o" --specs=nano.specs -mfpu=fpv4-sp-d16 -mfloat-abi=hard -mthumb -o "Drivers/STM32F4xx_HAL_Driver/Src/stm32f4xx_hal_flash_ramfunc.o"
arm-none-eabi-gcc "../Drivers/STM32F4xx_HAL_Driver/Src/stm32f4xx_hal_gpio.c" -mcpu=cortex-m4 -std=gnu11 -g3 -DDEBUG -DUSE_HAL_DRIVER -DSTM32F407xx -c -I"C:/Users/julio/Downloads/STM32F407_FreeRTOS/App_028_Example_9.2_Synchronizing_Tasks_with_Event_Group/ThirdParty/FreeRTOS/Source/include" -I"C:/Users/julio/Downloads/STM32F407_FreeRTOS/App_028_Example_9.2_Synchronizing_Tasks_with_Event_Group/ThirdParty/FreeRTOS" -I"C:/Users/julio/Downloads/STM32F407_FreeRTOS/App_028_Example_9.2_Synchronizing_Tasks_with_Event_Group/ThirdParty/FreeRTOS/Source/portable/GCC/ARM_CM4F" -I"C:/Users/julio/Downloads/STM32F407_FreeRTOS/App_028_Example_9.2_Synchronizing_Tasks_with_Event_Group/ThirdParty/SystemView_Src_V354/Config" -I"C:/Users/julio/Downloads/STM32F407_FreeRTOS/App_028_Example_9.2_Synchronizing_Tasks_with_Event_Group/ThirdParty/SystemView_Src_V354/Sample" -I"C:/Users/julio/Downloads/STM32F407_FreeRTOS/App_028_Example_9.2_Synchronizing_Tasks_with_Event_Group/ThirdParty/SystemView_Src_V354/SEGGER" -I../Core/Inc -I../Drivers/STM32F4xx_HAL_Driver/Inc -I../Drivers/STM32F4xx_HAL_Driver/Inc/Legacy -I../Drivers/CMSIS/Device/ST/STM32F4xx/Include -I../Drivers/CMSIS/Include -O0 -ffunction-sections -fdata-sections -Wall -fstack-usage -fcyclomatic-complexity -MMD -MP -MF"Drivers/STM32F4xx_HAL_Driver/Src/stm32f4xx_hal_gpio.d" -MT"Drivers/STM32F4xx_HAL_Driver/Src/stm32f4xx_hal_gpio.o" --specs=nano.specs -mfpu=fpv4-sp-d16 -mfloat-abi=hard -mthumb -o "Drivers/STM32F4xx_HAL_Driver/Src/stm32f4xx_hal_gpio.o"
arm-none-eabi-gcc "../Drivers/STM32F4xx_HAL_Driver/Src/stm32f4xx_hal_pwr.c" -mcpu=cortex-m4 -std=gnu11 -g3 -DDEBUG -DUSE_HAL_DRIVER -DSTM32F407xx -c -I"C:/Users/julio/Downloads/STM32F407_FreeRTOS/App_028_Example_9.2_Synchronizing_Tasks_with_Event_Group/ThirdParty/FreeRTOS/Source/include" -I"C:/Users/julio/Downloads/STM32F407_FreeRTOS/App_028_Example_9.2_Synchronizing_Tasks_with_Event_Group/ThirdParty/FreeRTOS" -I"C:/Users/julio/Downloads/STM32F407_FreeRTOS/App_028_Example_9.2_Synchronizing_Tasks_with_Event_Group/ThirdParty/FreeRTOS/Source/portable/GCC/ARM_CM4F" -I"C:/Users/julio/Downloads/STM32F407_FreeRTOS/App_028_Example_9.2_Synchronizing_Tasks_with_Event_Group/ThirdParty/SystemView_Src_V354/Config" -I"C:/Users/julio/Downloads/STM32F407_FreeRTOS/App_028_Example_9.2_Synchronizing_Tasks_with_Event_Group/ThirdParty/SystemView_Src_V354/Sample" -I"C:/Users/julio/Downloads/STM32F407_FreeRTOS/App_028_Example_9.2_Synchronizing_Tasks_with_Event_Group/ThirdParty/SystemView_Src_V354/SEGGER" -I../Core/Inc -I../Drivers/STM32F4xx_HAL_Driver/Inc -I../Drivers/STM32F4xx_HAL_Driver/Inc/Legacy -I../Drivers/CMSIS/Device/ST/STM32F4xx/Include -I../Drivers/CMSIS/Include -O0 -ffunction-sections -fdata-sections -Wall -fstack-usage -fcyclomatic-complexity -MMD -MP -MF"Drivers/STM32F4xx_HAL_Driver/Src/stm32f4xx_hal_pwr.d" -MT"Drivers/STM32F4xx_HAL_Driver/Src/stm32f4xx_hal_pwr.o" --specs=nano.specs -mfpu=fpv4-sp-d16 -mfloat-abi=hard -mthumb -o "Drivers/STM32F4xx_HAL_Driver/Src/stm32f4xx_hal_pwr.o"
arm-none-eabi-gcc "../Drivers/STM32F4xx_HAL_Driver/Src/stm32f4xx_hal_pwr_ex.c" -mcpu=cortex-m4 -std=gnu11 -g3 -DDEBUG -DUSE_HAL_DRIVER -DSTM32F407xx -c -I"C:/Users/julio/Downloads/STM32F407_FreeRTOS/App_028_Example_9.2_Synchronizing_Tasks_with_Event_Group/ThirdParty/FreeRTOS/Source/include" -I"C:/Users/julio/Downloads/STM32F407_FreeRTOS/App_028_Example_9.2_Synchronizing_Tasks_with_Event_Group/ThirdParty/FreeRTOS" -I"C:/Users/julio/Downloads/STM32F407_FreeRTOS/App_028_Example_9.2_Synchronizing_Tasks_with_Event_Group/ThirdParty/FreeRTOS/Source/portable/GCC/ARM_CM4F" -I"C:/Users/julio/Downloads/STM32F407_FreeRTOS/App_028_Example_9.2_Synchronizing_Tasks_with_Event_Group/ThirdParty/SystemView_Src_V354/Config" -I"C:/Users/julio/Downloads/STM32F407_FreeRTOS/App_028_Example_9.2_Synchronizing_Tasks_with_Event_Group/ThirdParty/SystemView_Src_V354/Sample" -I"C:/Users/julio/Downloads/STM32F407_FreeRTOS/App_028_Example_9.2_Synchronizing_Tasks_with_Event_Group/ThirdParty/SystemView_Src_V354/SEGGER" -I../Core/Inc -I../Drivers/STM32F4xx_HAL_Driver/Inc -I../Drivers/STM32F4xx_HAL_Driver/Inc/Legacy -I../Drivers/CMSIS/Device/ST/STM32F4xx/Include -I../Drivers/CMSIS/Include -O0 -ffunction-sections -fdata-sections -Wall -fstack-usage -fcyclomatic-complexity -MMD -MP -MF"Drivers/STM32F4xx_HAL_Driver/Src/stm32f4xx_hal_pwr_ex.d" -MT"Drivers/STM32F4xx_HAL_Driver/Src/stm32f4xx_hal_pwr_ex.o" --specs=nano.specs -mfpu=fpv4-sp-d16 -mfloat-abi=hard -mthumb -o "Drivers/STM32F4xx_HAL_Driver/Src/stm32f4xx_hal_pwr_ex.o"
arm-none-eabi-gcc "../Drivers/STM32F4xx_HAL_Driver/Src/stm32f4xx_hal_rcc.c" -mcpu=cortex-m4 -std=gnu11 -g3 -DDEBUG -DUSE_HAL_DRIVER -DSTM32F407xx -c -I"C:/Users/julio/Downloads/STM32F407_FreeRTOS/App_028_Example_9.2_Synchronizing_Tasks_with_Event_Group/ThirdParty/FreeRTOS/Source/include" -I"C:/Users/julio/Downloads/STM32F407_FreeRTOS/App_028_Example_9.2_Synchronizing_Tasks_with_Event_Group/ThirdParty/FreeRTOS" -I"C:/Users/julio/Downloads/STM32F407_FreeRTOS/App_028_Example_9.2_Synchronizing_Tasks_with_Event_Group/ThirdParty/FreeRTOS/Source/portable/GCC/ARM_CM4F" -I"C:/Users/julio/Downloads/STM32F407_FreeRTOS/App_028_Example_9.2_Synchronizing_Tasks_with_Event_Group/ThirdParty/SystemView_Src_V354/Config" -I"C:/Users/julio/Downloads/STM32F407_FreeRTOS/App_028_Example_9.2_Synchronizing_Tasks_with_Event_Group/ThirdParty/SystemView_Src_V354/Sample" -I"C:/Users/julio/Downloads/STM32F407_FreeRTOS/App_028_Example_9.2_Synchronizing_Tasks_with_Event_Group/ThirdParty/SystemView_Src_V354/SEGGER" -I../Core/Inc -I../Drivers/STM32F4xx_HAL_Driver/Inc -I../Drivers/STM32F4xx_HAL_Driver/Inc/Legacy -I../Drivers/CMSIS/Device/ST/STM32F4xx/Include -I../Drivers/CMSIS/Include -O0 -ffunction-sections -fdata-sections -Wall -fstack-usage -fcyclomatic-complexity -MMD -MP -MF"Drivers/STM32F4xx_HAL_Driver/Src/stm32f4xx_hal_rcc.d" -MT"Drivers/STM32F4xx_HAL_Driver/Src/stm32f4xx_hal_rcc.o" --specs=nano.specs -mfpu=fpv4-sp-d16 -mfloat-abi=hard -mthumb -o "Drivers/STM32F4xx_HAL_Driver/Src/stm32f4xx_hal_rcc.o"
arm-none-eabi-gcc "../Drivers/STM32F4xx_HAL_Driver/Src/stm32f4xx_hal_rcc_ex.c" -mcpu=cortex-m4 -std=gnu11 -g3 -DDEBUG -DUSE_HAL_DRIVER -DSTM32F407xx -c -I"C:/Users/julio/Downloads/STM32F407_FreeRTOS/App_028_Example_9.2_Synchronizing_Tasks_with_Event_Group/ThirdParty/FreeRTOS/Source/include" -I"C:/Users/julio/Downloads/STM32F407_FreeRTOS/App_028_Example_9.2_Synchronizing_Tasks_with_Event_Group/ThirdParty/FreeRTOS" -I"C:/Users/julio/Downloads/STM32F407_FreeRTOS/App_028_Example_9.2_Synchronizing_Tasks_with_Event_Group/ThirdParty/FreeRTOS/Source/portable/GCC/ARM_CM4F" -I"C:/Users/julio/Downloads/STM32F407_FreeRTOS/App_028_Example_9.2_Synchronizing_Tasks_with_Event_Group/ThirdParty/SystemView_Src_V354/Config" -I"C:/Users/julio/Downloads/STM32F407_FreeRTOS/App_028_Example_9.2_Synchronizing_Tasks_with_Event_Group/ThirdParty/SystemView_Src_V354/Sample" -I"C:/Users/julio/Downloads/STM32F407_FreeRTOS/App_028_Example_9.2_Synchronizing_Tasks_with_Event_Group/ThirdParty/SystemView_Src_V354/SEGGER" -I../Core/Inc -I../Drivers/STM32F4xx_HAL_Driver/Inc -I../Drivers/STM32F4xx_HAL_Driver/Inc/Legacy -I../Drivers/CMSIS/Device/ST/STM32F4xx/Include -I../Drivers/CMSIS/Include -O0 -ffunction-sections -fdata-sections -Wall -fstack-usage -fcyclomatic-complexity -MMD -MP -MF"Drivers/STM32F4xx_HAL_Driver/Src/stm32f4xx_hal_rcc_ex.d" -MT"Drivers/STM32F4xx_HAL_Driver/Src/stm32f4xx_hal_rcc_ex.o" --specs=nano.specs -mfpu=fpv4-sp-d16 -mfloat-abi=hard -mthumb -o "Drivers/STM32F4xx_HAL_Driver/Src/stm32f4xx_hal_rcc_ex.o"
arm-none-eabi-gcc "../Drivers/STM32F4xx_HAL_Driver/Src/stm32f4xx_hal_tim.c" -mcpu=cortex-m4 -std=gnu11 -g3 -DDEBUG -DUSE_HAL_DRIVER -DSTM32F407xx -c -I"C:/Users/julio/Downloads/STM32F407_FreeRTOS/App_028_Example_9.2_Synchronizing_Tasks_with_Event_Group/ThirdParty/FreeRTOS/Source/include" -I"C:/Users/julio/Downloads/STM32F407_FreeRTOS/App_028_Example_9.2_Synchronizing_Tasks_with_Event_Group/ThirdParty/FreeRTOS" -I"C:/Users/julio/Downloads/STM32F407_FreeRTOS/App_028_Example_9.2_Synchronizing_Tasks_with_Event_Group/ThirdParty/FreeRTOS/Source/portable/GCC/ARM_CM4F" -I"C:/Users/julio/Downloads/STM32F407_FreeRTOS/App_028_Example_9.2_Synchronizing_Tasks_with_Event_Group/ThirdParty/SystemView_Src_V354/Config" -I"C:/Users/julio/Downloads/STM32F407_FreeRTOS/App_028_Example_9.2_Synchronizing_Tasks_with_Event_Group/ThirdParty/SystemView_Src_V354/Sample" -I"C:/Users/julio/Downloads/STM32F407_FreeRTOS/App_028_Example_9.2_Synchronizing_Tasks_with_Event_Group/ThirdParty/SystemView_Src_V354/SEGGER" -I../Core/Inc -I../Drivers/STM32F4xx_HAL_Driver/Inc -I../Drivers/STM32F4xx_HAL_Driver/Inc/Legacy -I../Drivers/CMSIS/Device/ST/STM32F4xx/Include -I../Drivers/CMSIS/Include -O0 -ffunction-sections -fdata-sections -Wall -fstack-usage -fcyclomatic-complexity -MMD -MP -MF"Drivers/STM32F4xx_HAL_Driver/Src/stm32f4xx_hal_tim.d" -MT"Drivers/STM32F4xx_HAL_Driver/Src/stm32f4xx_hal_tim.o" --specs=nano.specs -mfpu=fpv4-sp-d16 -mfloat-abi=hard -mthumb -o "Drivers/STM32F4xx_HAL_Driver/Src/stm32f4xx_hal_tim.o"
arm-none-eabi-gcc "../Drivers/STM32F4xx_HAL_Driver/Src/stm32f4xx_hal_tim_ex.c" -mcpu=cortex-m4 -std=gnu11 -g3 -DDEBUG -DUSE_HAL_DRIVER -DSTM32F407xx -c -I"C:/Users/julio/Downloads/STM32F407_FreeRTOS/App_028_Example_9.2_Synchronizing_Tasks_with_Event_Group/ThirdParty/FreeRTOS/Source/include" -I"C:/Users/julio/Downloads/STM32F407_FreeRTOS/App_028_Example_9.2_Synchronizing_Tasks_with_Event_Group/ThirdParty/FreeRTOS" -I"C:/Users/julio/Downloads/STM32F407_FreeRTOS/App_028_Example_9.2_Synchronizing_Tasks_with_Event_Group/ThirdParty/FreeRTOS/Source/portable/GCC/ARM_CM4F" -I"C:/Users/julio/Downloads/STM32F407_FreeRTOS/App_028_Example_9.2_Synchronizing_Tasks_with_Event_Group/ThirdParty/SystemView_Src_V354/Config" -I"C:/Users/julio/Downloads/STM32F407_FreeRTOS/App_028_Example_9.2_Synchronizing_Tasks_with_Event_Group/ThirdParty/SystemView_Src_V354/Sample" -I"C:/Users/julio/Downloads/STM32F407_FreeRTOS/App_028_Example_9.2_Synchronizing_Tasks_with_Event_Group/ThirdParty/SystemView_Src_V354/SEGGER" -I../Core/Inc -I../Drivers/STM32F4xx_HAL_Driver/Inc -I../Drivers/STM32F4xx_HAL_Driver/Inc/Legacy -I../Drivers/CMSIS/Device/ST/STM32F4xx/Include -I../Drivers/CMSIS/Include -O0 -ffunction-sections -fdata-sections -Wall -fstack-usage -fcyclomatic-complexity -MMD -MP -MF"Drivers/STM32F4xx_HAL_Driver/Src/stm32f4xx_hal_tim_ex.d" -MT"Drivers/STM32F4xx_HAL_Driver/Src/stm32f4xx_hal_tim_ex.o" --specs=nano.specs -mfpu=fpv4-sp-d16 -mfloat-abi=hard -mthumb -o "Drivers/STM32F4xx_HAL_Driver/Src/stm32f4xx_hal_tim_ex.o"
arm-none-eabi-gcc "../Drivers/STM32F4xx_HAL_Driver/Src/stm32f4xx_hal_uart.c" -mcpu=cortex-m4 -std=gnu11 -g3 -DDEBUG -DUSE_HAL_DRIVER -DSTM32F407xx -c -I"C:/Users/julio/Downloads/STM32F407_FreeRTOS/App_028_Example_9.2_Synchronizing_Tasks_with_Event_Group/ThirdParty/FreeRTOS/Source/include" -I"C:/Users/julio/Downloads/STM32F407_FreeRTOS/App_028_Example_9.2_Synchronizing_Tasks_with_Event_Group/ThirdParty/FreeRTOS" -I"C:/Users/julio/Downloads/STM32F407_FreeRTOS/App_028_Example_9.2_Synchronizing_Tasks_with_Event_Group/ThirdParty/FreeRTOS/Source/portable/GCC/ARM_CM4F" -I"C:/Users/julio/Downloads/STM32F407_FreeRTOS/App_028_Example_9.2_Synchronizing_Tasks_with_Event_Group/ThirdParty/SystemView_Src_V354/Config" -I"C:/Users/julio/Downloads/STM32F407_FreeRTOS/App_028_Example_9.2_Synchronizing_Tasks_with_Event_Group/ThirdParty/SystemView_Src_V354/Sample" -I"C:/Users/julio/Downloads/STM32F407_FreeRTOS/App_028_Example_9.2_Synchronizing_Tasks_with_Event_Group/ThirdParty/SystemView_Src_V354/SEGGER" -I../Core/Inc -I../Drivers/STM32F4xx_HAL_Driver/Inc -I../Drivers/STM32F4xx_HAL_Driver/Inc/Legacy -I../Drivers/CMSIS/Device/ST/STM32F4xx/Include -I../Drivers/CMSIS/Include -O0 -ffunction-sections -fdata-sections -Wall -fstack-usage -fcyclomatic-complexity -MMD -MP -MF"Drivers/STM32F4xx_HAL_Driver/Src/stm32f4xx_hal_uart.d" -MT"Drivers/STM32F4xx_HAL_Driver/Src/stm32f4xx_hal_uart.o" --specs=nano.specs -mfpu=fpv4-sp-d16 -mfloat-abi=hard -mthumb -o "Drivers/STM32F4xx_HAL_Driver/Src/stm32f4xx_hal_uart.o"
arm-none-eabi-gcc -mcpu=cortex-m4 -g3 -DDEBUG -c -I"C:/Users/julio/Downloads/STM32F407_FreeRTOS/App_028_Example_9.2_Synchronizing_Tasks_with_Event_Group/ThirdParty/SystemView_Src_V354/Config" -x assembler-with-cpp -MMD -MP -MF"Core/Startup/startup_stm32f407vgtx.d" -MT"Core/Startup/startup_stm32f407vgtx.o" --specs=nano.specs -mfpu=fpv4-sp-d16 -mfloat-abi=hard -mthumb -o "Core/Startup/startup_stm32f407vgtx.o" "../Core/Startup/startup_stm32f407vgtx.s"
arm-none-eabi-gcc "../Core/Src/main.c" -mcpu=cortex-m4 -std=gnu11 -g3 -DDEBUG -DUSE_HAL_DRIVER -DSTM32F407xx -c -I"C:/Users/julio/Downloads/STM32F407_FreeRTOS/App_028_Example_9.2_Synchronizing_Tasks_with_Event_Group/ThirdParty/FreeRTOS/Source/include" -I"C:/Users/julio/Downloads/STM32F407_FreeRTOS/App_028_Example_9.2_Synchronizing_Tasks_with_Event_Group/ThirdParty/FreeRTOS" -I"C:/Users/julio/Downloads/STM32F407_FreeRTOS/App_028_Example_9.2_Synchronizing_Tasks_with_Event_Group/ThirdParty/FreeRTOS/Source/portable/GCC/ARM_CM4F" -I"C:/Users/julio/Downloads/STM32F407_FreeRTOS/App_028_Example_9.2_Synchronizing_Tasks_with_Event_Group/ThirdParty/SystemView_Src_V354/Config" -I"C:/Users/julio/Downloads/STM32F407_FreeRTOS/App_028_Example_9.2_Synchronizing_Tasks_with_Event_Group/ThirdParty/SystemView_Src_V354/Sample" -I"C:/Users/julio/Downloads/STM32F407_FreeRTOS/App_028_Example_9.2_Synchronizing_Tasks_with_Event_Group/ThirdParty/SystemView_Src_V354/SEGGER" -I../Core/Inc -I../Drivers/STM32F4xx_HAL_Driver/Inc -I../Drivers/STM32F4xx_HAL_Driver/Inc/Legacy -I../Drivers/CMSIS/Device/ST/STM32F4xx/Include -I../Drivers/CMSIS/Include -O0 -ffunction-sections -fdata-sections -Wall -fstack-usage -fcyclomatic-complexity -MMD -MP -MF"Core/Src/main.d" -MT"Core/Src/main.o" --specs=nano.specs -mfpu=fpv4-sp-d16 -mfloat-abi=hard -mthumb -o "Core/Src/main.o"
arm-none-eabi-gcc "../Core/Src/stm32f4xx_hal_msp.c" -mcpu=cortex-m4 -std=gnu11 -g3 -DDEBUG -DUSE_HAL_DRIVER -DSTM32F407xx -c -I"C:/Users/julio/Downloads/STM32F407_FreeRTOS/App_028_Example_9.2_Synchronizing_Tasks_with_Event_Group/ThirdParty/FreeRTOS/Source/include" -I"C:/Users/julio/Downloads/STM32F407_FreeRTOS/App_028_Example_9.2_Synchronizing_Tasks_with_Event_Group/ThirdParty/FreeRTOS" -I"C:/Users/julio/Downloads/STM32F407_FreeRTOS/App_028_Example_9.2_Synchronizing_Tasks_with_Event_Group/ThirdParty/FreeRTOS/Source/portable/GCC/ARM_CM4F" -I"C:/Users/julio/Downloads/STM32F407_FreeRTOS/App_028_Example_9.2_Synchronizing_Tasks_with_Event_Group/ThirdParty/SystemView_Src_V354/Config" -I"C:/Users/julio/Downloads/STM32F407_FreeRTOS/App_028_Example_9.2_Synchronizing_Tasks_with_Event_Group/ThirdParty/SystemView_Src_V354/Sample" -I"C:/Users/julio/Downloads/STM32F407_FreeRTOS/App_028_Example_9.2_Synchronizing_Tasks_with_Event_Group/ThirdParty/SystemView_Src_V354/SEGGER" -I../Core/Inc -I../Drivers/STM32F4xx_HAL_Driver/Inc -I../Drivers/STM32F4xx_HAL_Driver/Inc/Legacy -I../Drivers/CMSIS/Device/ST/STM32F4xx/Include -I../Drivers/CMSIS/Include -O0 -ffunction-sections -fdata-sections -Wall -fstack-usage -fcyclomatic-complexity -MMD -MP -MF"Core/Src/stm32f4xx_hal_msp.d" -MT"Core/Src/stm32f4xx_hal_msp.o" --specs=nano.specs -mfpu=fpv4-sp-d16 -mfloat-abi=hard -mthumb -o "Core/Src/stm32f4xx_hal_msp.o"
arm-none-eabi-gcc "../Core/Src/stm32f4xx_hal_timebase_tim.c" -mcpu=cortex-m4 -std=gnu11 -g3 -DDEBUG -DUSE_HAL_DRIVER -DSTM32F407xx -c -I"C:/Users/julio/Downloads/STM32F407_FreeRTOS/App_028_Example_9.2_Synchronizing_Tasks_with_Event_Group/ThirdParty/FreeRTOS/Source/include" -I"C:/Users/julio/Downloads/STM32F407_FreeRTOS/App_028_Example_9.2_Synchronizing_Tasks_with_Event_Group/ThirdParty/FreeRTOS" -I"C:/Users/julio/Downloads/STM32F407_FreeRTOS/App_028_Example_9.2_Synchronizing_Tasks_with_Event_Group/ThirdParty/FreeRTOS/Source/portable/GCC/ARM_CM4F" -I"C:/Users/julio/Downloads/STM32F407_FreeRTOS/App_028_Example_9.2_Synchronizing_Tasks_with_Event_Group/ThirdParty/SystemView_Src_V354/Config" -I"C:/Users/julio/Downloads/STM32F407_FreeRTOS/App_028_Example_9.2_Synchronizing_Tasks_with_Event_Group/ThirdParty/SystemView_Src_V354/Sample" -I"C:/Users/julio/Downloads/STM32F407_FreeRTOS/App_028_Example_9.2_Synchronizing_Tasks_with_Event_Group/ThirdParty/SystemView_Src_V354/SEGGER" -I../Core/Inc -I../Drivers/STM32F4xx_HAL_Driver/Inc -I../Drivers/STM32F4xx_HAL_Driver/Inc/Legacy -I../Drivers/CMSIS/Device/ST/STM32F4xx/Include -I../Drivers/CMSIS/Include -O0 -ffunction-sections -fdata-sections -Wall -fstack-usage -fcyclomatic-complexity -MMD -MP -MF"Core/Src/stm32f4xx_hal_timebase_tim.d" -MT"Core/Src/stm32f4xx_hal_timebase_tim.o" --specs=nano.specs -mfpu=fpv4-sp-d16 -mfloat-abi=hard -mthumb -o "Core/Src/stm32f4xx_hal_timebase_tim.o"
arm-none-eabi-gcc "../Core/Src/stm32f4xx_it.c" -mcpu=cortex-m4 -std=gnu11 -g3 -DDEBUG -DUSE_HAL_DRIVER -DSTM32F407xx -c -I"C:/Users/julio/Downloads/STM32F407_FreeRTOS/App_028_Example_9.2_Synchronizing_Tasks_with_Event_Group/ThirdParty/FreeRTOS/Source/include" -I"C:/Users/julio/Downloads/STM32F407_FreeRTOS/App_028_Example_9.2_Synchronizing_Tasks_with_Event_Group/ThirdParty/FreeRTOS" -I"C:/Users/julio/Downloads/STM32F407_FreeRTOS/App_028_Example_9.2_Synchronizing_Tasks_with_Event_Group/ThirdParty/FreeRTOS/Source/portable/GCC/ARM_CM4F" -I"C:/Users/julio/Downloads/STM32F407_FreeRTOS/App_028_Example_9.2_Synchronizing_Tasks_with_Event_Group/ThirdParty/SystemView_Src_V354/Config" -I"C:/Users/julio/Downloads/STM32F407_FreeRTOS/App_028_Example_9.2_Synchronizing_Tasks_with_Event_Group/ThirdParty/SystemView_Src_V354/Sample" -I"C:/Users/julio/Downloads/STM32F407_FreeRTOS/App_028_Example_9.2_Synchronizing_Tasks_with_Event_Group/ThirdParty/SystemView_Src_V354/SEGGER" -I../Core/Inc -I../Drivers/STM32F4xx_HAL_Driver/Inc -I../Drivers/STM32F4xx_HAL_Driver/Inc/Legacy -I../Drivers/CMSIS/Device/ST/STM32F4xx/Include -I../Drivers/CMSIS/Include -O0 -ffunction-sections -fdata-sections -Wall -fstack-usage -fcyclomatic-complexity -MMD -MP -MF"Core/Src/stm32f4xx_it.d" -MT"Core/Src/stm32f4xx_it.o" --specs=nano.specs -mfpu=fpv4-sp-d16 -mfloat-abi=hard -mthumb -o "Core/Src/stm32f4xx_it.o"
arm-none-eabi-gcc "../Core/Src/syscalls.c" -mcpu=cortex-m4 -std=gnu11 -g3 -DDEBUG -DUSE_HAL_DRIVER -DSTM32F407xx -c -I"C:/Users/julio/Downloads/STM32F407_FreeRTOS/App_028_Example_9.2_Synchronizing_Tasks_with_Event_Group/ThirdParty/FreeRTOS/Source/include" -I"C:/Users/julio/Downloads/STM32F407_FreeRTOS/App_028_Example_9.2_Synchronizing_Tasks_with_Event_Group/ThirdParty/FreeRTOS" -I"C:/Users/julio/Downloads/STM32F407_FreeRTOS/App_028_Example_9.2_Synchronizing_Tasks_with_Event_Group/ThirdParty/FreeRTOS/Source/portable/GCC/ARM_CM4F" -I"C:/Users/julio/Downloads/STM32F407_FreeRTOS/App_028_Example_9.2_Synchronizing_Tasks_with_Event_Group/ThirdParty/SystemView_Src_V354/Config" -I"C:/Users/julio/Downloads/STM32F407_FreeRTOS/App_028_Example_9.2_Synchronizing_Tasks_with_Event_Group/ThirdParty/SystemView_Src_V354/Sample" -I"C:/Users/julio/Downloads/STM32F407_FreeRTOS/App_028_Example_9.2_Synchronizing_Tasks_with_Event_Group/ThirdParty/SystemView_Src_V354/SEGGER" -I../Core/Inc -I../Drivers/STM32F4xx_HAL_Driver/Inc -I../Drivers/STM32F4xx_HAL_Driver/Inc/Legacy -I../Drivers/CMSIS/Device/ST/STM32F4xx/Include -I../Drivers/CMSIS/Include -O0 -ffunction-sections -fdata-sections -Wall -fstack-usage -fcyclomatic-complexity -MMD -MP -MF"Core/Src/syscalls.d" -MT"Core/Src/syscalls.o" --specs=nano.specs -mfpu=fpv4-sp-d16 -mfloat-abi=hard -mthumb -o "Core/Src/syscalls.o"
arm-none-eabi-gcc "../Core/Src/sysmem.c" -mcpu=cortex-m4 -std=gnu11 -g3 -DDEBUG -DUSE_HAL_DRIVER -DSTM32F407xx -c -I"C:/Users/julio/Downloads/STM32F407_FreeRTOS/App_028_Example_9.2_Synchronizing_Tasks_with_Event_Group/ThirdParty/FreeRTOS/Source/include" -I"C:/Users/julio/Downloads/STM32F407_FreeRTOS/App_028_Example_9.2_Synchronizing_Tasks_with_Event_Group/ThirdParty/FreeRTOS" -I"C:/Users/julio/Downloads/STM32F407_FreeRTOS/App_028_Example_9.2_Synchronizing_Tasks_with_Event_Group/ThirdParty/FreeRTOS/Source/portable/GCC/ARM_CM4F" -I"C:/Users/julio/Downloads/STM32F407_FreeRTOS/App_028_Example_9.2_Synchronizing_Tasks_with_Event_Group/ThirdParty/SystemView_Src_V354/Config" -I"C:/Users/julio/Downloads/STM32F407_FreeRTOS/App_028_Example_9.2_Synchronizing_Tasks_with_Event_Group/ThirdParty/SystemView_Src_V354/Sample" -I"C:/Users/julio/Downloads/STM32F407_FreeRTOS/App_028_Example_9.2_Synchronizing_Tasks_with_Event_Group/ThirdParty/SystemView_Src_V354/SEGGER" -I../Core/Inc -I../Drivers/STM32F4xx_HAL_Driver/Inc -I../Drivers/STM32F4xx_HAL_Driver/Inc/Legacy -I../Drivers/CMSIS/Device/ST/STM32F4xx/Include -I../Drivers/CMSIS/Include -O0 -ffunction-sections -fdata-sections -Wall -fstack-usage -fcyclomatic-complexity -MMD -MP -MF"Core/Src/sysmem.d" -MT"Core/Src/sysmem.o" --specs=nano.specs -mfpu=fpv4-sp-d16 -mfloat-abi=hard -mthumb -o "Core/Src/sysmem.o"
arm-none-eabi-gcc "../Core/Src/system_stm32f4xx.c" -mcpu=cortex-m4 -std=gnu11 -g3 -DDEBUG -DUSE_HAL_DRIVER -DSTM32F407xx -c -I"C:/Users/julio/Downloads/STM32F407_FreeRTOS/App_028_Example_9.2_Synchronizing_Tasks_with_Event_Group/ThirdParty/FreeRTOS/Source/include" -I"C:/Users/julio/Downloads/STM32F407_FreeRTOS/App_028_Example_9.2_Synchronizing_Tasks_with_Event_Group/ThirdParty/FreeRTOS" -I"C:/Users/julio/Downloads/STM32F407_FreeRTOS/App_028_Example_9.2_Synchronizing_Tasks_with_Event_Group/ThirdParty/FreeRTOS/Source/portable/GCC/ARM_CM4F" -I"C:/Users/julio/Downloads/STM32F407_FreeRTOS/App_028_Example_9.2_Synchronizing_Tasks_with_Event_Group/ThirdParty/SystemView_Src_V354/Config" -I"C:/Users/julio/Downloads/STM32F407_FreeRTOS/App_028_Example_9.2_Synchronizing_Tasks_with_Event_Group/ThirdParty/SystemView_Src_V354/Sample" -I"C:/Users/julio/Downloads/STM32F407_FreeRTOS/App_028_Example_9.2_Synchronizing_Tasks_with_Event_Group/ThirdParty/SystemView_Src_V354/SEGGER" -I../Core/Inc -I../Drivers/STM32F4xx_HAL_Driver/Inc -I../Drivers/STM32F4xx_HAL_Driver/Inc/Legacy -I../Drivers/CMSIS/Device/ST/STM32F4xx/Include -I../Drivers/CMSIS/Include -O0 -ffunction-sections -fdata-sections -Wall -fstack-usage -fcyclomatic-complexity -MMD -MP -MF"Core/Src/system_stm32f4xx.d" -MT"Core/Src/system_stm32f4xx.o" --specs=nano.specs -mfpu=fpv4-sp-d16 -mfloat-abi=hard -mthumb -o "Core/Src/system_stm32f4xx.o"
arm-none-eabi-gcc -o "App_028_Example_9.2_Synchronizing_Tasks_with_Event_Group.elf" @"objects.list"   -mcpu=cortex-m4 -T"C:\Users\julio\Downloads\STM32F407_FreeRTOS\App_028_Example_9.2_Synchronizing_Tasks_with_Event_Group\STM32F407VGTX_FLASH.ld" --specs=nosys.specs -Wl,-Map="App_028_Example_9.2_Synchronizing_Tasks_with_Event_Group.map" -Wl,--gc-sections -static --specs=nano.specs -mfpu=fpv4-sp-d16 -mfloat-abi=hard -mthumb -Wl,--start-group -lc -lm -Wl,--end-group
Finished building target: App_028_Example_9.2_Synchronizing_Tasks_with_Event_Group.elf
 
arm-none-eabi-size  App_028_Example_9.2_Synchronizing_Tasks_with_Event_Group.elf 
arm-none-eabi-objdump -h -S App_028_Example_9.2_Synchronizing_Tasks_with_Event_Group.elf  > "App_028_Example_9.2_Synchronizing_Tasks_with_Event_Group.list"
   text	   data	    bss	    dec	    hex	filename
  35560	    112	 130136	 165808	  287b0	App_028_Example_9.2_Synchronizing_Tasks_with_Event_Group.elf
Finished building: default.size.stdout
 
Finished building: App_028_Example_9.2_Synchronizing_Tasks_with_Event_Group.list
 

12:42:16 Build Finished. 0 errors, 0 warnings. (took 7s.298ms)

