10:29:34 **** Incremental Build of configuration Debug for project App_023_Example_7.3_Centralized_Deferred_Interrupt_Processing ****
make -j8 all 
arm-none-eabi-gcc "../Core/Src/main.c" -mcpu=cortex-m4 -std=gnu11 -g3 -DDEBUG -DUSE_HAL_DRIVER -DSTM32F407xx -c -I../Core/Inc -I"C:/Users/julio/Downloads/FreeRTOS_STM32F407/App_023_Example_7.3_Centralized_Deferred_Interrupt_Processing/Core/FreeRTOS" -I"C:/Users/julio/Downloads/FreeRTOS_STM32F407/App_023_Example_7.3_Centralized_Deferred_Interrupt_Processing/Core/FreeRTOS/Source/include" -I"C:/Users/julio/Downloads/FreeRTOS_STM32F407/App_023_Example_7.3_Centralized_Deferred_Interrupt_Processing/Core/FreeRTOS/Source/portable/GCC/ARM_CM4F" -I../Drivers/STM32F4xx_HAL_Driver/Inc -I../Drivers/STM32F4xx_HAL_Driver/Inc/Legacy -I../Drivers/CMSIS/Device/ST/STM32F4xx/Include -I../Drivers/CMSIS/Include -O0 -ffunction-sections -fdata-sections -Wall -fstack-usage -fcyclomatic-complexity -MMD -MP -MF"Core/Src/main.d" -MT"Core/Src/main.o" --specs=nano.specs -mfpu=fpv4-sp-d16 -mfloat-abi=hard -mthumb -o "Core/Src/main.o"
arm-none-eabi-gcc -o "App_023_Example_7.3_Centralized_Deferred_Interrupt_Processing.elf" @"objects.list"   -mcpu=cortex-m4 -T"C:\Users\julio\Downloads\FreeRTOS_STM32F407\App_023_Example_7.3_Centralized_Deferred_Interrupt_Processing\STM32F407VGTX_FLASH.ld" --specs=nosys.specs -Wl,-Map="App_023_Example_7.3_Centralized_Deferred_Interrupt_Processing.map" -Wl,--gc-sections -static --specs=nano.specs -mfpu=fpv4-sp-d16 -mfloat-abi=hard -mthumb -Wl,--start-group -lc -lm -Wl,--end-group
Finished building target: App_023_Example_7.3_Centralized_Deferred_Interrupt_Processing.elf
 
arm-none-eabi-size  App_023_Example_7.3_Centralized_Deferred_Interrupt_Processing.elf 
arm-none-eabi-objdump -h -S App_023_Example_7.3_Centralized_Deferred_Interrupt_Processing.elf  > "App_023_Example_7.3_Centralized_Deferred_Interrupt_Processing.list"
   text	   data	    bss	    dec	    hex	filename
  25556	    100	  79396	 105052	  19a5c	App_023_Example_7.3_Centralized_Deferred_Interrupt_Processing.elf
Finished building: default.size.stdout
 
Finished building: App_023_Example_7.3_Centralized_Deferred_Interrupt_Processing.list
 

10:29:35 Build Finished. 0 errors, 0 warnings. (took 1s.57ms)

