15:09:24 **** Incremental Build of configuration Debug for project Application_003_Example_4.1_Creating_Tasks_v1 ****
make -j8 all 
arm-none-eabi-gcc "../Core/Src/main.c" -mcpu=cortex-m4 -std=gnu11 -g3 -DDEBUG -DUSE_HAL_DRIVER -DSTM32F407xx -c -I../Core/Inc -I"C:/Users/julio/Downloads/FreeRTOS_STM32F407/Application_003_Example_4.1_Creating_Tasks_v1/Core/FreeRTOS" -I"C:/Users/julio/Downloads/FreeRTOS_STM32F407/Application_003_Example_4.1_Creating_Tasks_v1/Core/FreeRTOS/Source/include" -I"C:/Users/julio/Downloads/FreeRTOS_STM32F407/Application_003_Example_4.1_Creating_Tasks_v1/Core/FreeRTOS/Source/portable/GCC/ARM_CM4F" -I../Drivers/STM32F4xx_HAL_Driver/Inc -I../Drivers/STM32F4xx_HAL_Driver/Inc/Legacy -I../Drivers/CMSIS/Device/ST/STM32F4xx/Include -I../Drivers/CMSIS/Include -O0 -ffunction-sections -fdata-sections -Wall -fstack-usage -fcyclomatic-complexity -MMD -MP -MF"Core/Src/main.d" -MT"Core/Src/main.o" --specs=nano.specs -mfpu=fpv4-sp-d16 -mfloat-abi=hard -mthumb -o "Core/Src/main.o"
arm-none-eabi-gcc -o "Application_003_Example_4.1_Creating_Tasks_v1.elf" @"objects.list"   -mcpu=cortex-m4 -T"C:\Users\julio\Downloads\FreeRTOS_STM32F407\Application_003_Example_4.1_Creating_Tasks_v1\STM32F407VGTX_FLASH.ld" --specs=nosys.specs -Wl,-Map="Application_003_Example_4.1_Creating_Tasks_v1.map" -Wl,--gc-sections -static --specs=nano.specs -mfpu=fpv4-sp-d16 -mfloat-abi=hard -mthumb -Wl,--start-group -lc -lm -Wl,--end-group
Finished building target: Application_003_Example_4.1_Creating_Tasks_v1.elf
 
arm-none-eabi-size  Application_003_Example_4.1_Creating_Tasks_v1.elf 
arm-none-eabi-objdump -h -S Application_003_Example_4.1_Creating_Tasks_v1.elf  > "Application_003_Example_4.1_Creating_Tasks_v1.list"
   text	   data	    bss	    dec	    hex	filename
  18916	     20	  78916	  97852	  17e3c	Application_003_Example_4.1_Creating_Tasks_v1.elf
Finished building: default.size.stdout
 
Finished building: Application_003_Example_4.1_Creating_Tasks_v1.list
 

15:09:27 Build Finished. 0 errors, 0 warnings. (took 2s.280ms)

