19:55:37 **** Incremental Build of configuration Debug for project Application_008_Example_4.5_Converting_Tasks_vTaskDelayUntil ****
make -j8 all 
arm-none-eabi-gcc "../Core/Src/main.c" -mcpu=cortex-m4 -std=gnu11 -g3 -DDEBUG -DUSE_HAL_DRIVER -DSTM32F407xx -c -I../Core/Inc -I"C:/Users/julio/Downloads/FreeRTOS_STM32F407/Application_008_Example_4.5_Converting_Tasks_vTaskDelayUntil/Core/FreeRTOS" -I"C:/Users/julio/Downloads/FreeRTOS_STM32F407/Application_008_Example_4.5_Converting_Tasks_vTaskDelayUntil/Core/FreeRTOS/Source/include" -I"C:/Users/julio/Downloads/FreeRTOS_STM32F407/Application_008_Example_4.5_Converting_Tasks_vTaskDelayUntil/Core/FreeRTOS/Source/portable/GCC/ARM_CM4F" -I../Drivers/STM32F4xx_HAL_Driver/Inc -I../Drivers/STM32F4xx_HAL_Driver/Inc/Legacy -I../Drivers/CMSIS/Device/ST/STM32F4xx/Include -I../Drivers/CMSIS/Include -O0 -ffunction-sections -fdata-sections -Wall -fstack-usage -fcyclomatic-complexity -MMD -MP -MF"Core/Src/main.d" -MT"Core/Src/main.o" --specs=nano.specs -mfpu=fpv4-sp-d16 -mfloat-abi=hard -mthumb -o "Core/Src/main.o"
arm-none-eabi-gcc -o "Application_008_Example_4.5_Converting_Tasks_vTaskDelayUntil.elf" @"objects.list"   -mcpu=cortex-m4 -T"C:\Users\julio\Downloads\FreeRTOS_STM32F407\Application_008_Example_4.5_Converting_Tasks_vTaskDelayUntil\STM32F407VGTX_FLASH.ld" --specs=nosys.specs -Wl,-Map="Application_008_Example_4.5_Converting_Tasks_vTaskDelayUntil.map" -Wl,--gc-sections -static --specs=nano.specs -mfpu=fpv4-sp-d16 -mfloat-abi=hard -mthumb -Wl,--start-group -lc -lm -Wl,--end-group
Finished building target: Application_008_Example_4.5_Converting_Tasks_vTaskDelayUntil.elf
 
arm-none-eabi-size  Application_008_Example_4.5_Converting_Tasks_vTaskDelayUntil.elf 
arm-none-eabi-objdump -h -S Application_008_Example_4.5_Converting_Tasks_vTaskDelayUntil.elf  > "Application_008_Example_4.5_Converting_Tasks_vTaskDelayUntil.list"
   text	   data	    bss	    dec	    hex	filename
  19152	     28	  78916	  98096	  17f30	Application_008_Example_4.5_Converting_Tasks_vTaskDelayUntil.elf
Finished building: default.size.stdout
 
Finished building: Application_008_Example_4.5_Converting_Tasks_vTaskDelayUntil.list
 

19:55:38 Build Finished. 0 errors, 0 warnings. (took 1s.84ms)

