21:24:32 **** Incremental Build of configuration Debug for project Application_007_Example_4.4_Blocked_State_To_Delay ****
make -j8 all 
arm-none-eabi-gcc "../Core/Src/main.c" -mcpu=cortex-m4 -std=gnu11 -g3 -DDEBUG -DUSE_HAL_DRIVER -DSTM32F407xx -c -I../Core/Inc -I"C:/Users/julio/Downloads/FreeRTOS_STM32F407/Application_007_Example_4.4_Blocked_State_To_Delay/Core/FreeRTOS" -I"C:/Users/julio/Downloads/FreeRTOS_STM32F407/Application_007_Example_4.4_Blocked_State_To_Delay/Core/FreeRTOS/Source/include" -I"C:/Users/julio/Downloads/FreeRTOS_STM32F407/Application_007_Example_4.4_Blocked_State_To_Delay/Core/FreeRTOS/Source/portable/GCC/ARM_CM4F" -I../Drivers/STM32F4xx_HAL_Driver/Inc -I../Drivers/STM32F4xx_HAL_Driver/Inc/Legacy -I../Drivers/CMSIS/Device/ST/STM32F4xx/Include -I../Drivers/CMSIS/Include -O0 -ffunction-sections -fdata-sections -Wall -fstack-usage -fcyclomatic-complexity -MMD -MP -MF"Core/Src/main.d" -MT"Core/Src/main.o" --specs=nano.specs -mfpu=fpv4-sp-d16 -mfloat-abi=hard -mthumb -o "Core/Src/main.o"
arm-none-eabi-gcc -o "Application_007_Example_4.4_Blocked_State_To_Delay.elf" @"objects.list"   -mcpu=cortex-m4 -T"C:\Users\julio\Downloads\FreeRTOS_STM32F407\Application_007_Example_4.4_Blocked_State_To_Delay\STM32F407VGTX_FLASH.ld" --specs=nosys.specs -Wl,-Map="Application_007_Example_4.4_Blocked_State_To_Delay.map" -Wl,--gc-sections -static --specs=nano.specs -mfpu=fpv4-sp-d16 -mfloat-abi=hard -mthumb -Wl,--start-group -lc -lm -Wl,--end-group
Finished building target: Application_007_Example_4.4_Blocked_State_To_Delay.elf
 
arm-none-eabi-size  Application_007_Example_4.4_Blocked_State_To_Delay.elf 
arm-none-eabi-objdump -h -S Application_007_Example_4.4_Blocked_State_To_Delay.elf  > "Application_007_Example_4.4_Blocked_State_To_Delay.list"
   text	   data	    bss	    dec	    hex	filename
  18984	     28	  78916	  97928	  17e88	Application_007_Example_4.4_Blocked_State_To_Delay.elf
Finished building: default.size.stdout
 
Finished building: Application_007_Example_4.4_Blocked_State_To_Delay.list
 

21:24:34 Build Finished. 0 errors, 0 warnings. (took 1s.933ms)

