16:21:08 **** Incremental Build of configuration Debug for project Application_005_Example_4.2_Using_Task_Parameter ****
make -j8 all 
arm-none-eabi-gcc "../Core/Src/main.c" -mcpu=cortex-m4 -std=gnu11 -g3 -DDEBUG -DUSE_HAL_DRIVER -DSTM32F407xx -c -I../Core/Inc -I"C:/Users/julio/Downloads/FreeRTOS_STM32F407/Application_005_Example_4.2_Using_Task_Parameter/Core/FreeRTOS" -I"C:/Users/julio/Downloads/FreeRTOS_STM32F407/Application_005_Example_4.2_Using_Task_Parameter/Core/FreeRTOS/Source/include" -I"C:/Users/julio/Downloads/FreeRTOS_STM32F407/Application_005_Example_4.2_Using_Task_Parameter/Core/FreeRTOS/Source/portable/GCC/ARM_CM4F" -I../Drivers/STM32F4xx_HAL_Driver/Inc -I../Drivers/STM32F4xx_HAL_Driver/Inc/Legacy -I../Drivers/CMSIS/Device/ST/STM32F4xx/Include -I../Drivers/CMSIS/Include -O0 -ffunction-sections -fdata-sections -Wall -fstack-usage -fcyclomatic-complexity -MMD -MP -MF"Core/Src/main.d" -MT"Core/Src/main.o" --specs=nano.specs -mfpu=fpv4-sp-d16 -mfloat-abi=hard -mthumb -o "Core/Src/main.o"
../Core/Src/main.c:64:20: warning: 'pcTextForTask2' defined but not used [-Wunused-variable]
   64 | static const char *pcTextForTask2 = "Task2 is running";
      |                    ^~~~~~~~~~~~~~
arm-none-eabi-gcc -o "Application_005_Example_4.2_Using_Task_Parameter.elf" @"objects.list"   -mcpu=cortex-m4 -T"C:\Users\julio\Downloads\FreeRTOS_STM32F407\Application_005_Example_4.2_Using_Task_Parameter\STM32F407VGTX_FLASH.ld" --specs=nosys.specs -Wl,-Map="Application_005_Example_4.2_Using_Task_Parameter.map" -Wl,--gc-sections -static --specs=nano.specs -mfpu=fpv4-sp-d16 -mfloat-abi=hard -mthumb -Wl,--start-group -lc -lm -Wl,--end-group
Finished building target: Application_005_Example_4.2_Using_Task_Parameter.elf
 
arm-none-eabi-size  Application_005_Example_4.2_Using_Task_Parameter.elf 
arm-none-eabi-objdump -h -S Application_005_Example_4.2_Using_Task_Parameter.elf  > "Application_005_Example_4.2_Using_Task_Parameter.list"
   text	   data	    bss	    dec	    hex	filename
  18836	     24	  78912	  97772	  17dec	Application_005_Example_4.2_Using_Task_Parameter.elf
Finished building: default.size.stdout
 
Finished building: Application_005_Example_4.2_Using_Task_Parameter.list
 
16:21:45 **** Incremental Build of configuration Debug for project Application_001_Blinky ****
make -j8 all 
arm-none-eabi-size  Application_001_Blinky.elf 
   text	   data	    bss	    dec	    hex	filename
  16532	     20	  78844	  95396	  174a4	Application_001_Blinky.elf
Finished building: default.size.stdout
 
16:21:45 **** Incremental Build of configuration Debug for project Application_002_2_Separate_Blinky_Tasks ****
make -j8 all 
arm-none-eabi-size  Application_002_2_Separate_Blinky_Tasks.elf 
   text	   data	    bss	    dec	    hex	filename
  16612	     20	  78844	  95476	  174f4	Application_002_2_Separate_Blinky_Tasks.elf
Finished building: default.size.stdout
 
16:21:46 **** Incremental Build of configuration Debug for project Application_003_Example_4.1_Creating_Tasks_v1 ****
make -j8 all 
arm-none-eabi-size  Application_003_Example_4.1_Creating_Tasks_v1.elf 
   text	   data	    bss	    dec	    hex	filename
  18916	     20	  78916	  97852	  17e3c	Application_003_Example_4.1_Creating_Tasks_v1.elf
Finished building: default.size.stdout
 
16:21:46 **** Incremental Build of configuration Debug for project Application_004_Example_4.1_Creating_Tasks_v2 ****
make -j8 all 
arm-none-eabi-size  Application_004_Example_4.1_Creating_Tasks_v2.elf 
   text	   data	    bss	    dec	    hex	filename
  18920	     20	  78916	  97856	  17e40	Application_004_Example_4.1_Creating_Tasks_v2.elf
Finished building: default.size.stdout
 
16:21:47 **** Incremental Build of configuration Debug for project Application_005_Example_4.2_Using_Task_Parameter ****
make -j8 all 
arm-none-eabi-gcc "../Core/Src/main.c" -mcpu=cortex-m4 -std=gnu11 -g3 -DDEBUG -DUSE_HAL_DRIVER -DSTM32F407xx -c -I../Core/Inc -I"C:/Users/julio/Downloads/FreeRTOS_STM32F407/Application_005_Example_4.2_Using_Task_Parameter/Core/FreeRTOS" -I"C:/Users/julio/Downloads/FreeRTOS_STM32F407/Application_005_Example_4.2_Using_Task_Parameter/Core/FreeRTOS/Source/include" -I"C:/Users/julio/Downloads/FreeRTOS_STM32F407/Application_005_Example_4.2_Using_Task_Parameter/Core/FreeRTOS/Source/portable/GCC/ARM_CM4F" -I../Drivers/STM32F4xx_HAL_Driver/Inc -I../Drivers/STM32F4xx_HAL_Driver/Inc/Legacy -I../Drivers/CMSIS/Device/ST/STM32F4xx/Include -I../Drivers/CMSIS/Include -O0 -ffunction-sections -fdata-sections -Wall -fstack-usage -fcyclomatic-complexity -MMD -MP -MF"Core/Src/main.d" -MT"Core/Src/main.o" --specs=nano.specs -mfpu=fpv4-sp-d16 -mfloat-abi=hard -mthumb -o "Core/Src/main.o"
../Core/Src/main.c: In function 'vTaskFunction':
../Core/Src/main.c:296:12: warning: unused variable 'sizex' [-Wunused-variable]
  296 |     size_t sizex = sizeof( pcTaskName );
      |            ^~~~~
../Core/Src/main.c: At top level:
../Core/Src/main.c:64:20: warning: 'pcTextForTask2' defined but not used [-Wunused-variable]
   64 | static const char *pcTextForTask2 = "Task2 is running";
      |                    ^~~~~~~~~~~~~~
arm-none-eabi-gcc -o "Application_005_Example_4.2_Using_Task_Parameter.elf" @"objects.list"   -mcpu=cortex-m4 -T"C:\Users\julio\Downloads\FreeRTOS_STM32F407\Application_005_Example_4.2_Using_Task_Parameter\STM32F407VGTX_FLASH.ld" --specs=nosys.specs -Wl,-Map="Application_005_Example_4.2_Using_Task_Parameter.map" -Wl,--gc-sections -static --specs=nano.specs -mfpu=fpv4-sp-d16 -mfloat-abi=hard -mthumb -Wl,--start-group -lc -lm -Wl,--end-group
Finished building target: Application_005_Example_4.2_Using_Task_Parameter.elf
 
arm-none-eabi-size  Application_005_Example_4.2_Using_Task_Parameter.elf 
arm-none-eabi-objdump -h -S Application_005_Example_4.2_Using_Task_Parameter.elf  > "Application_005_Example_4.2_Using_Task_Parameter.list"
   text	   data	    bss	    dec	    hex	filename
  18840	     24	  78912	  97776	  17df0	Application_005_Example_4.2_Using_Task_Parameter.elf
Finished building: default.size.stdout
 
Finished building: Application_005_Example_4.2_Using_Task_Parameter.list
 
16:21:54 **** Incremental Build of configuration Debug for project Application_005_Example_4.2_Using_Task_Parameter ****
make -j8 all 
arm-none-eabi-size  Application_005_Example_4.2_Using_Task_Parameter.elf 
   text	   data	    bss	    dec	    hex	filename
  18840	     24	  78912	  97776	  17df0	Application_005_Example_4.2_Using_Task_Parameter.elf
Finished building: default.size.stdout
 
16:37:43 **** Incremental Build of configuration Debug for project Application_001_Blinky ****
make -j8 all 
arm-none-eabi-size  Application_001_Blinky.elf 
   text	   data	    bss	    dec	    hex	filename
  16532	     20	  78844	  95396	  174a4	Application_001_Blinky.elf
Finished building: default.size.stdout
 
16:37:44 **** Incremental Build of configuration Debug for project Application_002_2_Separate_Blinky_Tasks ****
make -j8 all 
arm-none-eabi-size  Application_002_2_Separate_Blinky_Tasks.elf 
   text	   data	    bss	    dec	    hex	filename
  16612	     20	  78844	  95476	  174f4	Application_002_2_Separate_Blinky_Tasks.elf
Finished building: default.size.stdout
 
16:37:44 **** Incremental Build of configuration Debug for project Application_003_Example_4.1_Creating_Tasks_v1 ****
make -j8 all 
arm-none-eabi-size  Application_003_Example_4.1_Creating_Tasks_v1.elf 
   text	   data	    bss	    dec	    hex	filename
  18916	     20	  78916	  97852	  17e3c	Application_003_Example_4.1_Creating_Tasks_v1.elf
Finished building: default.size.stdout
 
16:37:45 **** Incremental Build of configuration Debug for project Application_004_Example_4.1_Creating_Tasks_v2 ****
make -j8 all 
arm-none-eabi-size  Application_004_Example_4.1_Creating_Tasks_v2.elf 
   text	   data	    bss	    dec	    hex	filename
  18920	     20	  78916	  97856	  17e40	Application_004_Example_4.1_Creating_Tasks_v2.elf
Finished building: default.size.stdout
 
16:37:46 **** Incremental Build of configuration Debug for project Application_005_Example_4.2_Using_Task_Parameter ****
make -j8 all 
arm-none-eabi-gcc "../Core/Src/main.c" -mcpu=cortex-m4 -std=gnu11 -g3 -DDEBUG -DUSE_HAL_DRIVER -DSTM32F407xx -c -I../Core/Inc -I"C:/Users/julio/Downloads/FreeRTOS_STM32F407/Application_005_Example_4.2_Using_Task_Parameter/Core/FreeRTOS" -I"C:/Users/julio/Downloads/FreeRTOS_STM32F407/Application_005_Example_4.2_Using_Task_Parameter/Core/FreeRTOS/Source/include" -I"C:/Users/julio/Downloads/FreeRTOS_STM32F407/Application_005_Example_4.2_Using_Task_Parameter/Core/FreeRTOS/Source/portable/GCC/ARM_CM4F" -I../Drivers/STM32F4xx_HAL_Driver/Inc -I../Drivers/STM32F4xx_HAL_Driver/Inc/Legacy -I../Drivers/CMSIS/Device/ST/STM32F4xx/Include -I../Drivers/CMSIS/Include -O0 -ffunction-sections -fdata-sections -Wall -fstack-usage -fcyclomatic-complexity -MMD -MP -MF"Core/Src/main.d" -MT"Core/Src/main.o" --specs=nano.specs -mfpu=fpv4-sp-d16 -mfloat-abi=hard -mthumb -o "Core/Src/main.o"
../Core/Src/main.c: In function 'UART2_Print_Text':
../Core/Src/main.c:286:50: error: 'size' undeclared (first use in this function); did you mean 'size_t'?
  286 |     HAL_UART_Transmit( huart, text[ character ], size, 5000 );
      |                                                  ^~~~
      |                                                  size_t
../Core/Src/main.c:286:50: note: each undeclared identifier is reported only once for each function it appears in
../Core/Src/main.c:286:35: warning: passing argument 2 of 'HAL_UART_Transmit' makes pointer from integer without a cast [-Wint-conversion]
  286 |     HAL_UART_Transmit( huart, text[ character ], size, 5000 );
      |                               ~~~~^~~~~~~~~~~~~
      |                                   |
      |                                   char
In file included from ../Core/Inc/stm32f4xx_hal_conf.h:411,
                 from ../Drivers/STM32F4xx_HAL_Driver/Inc/stm32f4xx_hal.h:29,
                 from ../Core/Inc/main.h:30,
                 from ../Core/Src/main.c:33:
../Drivers/STM32F4xx_HAL_Driver/Inc/stm32f4xx_hal_uart.h:745:79: note: expected 'const uint8_t *' {aka 'const unsigned char *'} but argument is of type 'char'
  745 | HAL_StatusTypeDef HAL_UART_Transmit(UART_HandleTypeDef *huart, const uint8_t *pData, uint16_t Size, uint32_t Timeout);
      |                                                                ~~~~~~~~~~~~~~~^~~~~
../Core/Src/main.c: In function 'vTaskFunction':
../Core/Src/main.c:303:12: warning: unused variable 'sizex' [-Wunused-variable]
  303 |     size_t sizex = sizeof( pcTaskName );
      |            ^~~~~
../Core/Src/main.c: At top level:
../Core/Src/main.c:64:20: warning: 'pcTextForTask2' defined but not used [-Wunused-variable]
   64 | static const char *pcTextForTask2 = "Task2 is running";
      |                    ^~~~~~~~~~~~~~
make: *** [Core/Src/subdir.mk:37: Core/Src/main.o] Error 1
"make -j8 all" terminated with exit code 2. Build might be incomplete.
16:38:14 **** Incremental Build of configuration Debug for project Application_001_Blinky ****
make -j8 all 
arm-none-eabi-size  Application_001_Blinky.elf 
   text	   data	    bss	    dec	    hex	filename
  16532	     20	  78844	  95396	  174a4	Application_001_Blinky.elf
Finished building: default.size.stdout
 
16:38:15 **** Incremental Build of configuration Debug for project Application_002_2_Separate_Blinky_Tasks ****
make -j8 all 
arm-none-eabi-size  Application_002_2_Separate_Blinky_Tasks.elf 
   text	   data	    bss	    dec	    hex	filename
  16612	     20	  78844	  95476	  174f4	Application_002_2_Separate_Blinky_Tasks.elf
Finished building: default.size.stdout
 
16:38:16 **** Incremental Build of configuration Debug for project Application_003_Example_4.1_Creating_Tasks_v1 ****
make -j8 all 
arm-none-eabi-size  Application_003_Example_4.1_Creating_Tasks_v1.elf 
   text	   data	    bss	    dec	    hex	filename
  18916	     20	  78916	  97852	  17e3c	Application_003_Example_4.1_Creating_Tasks_v1.elf
Finished building: default.size.stdout
 
16:38:16 **** Incremental Build of configuration Debug for project Application_004_Example_4.1_Creating_Tasks_v2 ****
make -j8 all 
arm-none-eabi-size  Application_004_Example_4.1_Creating_Tasks_v2.elf 
   text	   data	    bss	    dec	    hex	filename
  18920	     20	  78916	  97856	  17e40	Application_004_Example_4.1_Creating_Tasks_v2.elf
Finished building: default.size.stdout
 
16:38:17 **** Incremental Build of configuration Debug for project Application_005_Example_4.2_Using_Task_Parameter ****
make -j8 all 
arm-none-eabi-gcc "../Core/Src/main.c" -mcpu=cortex-m4 -std=gnu11 -g3 -DDEBUG -DUSE_HAL_DRIVER -DSTM32F407xx -c -I../Core/Inc -I"C:/Users/julio/Downloads/FreeRTOS_STM32F407/Application_005_Example_4.2_Using_Task_Parameter/Core/FreeRTOS" -I"C:/Users/julio/Downloads/FreeRTOS_STM32F407/Application_005_Example_4.2_Using_Task_Parameter/Core/FreeRTOS/Source/include" -I"C:/Users/julio/Downloads/FreeRTOS_STM32F407/Application_005_Example_4.2_Using_Task_Parameter/Core/FreeRTOS/Source/portable/GCC/ARM_CM4F" -I../Drivers/STM32F4xx_HAL_Driver/Inc -I../Drivers/STM32F4xx_HAL_Driver/Inc/Legacy -I../Drivers/CMSIS/Device/ST/STM32F4xx/Include -I../Drivers/CMSIS/Include -O0 -ffunction-sections -fdata-sections -Wall -fstack-usage -fcyclomatic-complexity -MMD -MP -MF"Core/Src/main.d" -MT"Core/Src/main.o" --specs=nano.specs -mfpu=fpv4-sp-d16 -mfloat-abi=hard -mthumb -o "Core/Src/main.o"
../Core/Src/main.c: In function 'UART2_Print_Text':
../Core/Src/main.c:286:35: warning: passing argument 2 of 'HAL_UART_Transmit' makes pointer from integer without a cast [-Wint-conversion]
  286 |     HAL_UART_Transmit( huart, text[ character ], 1, 5000 );
      |                               ~~~~^~~~~~~~~~~~~
      |                                   |
      |                                   char
In file included from ../Core/Inc/stm32f4xx_hal_conf.h:411,
                 from ../Drivers/STM32F4xx_HAL_Driver/Inc/stm32f4xx_hal.h:29,
                 from ../Core/Inc/main.h:30,
                 from ../Core/Src/main.c:33:
../Drivers/STM32F4xx_HAL_Driver/Inc/stm32f4xx_hal_uart.h:745:79: note: expected 'const uint8_t *' {aka 'const unsigned char *'} but argument is of type 'char'
  745 | HAL_StatusTypeDef HAL_UART_Transmit(UART_HandleTypeDef *huart, const uint8_t *pData, uint16_t Size, uint32_t Timeout);
      |                                                                ~~~~~~~~~~~~~~~^~~~~
../Core/Src/main.c: In function 'vTaskFunction':
../Core/Src/main.c:303:12: warning: unused variable 'sizex' [-Wunused-variable]
  303 |     size_t sizex = sizeof( pcTaskName );
      |            ^~~~~
../Core/Src/main.c: At top level:
../Core/Src/main.c:64:20: warning: 'pcTextForTask2' defined but not used [-Wunused-variable]
   64 | static const char *pcTextForTask2 = "Task2 is running";
      |                    ^~~~~~~~~~~~~~
arm-none-eabi-gcc -o "Application_005_Example_4.2_Using_Task_Parameter.elf" @"objects.list"   -mcpu=cortex-m4 -T"C:\Users\julio\Downloads\FreeRTOS_STM32F407\Application_005_Example_4.2_Using_Task_Parameter\STM32F407VGTX_FLASH.ld" --specs=nosys.specs -Wl,-Map="Application_005_Example_4.2_Using_Task_Parameter.map" -Wl,--gc-sections -static --specs=nano.specs -mfpu=fpv4-sp-d16 -mfloat-abi=hard -mthumb -Wl,--start-group -lc -lm -Wl,--end-group
Finished building target: Application_005_Example_4.2_Using_Task_Parameter.elf
 
arm-none-eabi-size  Application_005_Example_4.2_Using_Task_Parameter.elf 
arm-none-eabi-objdump -h -S Application_005_Example_4.2_Using_Task_Parameter.elf  > "Application_005_Example_4.2_Using_Task_Parameter.list"
   text	   data	    bss	    dec	    hex	filename
  13420	     20	  78772	  92212	  16834	Application_005_Example_4.2_Using_Task_Parameter.elf
Finished building: default.size.stdout
 
Finished building: Application_005_Example_4.2_Using_Task_Parameter.list
 
16:38:40 **** Incremental Build of configuration Debug for project Application_005_Example_4.2_Using_Task_Parameter ****
make -j8 all 
arm-none-eabi-gcc "../Core/Src/main.c" -mcpu=cortex-m4 -std=gnu11 -g3 -DDEBUG -DUSE_HAL_DRIVER -DSTM32F407xx -c -I../Core/Inc -I"C:/Users/julio/Downloads/FreeRTOS_STM32F407/Application_005_Example_4.2_Using_Task_Parameter/Core/FreeRTOS" -I"C:/Users/julio/Downloads/FreeRTOS_STM32F407/Application_005_Example_4.2_Using_Task_Parameter/Core/FreeRTOS/Source/include" -I"C:/Users/julio/Downloads/FreeRTOS_STM32F407/Application_005_Example_4.2_Using_Task_Parameter/Core/FreeRTOS/Source/portable/GCC/ARM_CM4F" -I../Drivers/STM32F4xx_HAL_Driver/Inc -I../Drivers/STM32F4xx_HAL_Driver/Inc/Legacy -I../Drivers/CMSIS/Device/ST/STM32F4xx/Include -I../Drivers/CMSIS/Include -O0 -ffunction-sections -fdata-sections -Wall -fstack-usage -fcyclomatic-complexity -MMD -MP -MF"Core/Src/main.d" -MT"Core/Src/main.o" --specs=nano.specs -mfpu=fpv4-sp-d16 -mfloat-abi=hard -mthumb -o "Core/Src/main.o"
../Core/Src/main.c: In function 'UART2_Print_Text':
../Core/Src/main.c:286:35: warning: passing argument 2 of 'HAL_UART_Transmit' makes pointer from integer without a cast [-Wint-conversion]
  286 |     HAL_UART_Transmit( huart, text[ character ], 1, 5000 );
      |                               ~~~~^~~~~~~~~~~~~
      |                                   |
      |                                   char
In file included from ../Core/Inc/stm32f4xx_hal_conf.h:411,
                 from ../Drivers/STM32F4xx_HAL_Driver/Inc/stm32f4xx_hal.h:29,
                 from ../Core/Inc/main.h:30,
                 from ../Core/Src/main.c:33:
../Drivers/STM32F4xx_HAL_Driver/Inc/stm32f4xx_hal_uart.h:745:79: note: expected 'const uint8_t *' {aka 'const unsigned char *'} but argument is of type 'char'
  745 | HAL_StatusTypeDef HAL_UART_Transmit(UART_HandleTypeDef *huart, const uint8_t *pData, uint16_t Size, uint32_t Timeout);
      |                                                                ~~~~~~~~~~~~~~~^~~~~
../Core/Src/main.c: At top level:
../Core/Src/main.c:64:20: warning: 'pcTextForTask2' defined but not used [-Wunused-variable]
   64 | static const char *pcTextForTask2 = "Task2 is running";
      |                    ^~~~~~~~~~~~~~
arm-none-eabi-gcc -o "Application_005_Example_4.2_Using_Task_Parameter.elf" @"objects.list"   -mcpu=cortex-m4 -T"C:\Users\julio\Downloads\FreeRTOS_STM32F407\Application_005_Example_4.2_Using_Task_Parameter\STM32F407VGTX_FLASH.ld" --specs=nosys.specs -Wl,-Map="Application_005_Example_4.2_Using_Task_Parameter.map" -Wl,--gc-sections -static --specs=nano.specs -mfpu=fpv4-sp-d16 -mfloat-abi=hard -mthumb -Wl,--start-group -lc -lm -Wl,--end-group
Finished building target: Application_005_Example_4.2_Using_Task_Parameter.elf
 
arm-none-eabi-size  Application_005_Example_4.2_Using_Task_Parameter.elf 
arm-none-eabi-objdump -h -S Application_005_Example_4.2_Using_Task_Parameter.elf  > "Application_005_Example_4.2_Using_Task_Parameter.list"
   text	   data	    bss	    dec	    hex	filename
  13416	     20	  78772	  92208	  16830	Application_005_Example_4.2_Using_Task_Parameter.elf
Finished building: default.size.stdout
 
Finished building: Application_005_Example_4.2_Using_Task_Parameter.list
 
16:39:05 **** Incremental Build of configuration Debug for project Application_001_Blinky ****
make -j8 all 
arm-none-eabi-size  Application_001_Blinky.elf 
   text	   data	    bss	    dec	    hex	filename
  16532	     20	  78844	  95396	  174a4	Application_001_Blinky.elf
Finished building: default.size.stdout
 
16:39:06 **** Incremental Build of configuration Debug for project Application_002_2_Separate_Blinky_Tasks ****
make -j8 all 
arm-none-eabi-size  Application_002_2_Separate_Blinky_Tasks.elf 
   text	   data	    bss	    dec	    hex	filename
  16612	     20	  78844	  95476	  174f4	Application_002_2_Separate_Blinky_Tasks.elf
Finished building: default.size.stdout
 
16:39:07 **** Incremental Build of configuration Debug for project Application_003_Example_4.1_Creating_Tasks_v1 ****
make -j8 all 
arm-none-eabi-size  Application_003_Example_4.1_Creating_Tasks_v1.elf 
   text	   data	    bss	    dec	    hex	filename
  18916	     20	  78916	  97852	  17e3c	Application_003_Example_4.1_Creating_Tasks_v1.elf
Finished building: default.size.stdout
 
16:39:07 **** Incremental Build of configuration Debug for project Application_004_Example_4.1_Creating_Tasks_v2 ****
make -j8 all 
arm-none-eabi-size  Application_004_Example_4.1_Creating_Tasks_v2.elf 
   text	   data	    bss	    dec	    hex	filename
  18920	     20	  78916	  97856	  17e40	Application_004_Example_4.1_Creating_Tasks_v2.elf
Finished building: default.size.stdout
 
16:39:08 **** Incremental Build of configuration Debug for project Application_005_Example_4.2_Using_Task_Parameter ****
make -j8 all 
arm-none-eabi-gcc "../Core/Src/main.c" -mcpu=cortex-m4 -std=gnu11 -g3 -DDEBUG -DUSE_HAL_DRIVER -DSTM32F407xx -c -I../Core/Inc -I"C:/Users/julio/Downloads/FreeRTOS_STM32F407/Application_005_Example_4.2_Using_Task_Parameter/Core/FreeRTOS" -I"C:/Users/julio/Downloads/FreeRTOS_STM32F407/Application_005_Example_4.2_Using_Task_Parameter/Core/FreeRTOS/Source/include" -I"C:/Users/julio/Downloads/FreeRTOS_STM32F407/Application_005_Example_4.2_Using_Task_Parameter/Core/FreeRTOS/Source/portable/GCC/ARM_CM4F" -I../Drivers/STM32F4xx_HAL_Driver/Inc -I../Drivers/STM32F4xx_HAL_Driver/Inc/Legacy -I../Drivers/CMSIS/Device/ST/STM32F4xx/Include -I../Drivers/CMSIS/Include -O0 -ffunction-sections -fdata-sections -Wall -fstack-usage -fcyclomatic-complexity -MMD -MP -MF"Core/Src/main.d" -MT"Core/Src/main.o" --specs=nano.specs -mfpu=fpv4-sp-d16 -mfloat-abi=hard -mthumb -o "Core/Src/main.o"
../Core/Src/main.c: In function 'UART2_Print_Text':
../Core/Src/main.c:286:35: warning: passing argument 2 of 'HAL_UART_Transmit' makes pointer from integer without a cast [-Wint-conversion]
  286 |     HAL_UART_Transmit( huart, text[ character ], 1, 5000 );
      |                               ~~~~^~~~~~~~~~~~~
      |                                   |
      |                                   char
In file included from ../Core/Inc/stm32f4xx_hal_conf.h:411,
                 from ../Drivers/STM32F4xx_HAL_Driver/Inc/stm32f4xx_hal.h:29,
                 from ../Core/Inc/main.h:30,
                 from ../Core/Src/main.c:33:
../Drivers/STM32F4xx_HAL_Driver/Inc/stm32f4xx_hal_uart.h:745:79: note: expected 'const uint8_t *' {aka 'const unsigned char *'} but argument is of type 'char'
  745 | HAL_StatusTypeDef HAL_UART_Transmit(UART_HandleTypeDef *huart, const uint8_t *pData, uint16_t Size, uint32_t Timeout);
      |                                                                ~~~~~~~~~~~~~~~^~~~~
../Core/Src/main.c: At top level:
../Core/Src/main.c:64:20: warning: 'pcTextForTask2' defined but not used [-Wunused-variable]
   64 | static const char *pcTextForTask2 = "Task2 is running";
      |                    ^~~~~~~~~~~~~~
arm-none-eabi-gcc -o "Application_005_Example_4.2_Using_Task_Parameter.elf" @"objects.list"   -mcpu=cortex-m4 -T"C:\Users\julio\Downloads\FreeRTOS_STM32F407\Application_005_Example_4.2_Using_Task_Parameter\STM32F407VGTX_FLASH.ld" --specs=nosys.specs -Wl,-Map="Application_005_Example_4.2_Using_Task_Parameter.map" -Wl,--gc-sections -static --specs=nano.specs -mfpu=fpv4-sp-d16 -mfloat-abi=hard -mthumb -Wl,--start-group -lc -lm -Wl,--end-group
Finished building target: Application_005_Example_4.2_Using_Task_Parameter.elf
 
arm-none-eabi-size  Application_005_Example_4.2_Using_Task_Parameter.elf 
arm-none-eabi-objdump -h -S Application_005_Example_4.2_Using_Task_Parameter.elf  > "Application_005_Example_4.2_Using_Task_Parameter.list"
   text	   data	    bss	    dec	    hex	filename
  13416	     20	  78772	  92208	  16830	Application_005_Example_4.2_Using_Task_Parameter.elf
Finished building: default.size.stdout
 
Finished building: Application_005_Example_4.2_Using_Task_Parameter.list
 
16:40:00 **** Incremental Build of configuration Debug for project Application_001_Blinky ****
make -j8 all 
arm-none-eabi-size  Application_001_Blinky.elf 
   text	   data	    bss	    dec	    hex	filename
  16532	     20	  78844	  95396	  174a4	Application_001_Blinky.elf
Finished building: default.size.stdout
 
16:40:01 **** Incremental Build of configuration Debug for project Application_002_2_Separate_Blinky_Tasks ****
make -j8 all 
arm-none-eabi-size  Application_002_2_Separate_Blinky_Tasks.elf 
   text	   data	    bss	    dec	    hex	filename
  16612	     20	  78844	  95476	  174f4	Application_002_2_Separate_Blinky_Tasks.elf
Finished building: default.size.stdout
 
16:40:01 **** Incremental Build of configuration Debug for project Application_003_Example_4.1_Creating_Tasks_v1 ****
make -j8 all 
arm-none-eabi-size  Application_003_Example_4.1_Creating_Tasks_v1.elf 
   text	   data	    bss	    dec	    hex	filename
  18916	     20	  78916	  97852	  17e3c	Application_003_Example_4.1_Creating_Tasks_v1.elf
Finished building: default.size.stdout
 
16:40:02 **** Incremental Build of configuration Debug for project Application_004_Example_4.1_Creating_Tasks_v2 ****
make -j8 all 
arm-none-eabi-size  Application_004_Example_4.1_Creating_Tasks_v2.elf 
   text	   data	    bss	    dec	    hex	filename
  18920	     20	  78916	  97856	  17e40	Application_004_Example_4.1_Creating_Tasks_v2.elf
Finished building: default.size.stdout
 
16:40:03 **** Incremental Build of configuration Debug for project Application_005_Example_4.2_Using_Task_Parameter ****
make -j8 all 
arm-none-eabi-gcc "../Core/Src/main.c" -mcpu=cortex-m4 -std=gnu11 -g3 -DDEBUG -DUSE_HAL_DRIVER -DSTM32F407xx -c -I../Core/Inc -I"C:/Users/julio/Downloads/FreeRTOS_STM32F407/Application_005_Example_4.2_Using_Task_Parameter/Core/FreeRTOS" -I"C:/Users/julio/Downloads/FreeRTOS_STM32F407/Application_005_Example_4.2_Using_Task_Parameter/Core/FreeRTOS/Source/include" -I"C:/Users/julio/Downloads/FreeRTOS_STM32F407/Application_005_Example_4.2_Using_Task_Parameter/Core/FreeRTOS/Source/portable/GCC/ARM_CM4F" -I../Drivers/STM32F4xx_HAL_Driver/Inc -I../Drivers/STM32F4xx_HAL_Driver/Inc/Legacy -I../Drivers/CMSIS/Device/ST/STM32F4xx/Include -I../Drivers/CMSIS/Include -O0 -ffunction-sections -fdata-sections -Wall -fstack-usage -fcyclomatic-complexity -MMD -MP -MF"Core/Src/main.d" -MT"Core/Src/main.o" --specs=nano.specs -mfpu=fpv4-sp-d16 -mfloat-abi=hard -mthumb -o "Core/Src/main.o"
../Core/Src/main.c: In function 'UART2_Print_Text':
../Core/Src/main.c:286:31: warning: cast to pointer from integer of different size [-Wint-to-pointer-cast]
  286 |     HAL_UART_Transmit( huart, ( const char* ) text[ character ], 1, 5000 );
      |                               ^
../Core/Src/main.c:286:31: warning: pointer targets in passing argument 2 of 'HAL_UART_Transmit' differ in signedness [-Wpointer-sign]
  286 |     HAL_UART_Transmit( huart, ( const char* ) text[ character ], 1, 5000 );
      |                               ^~~~~~~~~~~~~~~~~~~~~~~~~~~~~~~~~
      |                               |
      |                               const char *
In file included from ../Core/Inc/stm32f4xx_hal_conf.h:411,
                 from ../Drivers/STM32F4xx_HAL_Driver/Inc/stm32f4xx_hal.h:29,
                 from ../Core/Inc/main.h:30,
                 from ../Core/Src/main.c:33:
../Drivers/STM32F4xx_HAL_Driver/Inc/stm32f4xx_hal_uart.h:745:79: note: expected 'const uint8_t *' {aka 'const unsigned char *'} but argument is of type 'const char *'
  745 | HAL_StatusTypeDef HAL_UART_Transmit(UART_HandleTypeDef *huart, const uint8_t *pData, uint16_t Size, uint32_t Timeout);
      |                                                                ~~~~~~~~~~~~~~~^~~~~
../Core/Src/main.c: At top level:
../Core/Src/main.c:64:20: warning: 'pcTextForTask2' defined but not used [-Wunused-variable]
   64 | static const char *pcTextForTask2 = "Task2 is running";
      |                    ^~~~~~~~~~~~~~
arm-none-eabi-gcc -o "Application_005_Example_4.2_Using_Task_Parameter.elf" @"objects.list"   -mcpu=cortex-m4 -T"C:\Users\julio\Downloads\FreeRTOS_STM32F407\Application_005_Example_4.2_Using_Task_Parameter\STM32F407VGTX_FLASH.ld" --specs=nosys.specs -Wl,-Map="Application_005_Example_4.2_Using_Task_Parameter.map" -Wl,--gc-sections -static --specs=nano.specs -mfpu=fpv4-sp-d16 -mfloat-abi=hard -mthumb -Wl,--start-group -lc -lm -Wl,--end-group
Finished building target: Application_005_Example_4.2_Using_Task_Parameter.elf
 
arm-none-eabi-size  Application_005_Example_4.2_Using_Task_Parameter.elf 
arm-none-eabi-objdump -h -S Application_005_Example_4.2_Using_Task_Parameter.elf  > "Application_005_Example_4.2_Using_Task_Parameter.list"
   text	   data	    bss	    dec	    hex	filename
  13416	     20	  78772	  92208	  16830	Application_005_Example_4.2_Using_Task_Parameter.elf
Finished building: default.size.stdout
 
Finished building: Application_005_Example_4.2_Using_Task_Parameter.list
 
16:40:13 **** Incremental Build of configuration Debug for project Application_001_Blinky ****
make -j8 all 
arm-none-eabi-size  Application_001_Blinky.elf 
   text	   data	    bss	    dec	    hex	filename
  16532	     20	  78844	  95396	  174a4	Application_001_Blinky.elf
Finished building: default.size.stdout
 
16:40:13 **** Incremental Build of configuration Debug for project Application_002_2_Separate_Blinky_Tasks ****
make -j8 all 
arm-none-eabi-size  Application_002_2_Separate_Blinky_Tasks.elf 
   text	   data	    bss	    dec	    hex	filename
  16612	     20	  78844	  95476	  174f4	Application_002_2_Separate_Blinky_Tasks.elf
Finished building: default.size.stdout
 
16:40:14 **** Incremental Build of configuration Debug for project Application_003_Example_4.1_Creating_Tasks_v1 ****
make -j8 all 
arm-none-eabi-size  Application_003_Example_4.1_Creating_Tasks_v1.elf 
   text	   data	    bss	    dec	    hex	filename
  18916	     20	  78916	  97852	  17e3c	Application_003_Example_4.1_Creating_Tasks_v1.elf
Finished building: default.size.stdout
 
16:40:15 **** Incremental Build of configuration Debug for project Application_004_Example_4.1_Creating_Tasks_v2 ****
make -j8 all 
arm-none-eabi-size  Application_004_Example_4.1_Creating_Tasks_v2.elf 
   text	   data	    bss	    dec	    hex	filename
  18920	     20	  78916	  97856	  17e40	Application_004_Example_4.1_Creating_Tasks_v2.elf
Finished building: default.size.stdout
 
16:40:16 **** Incremental Build of configuration Debug for project Application_005_Example_4.2_Using_Task_Parameter ****
make -j8 all 
arm-none-eabi-gcc "../Core/Src/main.c" -mcpu=cortex-m4 -std=gnu11 -g3 -DDEBUG -DUSE_HAL_DRIVER -DSTM32F407xx -c -I../Core/Inc -I"C:/Users/julio/Downloads/FreeRTOS_STM32F407/Application_005_Example_4.2_Using_Task_Parameter/Core/FreeRTOS" -I"C:/Users/julio/Downloads/FreeRTOS_STM32F407/Application_005_Example_4.2_Using_Task_Parameter/Core/FreeRTOS/Source/include" -I"C:/Users/julio/Downloads/FreeRTOS_STM32F407/Application_005_Example_4.2_Using_Task_Parameter/Core/FreeRTOS/Source/portable/GCC/ARM_CM4F" -I../Drivers/STM32F4xx_HAL_Driver/Inc -I../Drivers/STM32F4xx_HAL_Driver/Inc/Legacy -I../Drivers/CMSIS/Device/ST/STM32F4xx/Include -I../Drivers/CMSIS/Include -O0 -ffunction-sections -fdata-sections -Wall -fstack-usage -fcyclomatic-complexity -MMD -MP -MF"Core/Src/main.d" -MT"Core/Src/main.o" --specs=nano.specs -mfpu=fpv4-sp-d16 -mfloat-abi=hard -mthumb -o "Core/Src/main.o"
../Core/Src/main.c: In function 'UART2_Print_Text':
../Core/Src/main.c:286:31: warning: pointer targets in passing argument 2 of 'HAL_UART_Transmit' differ in signedness [-Wpointer-sign]
  286 |     HAL_UART_Transmit( huart, ( const char* ) &text[ character ], 1, 5000 );
      |                               ^~~~~~~~~~~~~~~~~~~~~~~~~~~~~~~~~~
      |                               |
      |                               const char *
In file included from ../Core/Inc/stm32f4xx_hal_conf.h:411,
                 from ../Drivers/STM32F4xx_HAL_Driver/Inc/stm32f4xx_hal.h:29,
                 from ../Core/Inc/main.h:30,
                 from ../Core/Src/main.c:33:
../Drivers/STM32F4xx_HAL_Driver/Inc/stm32f4xx_hal_uart.h:745:79: note: expected 'const uint8_t *' {aka 'const unsigned char *'} but argument is of type 'const char *'
  745 | HAL_StatusTypeDef HAL_UART_Transmit(UART_HandleTypeDef *huart, const uint8_t *pData, uint16_t Size, uint32_t Timeout);
      |                                                                ~~~~~~~~~~~~~~~^~~~~
../Core/Src/main.c: At top level:
../Core/Src/main.c:64:20: warning: 'pcTextForTask2' defined but not used [-Wunused-variable]
   64 | static const char *pcTextForTask2 = "Task2 is running";
      |                    ^~~~~~~~~~~~~~
arm-none-eabi-gcc -o "Application_005_Example_4.2_Using_Task_Parameter.elf" @"objects.list"   -mcpu=cortex-m4 -T"C:\Users\julio\Downloads\FreeRTOS_STM32F407\Application_005_Example_4.2_Using_Task_Parameter\STM32F407VGTX_FLASH.ld" --specs=nosys.specs -Wl,-Map="Application_005_Example_4.2_Using_Task_Parameter.map" -Wl,--gc-sections -static --specs=nano.specs -mfpu=fpv4-sp-d16 -mfloat-abi=hard -mthumb -Wl,--start-group -lc -lm -Wl,--end-group
Finished building target: Application_005_Example_4.2_Using_Task_Parameter.elf
 
arm-none-eabi-size  Application_005_Example_4.2_Using_Task_Parameter.elf 
arm-none-eabi-objdump -h -S Application_005_Example_4.2_Using_Task_Parameter.elf  > "Application_005_Example_4.2_Using_Task_Parameter.list"
   text	   data	    bss	    dec	    hex	filename
  13412	     20	  78772	  92204	  1682c	Application_005_Example_4.2_Using_Task_Parameter.elf
Finished building: default.size.stdout
 
Finished building: Application_005_Example_4.2_Using_Task_Parameter.list
 
16:40:39 **** Incremental Build of configuration Debug for project Application_001_Blinky ****
make -j8 all 
arm-none-eabi-size  Application_001_Blinky.elf 
   text	   data	    bss	    dec	    hex	filename
  16532	     20	  78844	  95396	  174a4	Application_001_Blinky.elf
Finished building: default.size.stdout
 
16:40:40 **** Incremental Build of configuration Debug for project Application_002_2_Separate_Blinky_Tasks ****
make -j8 all 
arm-none-eabi-size  Application_002_2_Separate_Blinky_Tasks.elf 
   text	   data	    bss	    dec	    hex	filename
  16612	     20	  78844	  95476	  174f4	Application_002_2_Separate_Blinky_Tasks.elf
Finished building: default.size.stdout
 
16:40:40 **** Incremental Build of configuration Debug for project Application_003_Example_4.1_Creating_Tasks_v1 ****
make -j8 all 
arm-none-eabi-size  Application_003_Example_4.1_Creating_Tasks_v1.elf 
   text	   data	    bss	    dec	    hex	filename
  18916	     20	  78916	  97852	  17e3c	Application_003_Example_4.1_Creating_Tasks_v1.elf
Finished building: default.size.stdout
 
16:40:41 **** Incremental Build of configuration Debug for project Application_004_Example_4.1_Creating_Tasks_v2 ****
make -j8 all 
arm-none-eabi-size  Application_004_Example_4.1_Creating_Tasks_v2.elf 
   text	   data	    bss	    dec	    hex	filename
  18920	     20	  78916	  97856	  17e40	Application_004_Example_4.1_Creating_Tasks_v2.elf
Finished building: default.size.stdout
 
16:40:42 **** Incremental Build of configuration Debug for project Application_005_Example_4.2_Using_Task_Parameter ****
make -j8 all 
arm-none-eabi-gcc "../Core/Src/main.c" -mcpu=cortex-m4 -std=gnu11 -g3 -DDEBUG -DUSE_HAL_DRIVER -DSTM32F407xx -c -I../Core/Inc -I"C:/Users/julio/Downloads/FreeRTOS_STM32F407/Application_005_Example_4.2_Using_Task_Parameter/Core/FreeRTOS" -I"C:/Users/julio/Downloads/FreeRTOS_STM32F407/Application_005_Example_4.2_Using_Task_Parameter/Core/FreeRTOS/Source/include" -I"C:/Users/julio/Downloads/FreeRTOS_STM32F407/Application_005_Example_4.2_Using_Task_Parameter/Core/FreeRTOS/Source/portable/GCC/ARM_CM4F" -I../Drivers/STM32F4xx_HAL_Driver/Inc -I../Drivers/STM32F4xx_HAL_Driver/Inc/Legacy -I../Drivers/CMSIS/Device/ST/STM32F4xx/Include -I../Drivers/CMSIS/Include -O0 -ffunction-sections -fdata-sections -Wall -fstack-usage -fcyclomatic-complexity -MMD -MP -MF"Core/Src/main.d" -MT"Core/Src/main.o" --specs=nano.specs -mfpu=fpv4-sp-d16 -mfloat-abi=hard -mthumb -o "Core/Src/main.o"
../Core/Src/main.c:64:20: warning: 'pcTextForTask2' defined but not used [-Wunused-variable]
   64 | static const char *pcTextForTask2 = "Task2 is running";
      |                    ^~~~~~~~~~~~~~
arm-none-eabi-gcc -o "Application_005_Example_4.2_Using_Task_Parameter.elf" @"objects.list"   -mcpu=cortex-m4 -T"C:\Users\julio\Downloads\FreeRTOS_STM32F407\Application_005_Example_4.2_Using_Task_Parameter\STM32F407VGTX_FLASH.ld" --specs=nosys.specs -Wl,-Map="Application_005_Example_4.2_Using_Task_Parameter.map" -Wl,--gc-sections -static --specs=nano.specs -mfpu=fpv4-sp-d16 -mfloat-abi=hard -mthumb -Wl,--start-group -lc -lm -Wl,--end-group
Finished building target: Application_005_Example_4.2_Using_Task_Parameter.elf
 
arm-none-eabi-size  Application_005_Example_4.2_Using_Task_Parameter.elf 
arm-none-eabi-objdump -h -S Application_005_Example_4.2_Using_Task_Parameter.elf  > "Application_005_Example_4.2_Using_Task_Parameter.list"
   text	   data	    bss	    dec	    hex	filename
  13412	     20	  78772	  92204	  1682c	Application_005_Example_4.2_Using_Task_Parameter.elf
Finished building: default.size.stdout
 
Finished building: Application_005_Example_4.2_Using_Task_Parameter.list
 
16:41:27 **** Incremental Build of configuration Debug for project Application_005_Example_4.2_Using_Task_Parameter ****
make -j8 all 
arm-none-eabi-gcc "../Core/Src/main.c" -mcpu=cortex-m4 -std=gnu11 -g3 -DDEBUG -DUSE_HAL_DRIVER -DSTM32F407xx -c -I../Core/Inc -I"C:/Users/julio/Downloads/FreeRTOS_STM32F407/Application_005_Example_4.2_Using_Task_Parameter/Core/FreeRTOS" -I"C:/Users/julio/Downloads/FreeRTOS_STM32F407/Application_005_Example_4.2_Using_Task_Parameter/Core/FreeRTOS/Source/include" -I"C:/Users/julio/Downloads/FreeRTOS_STM32F407/Application_005_Example_4.2_Using_Task_Parameter/Core/FreeRTOS/Source/portable/GCC/ARM_CM4F" -I../Drivers/STM32F4xx_HAL_Driver/Inc -I../Drivers/STM32F4xx_HAL_Driver/Inc/Legacy -I../Drivers/CMSIS/Device/ST/STM32F4xx/Include -I../Drivers/CMSIS/Include -O0 -ffunction-sections -fdata-sections -Wall -fstack-usage -fcyclomatic-complexity -MMD -MP -MF"Core/Src/main.d" -MT"Core/Src/main.o" --specs=nano.specs -mfpu=fpv4-sp-d16 -mfloat-abi=hard -mthumb -o "Core/Src/main.o"
../Core/Src/main.c:64:20: warning: 'pcTextForTask2' defined but not used [-Wunused-variable]
   64 | static const char *pcTextForTask2 = "Task2 is running";
      |                    ^~~~~~~~~~~~~~
arm-none-eabi-gcc -o "Application_005_Example_4.2_Using_Task_Parameter.elf" @"objects.list"   -mcpu=cortex-m4 -T"C:\Users\julio\Downloads\FreeRTOS_STM32F407\Application_005_Example_4.2_Using_Task_Parameter\STM32F407VGTX_FLASH.ld" --specs=nosys.specs -Wl,-Map="Application_005_Example_4.2_Using_Task_Parameter.map" -Wl,--gc-sections -static --specs=nano.specs -mfpu=fpv4-sp-d16 -mfloat-abi=hard -mthumb -Wl,--start-group -lc -lm -Wl,--end-group
Finished building target: Application_005_Example_4.2_Using_Task_Parameter.elf
 
arm-none-eabi-size  Application_005_Example_4.2_Using_Task_Parameter.elf 
arm-none-eabi-objdump -h -S Application_005_Example_4.2_Using_Task_Parameter.elf  > "Application_005_Example_4.2_Using_Task_Parameter.list"
   text	   data	    bss	    dec	    hex	filename
  13412	     20	  78772	  92204	  1682c	Application_005_Example_4.2_Using_Task_Parameter.elf
Finished building: default.size.stdout
 
Finished building: Application_005_Example_4.2_Using_Task_Parameter.list
 
16:42:58 **** Incremental Build of configuration Debug for project Application_001_Blinky ****
make -j8 all 
arm-none-eabi-size  Application_001_Blinky.elf 
   text	   data	    bss	    dec	    hex	filename
  16532	     20	  78844	  95396	  174a4	Application_001_Blinky.elf
Finished building: default.size.stdout
 
16:42:59 **** Incremental Build of configuration Debug for project Application_002_2_Separate_Blinky_Tasks ****
make -j8 all 
arm-none-eabi-size  Application_002_2_Separate_Blinky_Tasks.elf 
   text	   data	    bss	    dec	    hex	filename
  16612	     20	  78844	  95476	  174f4	Application_002_2_Separate_Blinky_Tasks.elf
Finished building: default.size.stdout
 
16:43:00 **** Incremental Build of configuration Debug for project Application_003_Example_4.1_Creating_Tasks_v1 ****
make -j8 all 
arm-none-eabi-size  Application_003_Example_4.1_Creating_Tasks_v1.elf 
   text	   data	    bss	    dec	    hex	filename
  18916	     20	  78916	  97852	  17e3c	Application_003_Example_4.1_Creating_Tasks_v1.elf
Finished building: default.size.stdout
 
16:43:01 **** Incremental Build of configuration Debug for project Application_004_Example_4.1_Creating_Tasks_v2 ****
make -j8 all 
arm-none-eabi-size  Application_004_Example_4.1_Creating_Tasks_v2.elf 
   text	   data	    bss	    dec	    hex	filename
  18920	     20	  78916	  97856	  17e40	Application_004_Example_4.1_Creating_Tasks_v2.elf
Finished building: default.size.stdout
 
16:43:01 **** Incremental Build of configuration Debug for project Application_005_Example_4.2_Using_Task_Parameter ****
make -j8 all 
arm-none-eabi-gcc "../Core/Src/main.c" -mcpu=cortex-m4 -std=gnu11 -g3 -DDEBUG -DUSE_HAL_DRIVER -DSTM32F407xx -c -I../Core/Inc -I"C:/Users/julio/Downloads/FreeRTOS_STM32F407/Application_005_Example_4.2_Using_Task_Parameter/Core/FreeRTOS" -I"C:/Users/julio/Downloads/FreeRTOS_STM32F407/Application_005_Example_4.2_Using_Task_Parameter/Core/FreeRTOS/Source/include" -I"C:/Users/julio/Downloads/FreeRTOS_STM32F407/Application_005_Example_4.2_Using_Task_Parameter/Core/FreeRTOS/Source/portable/GCC/ARM_CM4F" -I../Drivers/STM32F4xx_HAL_Driver/Inc -I../Drivers/STM32F4xx_HAL_Driver/Inc/Legacy -I../Drivers/CMSIS/Device/ST/STM32F4xx/Include -I../Drivers/CMSIS/Include -O0 -ffunction-sections -fdata-sections -Wall -fstack-usage -fcyclomatic-complexity -MMD -MP -MF"Core/Src/main.d" -MT"Core/Src/main.o" --specs=nano.specs -mfpu=fpv4-sp-d16 -mfloat-abi=hard -mthumb -o "Core/Src/main.o"
../Core/Src/main.c: In function 'UART2_Print_Text':
../Core/Src/main.c:286:13: warning: unused variable 'letter' [-Wunused-variable]
  286 |     uint8_t letter = text[ character ]; // BORRAR
      |             ^~~~~~
../Core/Src/main.c: At top level:
../Core/Src/main.c:64:20: warning: 'pcTextForTask2' defined but not used [-Wunused-variable]
   64 | static const char *pcTextForTask2 = "Task2 is running";
      |                    ^~~~~~~~~~~~~~
arm-none-eabi-gcc -o "Application_005_Example_4.2_Using_Task_Parameter.elf" @"objects.list"   -mcpu=cortex-m4 -T"C:\Users\julio\Downloads\FreeRTOS_STM32F407\Application_005_Example_4.2_Using_Task_Parameter\STM32F407VGTX_FLASH.ld" --specs=nosys.specs -Wl,-Map="Application_005_Example_4.2_Using_Task_Parameter.map" -Wl,--gc-sections -static --specs=nano.specs -mfpu=fpv4-sp-d16 -mfloat-abi=hard -mthumb -Wl,--start-group -lc -lm -Wl,--end-group
Finished building target: Application_005_Example_4.2_Using_Task_Parameter.elf
 
arm-none-eabi-size  Application_005_Example_4.2_Using_Task_Parameter.elf 
arm-none-eabi-objdump -h -S Application_005_Example_4.2_Using_Task_Parameter.elf  > "Application_005_Example_4.2_Using_Task_Parameter.list"
   text	   data	    bss	    dec	    hex	filename
  12752	     20	  78772	  91544	  16598	Application_005_Example_4.2_Using_Task_Parameter.elf
Finished building: default.size.stdout
 
Finished building: Application_005_Example_4.2_Using_Task_Parameter.list
 
16:43:07 **** Incremental Build of configuration Debug for project Application_005_Example_4.2_Using_Task_Parameter ****
make -j8 all 
arm-none-eabi-gcc "../Core/Src/main.c" -mcpu=cortex-m4 -std=gnu11 -g3 -DDEBUG -DUSE_HAL_DRIVER -DSTM32F407xx -c -I../Core/Inc -I"C:/Users/julio/Downloads/FreeRTOS_STM32F407/Application_005_Example_4.2_Using_Task_Parameter/Core/FreeRTOS" -I"C:/Users/julio/Downloads/FreeRTOS_STM32F407/Application_005_Example_4.2_Using_Task_Parameter/Core/FreeRTOS/Source/include" -I"C:/Users/julio/Downloads/FreeRTOS_STM32F407/Application_005_Example_4.2_Using_Task_Parameter/Core/FreeRTOS/Source/portable/GCC/ARM_CM4F" -I../Drivers/STM32F4xx_HAL_Driver/Inc -I../Drivers/STM32F4xx_HAL_Driver/Inc/Legacy -I../Drivers/CMSIS/Device/ST/STM32F4xx/Include -I../Drivers/CMSIS/Include -O0 -ffunction-sections -fdata-sections -Wall -fstack-usage -fcyclomatic-complexity -MMD -MP -MF"Core/Src/main.d" -MT"Core/Src/main.o" --specs=nano.specs -mfpu=fpv4-sp-d16 -mfloat-abi=hard -mthumb -o "Core/Src/main.o"
../Core/Src/main.c: In function 'UART2_Print_Text':
../Core/Src/main.c:286:13: warning: unused variable 'letter' [-Wunused-variable]
  286 |     uint8_t letter = text[ character ]; // BORRAR
      |             ^~~~~~
../Core/Src/main.c: At top level:
../Core/Src/main.c:64:20: warning: 'pcTextForTask2' defined but not used [-Wunused-variable]
   64 | static const char *pcTextForTask2 = "Task2 is running";
      |                    ^~~~~~~~~~~~~~
arm-none-eabi-gcc -o "Application_005_Example_4.2_Using_Task_Parameter.elf" @"objects.list"   -mcpu=cortex-m4 -T"C:\Users\julio\Downloads\FreeRTOS_STM32F407\Application_005_Example_4.2_Using_Task_Parameter\STM32F407VGTX_FLASH.ld" --specs=nosys.specs -Wl,-Map="Application_005_Example_4.2_Using_Task_Parameter.map" -Wl,--gc-sections -static --specs=nano.specs -mfpu=fpv4-sp-d16 -mfloat-abi=hard -mthumb -Wl,--start-group -lc -lm -Wl,--end-group
Finished building target: Application_005_Example_4.2_Using_Task_Parameter.elf
 
arm-none-eabi-size  Application_005_Example_4.2_Using_Task_Parameter.elf 
arm-none-eabi-objdump -h -S Application_005_Example_4.2_Using_Task_Parameter.elf  > "Application_005_Example_4.2_Using_Task_Parameter.list"
   text	   data	    bss	    dec	    hex	filename
  12752	     20	  78772	  91544	  16598	Application_005_Example_4.2_Using_Task_Parameter.elf
Finished building: default.size.stdout
 
Finished building: Application_005_Example_4.2_Using_Task_Parameter.list
 
16:44:41 **** Incremental Build of configuration Debug for project Application_005_Example_4.2_Using_Task_Parameter ****
make -j8 all 
arm-none-eabi-gcc "../Core/Src/main.c" -mcpu=cortex-m4 -std=gnu11 -g3 -DDEBUG -DUSE_HAL_DRIVER -DSTM32F407xx -c -I../Core/Inc -I"C:/Users/julio/Downloads/FreeRTOS_STM32F407/Application_005_Example_4.2_Using_Task_Parameter/Core/FreeRTOS" -I"C:/Users/julio/Downloads/FreeRTOS_STM32F407/Application_005_Example_4.2_Using_Task_Parameter/Core/FreeRTOS/Source/include" -I"C:/Users/julio/Downloads/FreeRTOS_STM32F407/Application_005_Example_4.2_Using_Task_Parameter/Core/FreeRTOS/Source/portable/GCC/ARM_CM4F" -I../Drivers/STM32F4xx_HAL_Driver/Inc -I../Drivers/STM32F4xx_HAL_Driver/Inc/Legacy -I../Drivers/CMSIS/Device/ST/STM32F4xx/Include -I../Drivers/CMSIS/Include -O0 -ffunction-sections -fdata-sections -Wall -fstack-usage -fcyclomatic-complexity -MMD -MP -MF"Core/Src/main.d" -MT"Core/Src/main.o" --specs=nano.specs -mfpu=fpv4-sp-d16 -mfloat-abi=hard -mthumb -o "Core/Src/main.o"
../Core/Src/main.c: In function 'UART2_Print_Text':
../Core/Src/main.c:287:5: warning: statement with no effect [-Wunused-value]
  287 |     letter; // BORRAR
      |     ^~~~~~
../Core/Src/main.c: At top level:
../Core/Src/main.c:64:20: warning: 'pcTextForTask2' defined but not used [-Wunused-variable]
   64 | static const char *pcTextForTask2 = "Task2 is running";
      |                    ^~~~~~~~~~~~~~
arm-none-eabi-gcc -o "Application_005_Example_4.2_Using_Task_Parameter.elf" @"objects.list"   -mcpu=cortex-m4 -T"C:\Users\julio\Downloads\FreeRTOS_STM32F407\Application_005_Example_4.2_Using_Task_Parameter\STM32F407VGTX_FLASH.ld" --specs=nosys.specs -Wl,-Map="Application_005_Example_4.2_Using_Task_Parameter.map" -Wl,--gc-sections -static --specs=nano.specs -mfpu=fpv4-sp-d16 -mfloat-abi=hard -mthumb -Wl,--start-group -lc -lm -Wl,--end-group
Finished building target: Application_005_Example_4.2_Using_Task_Parameter.elf
 
arm-none-eabi-size  Application_005_Example_4.2_Using_Task_Parameter.elf 
arm-none-eabi-objdump -h -S Application_005_Example_4.2_Using_Task_Parameter.elf  > "Application_005_Example_4.2_Using_Task_Parameter.list"
   text	   data	    bss	    dec	    hex	filename
  12752	     20	  78772	  91544	  16598	Application_005_Example_4.2_Using_Task_Parameter.elf
Finished building: default.size.stdout
 
Finished building: Application_005_Example_4.2_Using_Task_Parameter.list
 
16:45:56 **** Incremental Build of configuration Debug for project Application_005_Example_4.2_Using_Task_Parameter ****
make -j8 all 
arm-none-eabi-gcc "../Core/Src/main.c" -mcpu=cortex-m4 -std=gnu11 -g3 -DDEBUG -DUSE_HAL_DRIVER -DSTM32F407xx -c -I../Core/Inc -I"C:/Users/julio/Downloads/FreeRTOS_STM32F407/Application_005_Example_4.2_Using_Task_Parameter/Core/FreeRTOS" -I"C:/Users/julio/Downloads/FreeRTOS_STM32F407/Application_005_Example_4.2_Using_Task_Parameter/Core/FreeRTOS/Source/include" -I"C:/Users/julio/Downloads/FreeRTOS_STM32F407/Application_005_Example_4.2_Using_Task_Parameter/Core/FreeRTOS/Source/portable/GCC/ARM_CM4F" -I../Drivers/STM32F4xx_HAL_Driver/Inc -I../Drivers/STM32F4xx_HAL_Driver/Inc/Legacy -I../Drivers/CMSIS/Device/ST/STM32F4xx/Include -I../Drivers/CMSIS/Include -O0 -ffunction-sections -fdata-sections -Wall -fstack-usage -fcyclomatic-complexity -MMD -MP -MF"Core/Src/main.d" -MT"Core/Src/main.o" --specs=nano.specs -mfpu=fpv4-sp-d16 -mfloat-abi=hard -mthumb -o "Core/Src/main.o"
../Core/Src/main.c: In function 'UART2_Print_Text':
../Core/Src/main.c:281:11: warning: variable 'letter' set but not used [-Wunused-but-set-variable]
  281 |   uint8_t letter; // BORRAR
      |           ^~~~~~
../Core/Src/main.c: At top level:
../Core/Src/main.c:64:20: warning: 'pcTextForTask2' defined but not used [-Wunused-variable]
   64 | static const char *pcTextForTask2 = "Task2 is running";
      |                    ^~~~~~~~~~~~~~
arm-none-eabi-gcc -o "Application_005_Example_4.2_Using_Task_Parameter.elf" @"objects.list"   -mcpu=cortex-m4 -T"C:\Users\julio\Downloads\FreeRTOS_STM32F407\Application_005_Example_4.2_Using_Task_Parameter\STM32F407VGTX_FLASH.ld" --specs=nosys.specs -Wl,-Map="Application_005_Example_4.2_Using_Task_Parameter.map" -Wl,--gc-sections -static --specs=nano.specs -mfpu=fpv4-sp-d16 -mfloat-abi=hard -mthumb -Wl,--start-group -lc -lm -Wl,--end-group
Finished building target: Application_005_Example_4.2_Using_Task_Parameter.elf
 
arm-none-eabi-size  Application_005_Example_4.2_Using_Task_Parameter.elf 
arm-none-eabi-objdump -h -S Application_005_Example_4.2_Using_Task_Parameter.elf  > "Application_005_Example_4.2_Using_Task_Parameter.list"
   text	   data	    bss	    dec	    hex	filename
  12752	     20	  78772	  91544	  16598	Application_005_Example_4.2_Using_Task_Parameter.elf
Finished building: default.size.stdout
 
Finished building: Application_005_Example_4.2_Using_Task_Parameter.list
 
16:47:33 **** Incremental Build of configuration Debug for project Application_005_Example_4.2_Using_Task_Parameter ****
make -j8 all 
arm-none-eabi-gcc "../Core/Src/main.c" -mcpu=cortex-m4 -std=gnu11 -g3 -DDEBUG -DUSE_HAL_DRIVER -DSTM32F407xx -c -I../Core/Inc -I"C:/Users/julio/Downloads/FreeRTOS_STM32F407/Application_005_Example_4.2_Using_Task_Parameter/Core/FreeRTOS" -I"C:/Users/julio/Downloads/FreeRTOS_STM32F407/Application_005_Example_4.2_Using_Task_Parameter/Core/FreeRTOS/Source/include" -I"C:/Users/julio/Downloads/FreeRTOS_STM32F407/Application_005_Example_4.2_Using_Task_Parameter/Core/FreeRTOS/Source/portable/GCC/ARM_CM4F" -I../Drivers/STM32F4xx_HAL_Driver/Inc -I../Drivers/STM32F4xx_HAL_Driver/Inc/Legacy -I../Drivers/CMSIS/Device/ST/STM32F4xx/Include -I../Drivers/CMSIS/Include -O0 -ffunction-sections -fdata-sections -Wall -fstack-usage -fcyclomatic-complexity -MMD -MP -MF"Core/Src/main.d" -MT"Core/Src/main.o" --specs=nano.specs -mfpu=fpv4-sp-d16 -mfloat-abi=hard -mthumb -o "Core/Src/main.o"
../Core/Src/main.c: In function 'UART2_Print_Text':
../Core/Src/main.c:281:11: warning: variable 'letter' set but not used [-Wunused-but-set-variable]
  281 |   uint8_t letter; // BORRAR
      |           ^~~~~~
../Core/Src/main.c: At top level:
../Core/Src/main.c:64:20: warning: 'pcTextForTask2' defined but not used [-Wunused-variable]
   64 | static const char *pcTextForTask2 = "Task2 is running";
      |                    ^~~~~~~~~~~~~~
arm-none-eabi-gcc -o "Application_005_Example_4.2_Using_Task_Parameter.elf" @"objects.list"   -mcpu=cortex-m4 -T"C:\Users\julio\Downloads\FreeRTOS_STM32F407\Application_005_Example_4.2_Using_Task_Parameter\STM32F407VGTX_FLASH.ld" --specs=nosys.specs -Wl,-Map="Application_005_Example_4.2_Using_Task_Parameter.map" -Wl,--gc-sections -static --specs=nano.specs -mfpu=fpv4-sp-d16 -mfloat-abi=hard -mthumb -Wl,--start-group -lc -lm -Wl,--end-group
Finished building target: Application_005_Example_4.2_Using_Task_Parameter.elf
 
arm-none-eabi-size  Application_005_Example_4.2_Using_Task_Parameter.elf 
arm-none-eabi-objdump -h -S Application_005_Example_4.2_Using_Task_Parameter.elf  > "Application_005_Example_4.2_Using_Task_Parameter.list"
   text	   data	    bss	    dec	    hex	filename
  12752	     20	  78772	  91544	  16598	Application_005_Example_4.2_Using_Task_Parameter.elf
Finished building: default.size.stdout
 
Finished building: Application_005_Example_4.2_Using_Task_Parameter.list
 
16:49:06 **** Incremental Build of configuration Debug for project Application_005_Example_4.2_Using_Task_Parameter ****
make -j8 all 
arm-none-eabi-gcc "../Core/Src/main.c" -mcpu=cortex-m4 -std=gnu11 -g3 -DDEBUG -DUSE_HAL_DRIVER -DSTM32F407xx -c -I../Core/Inc -I"C:/Users/julio/Downloads/FreeRTOS_STM32F407/Application_005_Example_4.2_Using_Task_Parameter/Core/FreeRTOS" -I"C:/Users/julio/Downloads/FreeRTOS_STM32F407/Application_005_Example_4.2_Using_Task_Parameter/Core/FreeRTOS/Source/include" -I"C:/Users/julio/Downloads/FreeRTOS_STM32F407/Application_005_Example_4.2_Using_Task_Parameter/Core/FreeRTOS/Source/portable/GCC/ARM_CM4F" -I../Drivers/STM32F4xx_HAL_Driver/Inc -I../Drivers/STM32F4xx_HAL_Driver/Inc/Legacy -I../Drivers/CMSIS/Device/ST/STM32F4xx/Include -I../Drivers/CMSIS/Include -O0 -ffunction-sections -fdata-sections -Wall -fstack-usage -fcyclomatic-complexity -MMD -MP -MF"Core/Src/main.d" -MT"Core/Src/main.o" --specs=nano.specs -mfpu=fpv4-sp-d16 -mfloat-abi=hard -mthumb -o "Core/Src/main.o"
../Core/Src/main.c: In function 'UART2_Print_Text':
../Core/Src/main.c:281:11: warning: variable 'letter' set but not used [-Wunused-but-set-variable]
  281 |   uint8_t letter; // BORRAR
      |           ^~~~~~
../Core/Src/main.c: At top level:
../Core/Src/main.c:64:20: warning: 'pcTextForTask2' defined but not used [-Wunused-variable]
   64 | static const char *pcTextForTask2 = "Task2 is running";
      |                    ^~~~~~~~~~~~~~
arm-none-eabi-gcc -o "Application_005_Example_4.2_Using_Task_Parameter.elf" @"objects.list"   -mcpu=cortex-m4 -T"C:\Users\julio\Downloads\FreeRTOS_STM32F407\Application_005_Example_4.2_Using_Task_Parameter\STM32F407VGTX_FLASH.ld" --specs=nosys.specs -Wl,-Map="Application_005_Example_4.2_Using_Task_Parameter.map" -Wl,--gc-sections -static --specs=nano.specs -mfpu=fpv4-sp-d16 -mfloat-abi=hard -mthumb -Wl,--start-group -lc -lm -Wl,--end-group
Finished building target: Application_005_Example_4.2_Using_Task_Parameter.elf
 
arm-none-eabi-size  Application_005_Example_4.2_Using_Task_Parameter.elf 
arm-none-eabi-objdump -h -S Application_005_Example_4.2_Using_Task_Parameter.elf  > "Application_005_Example_4.2_Using_Task_Parameter.list"
   text	   data	    bss	    dec	    hex	filename
  12760	     20	  78772	  91552	  165a0	Application_005_Example_4.2_Using_Task_Parameter.elf
Finished building: default.size.stdout
 
Finished building: Application_005_Example_4.2_Using_Task_Parameter.list
 
16:49:55 **** Incremental Build of configuration Debug for project Application_001_Blinky ****
make -j8 all 
arm-none-eabi-size  Application_001_Blinky.elf 
   text	   data	    bss	    dec	    hex	filename
  16532	     20	  78844	  95396	  174a4	Application_001_Blinky.elf
Finished building: default.size.stdout
 
16:49:55 **** Incremental Build of configuration Debug for project Application_002_2_Separate_Blinky_Tasks ****
make -j8 all 
arm-none-eabi-size  Application_002_2_Separate_Blinky_Tasks.elf 
   text	   data	    bss	    dec	    hex	filename
  16612	     20	  78844	  95476	  174f4	Application_002_2_Separate_Blinky_Tasks.elf
Finished building: default.size.stdout
 
16:49:56 **** Incremental Build of configuration Debug for project Application_003_Example_4.1_Creating_Tasks_v1 ****
make -j8 all 
arm-none-eabi-size  Application_003_Example_4.1_Creating_Tasks_v1.elf 
   text	   data	    bss	    dec	    hex	filename
  18916	     20	  78916	  97852	  17e3c	Application_003_Example_4.1_Creating_Tasks_v1.elf
Finished building: default.size.stdout
 
16:49:57 **** Incremental Build of configuration Debug for project Application_004_Example_4.1_Creating_Tasks_v2 ****
make -j8 all 
arm-none-eabi-size  Application_004_Example_4.1_Creating_Tasks_v2.elf 
   text	   data	    bss	    dec	    hex	filename
  18920	     20	  78916	  97856	  17e40	Application_004_Example_4.1_Creating_Tasks_v2.elf
Finished building: default.size.stdout
 
16:49:58 **** Incremental Build of configuration Debug for project Application_005_Example_4.2_Using_Task_Parameter ****
make -j8 all 
arm-none-eabi-gcc "../Core/Src/main.c" -mcpu=cortex-m4 -std=gnu11 -g3 -DDEBUG -DUSE_HAL_DRIVER -DSTM32F407xx -c -I../Core/Inc -I"C:/Users/julio/Downloads/FreeRTOS_STM32F407/Application_005_Example_4.2_Using_Task_Parameter/Core/FreeRTOS" -I"C:/Users/julio/Downloads/FreeRTOS_STM32F407/Application_005_Example_4.2_Using_Task_Parameter/Core/FreeRTOS/Source/include" -I"C:/Users/julio/Downloads/FreeRTOS_STM32F407/Application_005_Example_4.2_Using_Task_Parameter/Core/FreeRTOS/Source/portable/GCC/ARM_CM4F" -I../Drivers/STM32F4xx_HAL_Driver/Inc -I../Drivers/STM32F4xx_HAL_Driver/Inc/Legacy -I../Drivers/CMSIS/Device/ST/STM32F4xx/Include -I../Drivers/CMSIS/Include -O0 -ffunction-sections -fdata-sections -Wall -fstack-usage -fcyclomatic-complexity -MMD -MP -MF"Core/Src/main.d" -MT"Core/Src/main.o" --specs=nano.specs -mfpu=fpv4-sp-d16 -mfloat-abi=hard -mthumb -o "Core/Src/main.o"
../Core/Src/main.c: In function 'UART2_Print_Text':
../Core/Src/main.c:281:11: warning: variable 'letter' set but not used [-Wunused-but-set-variable]
  281 |   uint8_t letter; // BORRAR
      |           ^~~~~~
../Core/Src/main.c: At top level:
../Core/Src/main.c:64:20: warning: 'pcTextForTask2' defined but not used [-Wunused-variable]
   64 | static const char *pcTextForTask2 = "Task2 is running";
      |                    ^~~~~~~~~~~~~~
arm-none-eabi-gcc -o "Application_005_Example_4.2_Using_Task_Parameter.elf" @"objects.list"   -mcpu=cortex-m4 -T"C:\Users\julio\Downloads\FreeRTOS_STM32F407\Application_005_Example_4.2_Using_Task_Parameter\STM32F407VGTX_FLASH.ld" --specs=nosys.specs -Wl,-Map="Application_005_Example_4.2_Using_Task_Parameter.map" -Wl,--gc-sections -static --specs=nano.specs -mfpu=fpv4-sp-d16 -mfloat-abi=hard -mthumb -Wl,--start-group -lc -lm -Wl,--end-group
Finished building target: Application_005_Example_4.2_Using_Task_Parameter.elf
 
arm-none-eabi-size  Application_005_Example_4.2_Using_Task_Parameter.elf 
arm-none-eabi-objdump -h -S Application_005_Example_4.2_Using_Task_Parameter.elf  > "Application_005_Example_4.2_Using_Task_Parameter.list"
   text	   data	    bss	    dec	    hex	filename
  12760	     20	  78772	  91552	  165a0	Application_005_Example_4.2_Using_Task_Parameter.elf
Finished building: default.size.stdout
 
Finished building: Application_005_Example_4.2_Using_Task_Parameter.list
 
16:50:10 **** Incremental Build of configuration Debug for project Application_005_Example_4.2_Using_Task_Parameter ****
make -j8 all 
arm-none-eabi-gcc "../Core/Src/main.c" -mcpu=cortex-m4 -std=gnu11 -g3 -DDEBUG -DUSE_HAL_DRIVER -DSTM32F407xx -c -I../Core/Inc -I"C:/Users/julio/Downloads/FreeRTOS_STM32F407/Application_005_Example_4.2_Using_Task_Parameter/Core/FreeRTOS" -I"C:/Users/julio/Downloads/FreeRTOS_STM32F407/Application_005_Example_4.2_Using_Task_Parameter/Core/FreeRTOS/Source/include" -I"C:/Users/julio/Downloads/FreeRTOS_STM32F407/Application_005_Example_4.2_Using_Task_Parameter/Core/FreeRTOS/Source/portable/GCC/ARM_CM4F" -I../Drivers/STM32F4xx_HAL_Driver/Inc -I../Drivers/STM32F4xx_HAL_Driver/Inc/Legacy -I../Drivers/CMSIS/Device/ST/STM32F4xx/Include -I../Drivers/CMSIS/Include -O0 -ffunction-sections -fdata-sections -Wall -fstack-usage -fcyclomatic-complexity -MMD -MP -MF"Core/Src/main.d" -MT"Core/Src/main.o" --specs=nano.specs -mfpu=fpv4-sp-d16 -mfloat-abi=hard -mthumb -o "Core/Src/main.o"
../Core/Src/main.c: In function 'UART2_Print_Text':
../Core/Src/main.c:281:11: warning: variable 'letter' set but not used [-Wunused-but-set-variable]
  281 |   uint8_t letter; // BORRAR
      |           ^~~~~~
../Core/Src/main.c: At top level:
../Core/Src/main.c:64:20: warning: 'pcTextForTask2' defined but not used [-Wunused-variable]
   64 | static const char *pcTextForTask2 = "Task2 is running";
      |                    ^~~~~~~~~~~~~~
arm-none-eabi-gcc -o "Application_005_Example_4.2_Using_Task_Parameter.elf" @"objects.list"   -mcpu=cortex-m4 -T"C:\Users\julio\Downloads\FreeRTOS_STM32F407\Application_005_Example_4.2_Using_Task_Parameter\STM32F407VGTX_FLASH.ld" --specs=nosys.specs -Wl,-Map="Application_005_Example_4.2_Using_Task_Parameter.map" -Wl,--gc-sections -static --specs=nano.specs -mfpu=fpv4-sp-d16 -mfloat-abi=hard -mthumb -Wl,--start-group -lc -lm -Wl,--end-group
Finished building target: Application_005_Example_4.2_Using_Task_Parameter.elf
 
arm-none-eabi-size  Application_005_Example_4.2_Using_Task_Parameter.elf 
arm-none-eabi-objdump -h -S Application_005_Example_4.2_Using_Task_Parameter.elf  > "Application_005_Example_4.2_Using_Task_Parameter.list"
   text	   data	    bss	    dec	    hex	filename
  12760	     20	  78772	  91552	  165a0	Application_005_Example_4.2_Using_Task_Parameter.elf
Finished building: default.size.stdout
 
Finished building: Application_005_Example_4.2_Using_Task_Parameter.list
 
16:51:37 **** Incremental Build of configuration Debug for project Application_005_Example_4.2_Using_Task_Parameter ****
make -j8 all 
arm-none-eabi-gcc "../Core/Src/main.c" -mcpu=cortex-m4 -std=gnu11 -g3 -DDEBUG -DUSE_HAL_DRIVER -DSTM32F407xx -c -I../Core/Inc -I"C:/Users/julio/Downloads/FreeRTOS_STM32F407/Application_005_Example_4.2_Using_Task_Parameter/Core/FreeRTOS" -I"C:/Users/julio/Downloads/FreeRTOS_STM32F407/Application_005_Example_4.2_Using_Task_Parameter/Core/FreeRTOS/Source/include" -I"C:/Users/julio/Downloads/FreeRTOS_STM32F407/Application_005_Example_4.2_Using_Task_Parameter/Core/FreeRTOS/Source/portable/GCC/ARM_CM4F" -I../Drivers/STM32F4xx_HAL_Driver/Inc -I../Drivers/STM32F4xx_HAL_Driver/Inc/Legacy -I../Drivers/CMSIS/Device/ST/STM32F4xx/Include -I../Drivers/CMSIS/Include -O0 -ffunction-sections -fdata-sections -Wall -fstack-usage -fcyclomatic-complexity -MMD -MP -MF"Core/Src/main.d" -MT"Core/Src/main.o" --specs=nano.specs -mfpu=fpv4-sp-d16 -mfloat-abi=hard -mthumb -o "Core/Src/main.o"
../Core/Src/main.c: In function 'UART2_Print_Text':
../Core/Src/main.c:281:11: warning: unused variable 'letter' [-Wunused-variable]
  281 |   uint8_t letter; // BORRAR
      |           ^~~~~~
../Core/Src/main.c: At top level:
../Core/Src/main.c:64:20: warning: 'pcTextForTask2' defined but not used [-Wunused-variable]
   64 | static const char *pcTextForTask2 = "Task2 is running";
      |                    ^~~~~~~~~~~~~~
arm-none-eabi-gcc -o "Application_005_Example_4.2_Using_Task_Parameter.elf" @"objects.list"   -mcpu=cortex-m4 -T"C:\Users\julio\Downloads\FreeRTOS_STM32F407\Application_005_Example_4.2_Using_Task_Parameter\STM32F407VGTX_FLASH.ld" --specs=nosys.specs -Wl,-Map="Application_005_Example_4.2_Using_Task_Parameter.map" -Wl,--gc-sections -static --specs=nano.specs -mfpu=fpv4-sp-d16 -mfloat-abi=hard -mthumb -Wl,--start-group -lc -lm -Wl,--end-group
Finished building target: Application_005_Example_4.2_Using_Task_Parameter.elf
 
arm-none-eabi-size  Application_005_Example_4.2_Using_Task_Parameter.elf 
arm-none-eabi-objdump -h -S Application_005_Example_4.2_Using_Task_Parameter.elf  > "Application_005_Example_4.2_Using_Task_Parameter.list"
   text	   data	    bss	    dec	    hex	filename
  13420	     20	  78772	  92212	  16834	Application_005_Example_4.2_Using_Task_Parameter.elf
Finished building: default.size.stdout
 
Finished building: Application_005_Example_4.2_Using_Task_Parameter.list
 
16:53:22 **** Incremental Build of configuration Debug for project Application_001_Blinky ****
make -j8 all 
arm-none-eabi-size  Application_001_Blinky.elf 
   text	   data	    bss	    dec	    hex	filename
  16532	     20	  78844	  95396	  174a4	Application_001_Blinky.elf
Finished building: default.size.stdout
 
16:53:22 **** Incremental Build of configuration Debug for project Application_002_2_Separate_Blinky_Tasks ****
make -j8 all 
arm-none-eabi-size  Application_002_2_Separate_Blinky_Tasks.elf 
   text	   data	    bss	    dec	    hex	filename
  16612	     20	  78844	  95476	  174f4	Application_002_2_Separate_Blinky_Tasks.elf
Finished building: default.size.stdout
 
16:53:23 **** Incremental Build of configuration Debug for project Application_003_Example_4.1_Creating_Tasks_v1 ****
make -j8 all 
arm-none-eabi-size  Application_003_Example_4.1_Creating_Tasks_v1.elf 
   text	   data	    bss	    dec	    hex	filename
  18916	     20	  78916	  97852	  17e3c	Application_003_Example_4.1_Creating_Tasks_v1.elf
Finished building: default.size.stdout
 
16:53:24 **** Incremental Build of configuration Debug for project Application_004_Example_4.1_Creating_Tasks_v2 ****
make -j8 all 
arm-none-eabi-size  Application_004_Example_4.1_Creating_Tasks_v2.elf 
   text	   data	    bss	    dec	    hex	filename
  18920	     20	  78916	  97856	  17e40	Application_004_Example_4.1_Creating_Tasks_v2.elf
Finished building: default.size.stdout
 
16:53:25 **** Incremental Build of configuration Debug for project Application_005_Example_4.2_Using_Task_Parameter ****
make -j8 all 
arm-none-eabi-gcc "../Core/Src/main.c" -mcpu=cortex-m4 -std=gnu11 -g3 -DDEBUG -DUSE_HAL_DRIVER -DSTM32F407xx -c -I../Core/Inc -I"C:/Users/julio/Downloads/FreeRTOS_STM32F407/Application_005_Example_4.2_Using_Task_Parameter/Core/FreeRTOS" -I"C:/Users/julio/Downloads/FreeRTOS_STM32F407/Application_005_Example_4.2_Using_Task_Parameter/Core/FreeRTOS/Source/include" -I"C:/Users/julio/Downloads/FreeRTOS_STM32F407/Application_005_Example_4.2_Using_Task_Parameter/Core/FreeRTOS/Source/portable/GCC/ARM_CM4F" -I../Drivers/STM32F4xx_HAL_Driver/Inc -I../Drivers/STM32F4xx_HAL_Driver/Inc/Legacy -I../Drivers/CMSIS/Device/ST/STM32F4xx/Include -I../Drivers/CMSIS/Include -O0 -ffunction-sections -fdata-sections -Wall -fstack-usage -fcyclomatic-complexity -MMD -MP -MF"Core/Src/main.d" -MT"Core/Src/main.o" --specs=nano.specs -mfpu=fpv4-sp-d16 -mfloat-abi=hard -mthumb -o "Core/Src/main.o"
../Core/Src/main.c: In function 'UART2_Print_Text':
../Core/Src/main.c:281:11: warning: unused variable 'letter' [-Wunused-variable]
  281 |   uint8_t letter; // BORRAR
      |           ^~~~~~
../Core/Src/main.c: At top level:
../Core/Src/main.c:64:20: warning: 'pcTextForTask2' defined but not used [-Wunused-variable]
   64 | static const char *pcTextForTask2 = "Task2 is running";
      |                    ^~~~~~~~~~~~~~
arm-none-eabi-gcc -o "Application_005_Example_4.2_Using_Task_Parameter.elf" @"objects.list"   -mcpu=cortex-m4 -T"C:\Users\julio\Downloads\FreeRTOS_STM32F407\Application_005_Example_4.2_Using_Task_Parameter\STM32F407VGTX_FLASH.ld" --specs=nosys.specs -Wl,-Map="Application_005_Example_4.2_Using_Task_Parameter.map" -Wl,--gc-sections -static --specs=nano.specs -mfpu=fpv4-sp-d16 -mfloat-abi=hard -mthumb -Wl,--start-group -lc -lm -Wl,--end-group
Finished building target: Application_005_Example_4.2_Using_Task_Parameter.elf
 
arm-none-eabi-size  Application_005_Example_4.2_Using_Task_Parameter.elf 
arm-none-eabi-objdump -h -S Application_005_Example_4.2_Using_Task_Parameter.elf  > "Application_005_Example_4.2_Using_Task_Parameter.list"
   text	   data	    bss	    dec	    hex	filename
  13420	     20	  78772	  92212	  16834	Application_005_Example_4.2_Using_Task_Parameter.elf
Finished building: default.size.stdout
 
Finished building: Application_005_Example_4.2_Using_Task_Parameter.list
 
16:53:37 **** Incremental Build of configuration Debug for project Application_001_Blinky ****
make -j8 all 
arm-none-eabi-size  Application_001_Blinky.elf 
   text	   data	    bss	    dec	    hex	filename
  16532	     20	  78844	  95396	  174a4	Application_001_Blinky.elf
Finished building: default.size.stdout
 
16:53:38 **** Incremental Build of configuration Debug for project Application_002_2_Separate_Blinky_Tasks ****
make -j8 all 
arm-none-eabi-size  Application_002_2_Separate_Blinky_Tasks.elf 
   text	   data	    bss	    dec	    hex	filename
  16612	     20	  78844	  95476	  174f4	Application_002_2_Separate_Blinky_Tasks.elf
Finished building: default.size.stdout
 
16:53:39 **** Incremental Build of configuration Debug for project Application_003_Example_4.1_Creating_Tasks_v1 ****
make -j8 all 
arm-none-eabi-size  Application_003_Example_4.1_Creating_Tasks_v1.elf 
   text	   data	    bss	    dec	    hex	filename
  18916	     20	  78916	  97852	  17e3c	Application_003_Example_4.1_Creating_Tasks_v1.elf
Finished building: default.size.stdout
 
16:53:40 **** Incremental Build of configuration Debug for project Application_004_Example_4.1_Creating_Tasks_v2 ****
make -j8 all 
arm-none-eabi-size  Application_004_Example_4.1_Creating_Tasks_v2.elf 
   text	   data	    bss	    dec	    hex	filename
  18920	     20	  78916	  97856	  17e40	Application_004_Example_4.1_Creating_Tasks_v2.elf
Finished building: default.size.stdout
 
16:53:41 **** Incremental Build of configuration Debug for project Application_005_Example_4.2_Using_Task_Parameter ****
make -j8 all 
arm-none-eabi-gcc -o "Application_005_Example_4.2_Using_Task_Parameter.elf" @"objects.list"   -mcpu=cortex-m4 -T"C:\Users\julio\Downloads\FreeRTOS_STM32F407\Application_005_Example_4.2_Using_Task_Parameter\STM32F407VGTX_FLASH.ld" --specs=nosys.specs -Wl,-Map="Application_005_Example_4.2_Using_Task_Parameter.map" -Wl,--gc-sections -static --specs=nano.specs -mfpu=fpv4-sp-d16 -mfloat-abi=hard -mthumb -Wl,--start-group -lc -lm -Wl,--end-group
Finished building target: Application_005_Example_4.2_Using_Task_Parameter.elf
 
arm-none-eabi-size  Application_005_Example_4.2_Using_Task_Parameter.elf 
arm-none-eabi-objdump -h -S Application_005_Example_4.2_Using_Task_Parameter.elf  > "Application_005_Example_4.2_Using_Task_Parameter.list"
   text	   data	    bss	    dec	    hex	filename
  13420	     20	  78772	  92212	  16834	Application_005_Example_4.2_Using_Task_Parameter.elf
Finished building: default.size.stdout
 
Finished building: Application_005_Example_4.2_Using_Task_Parameter.list
 
16:53:45 **** Incremental Build of configuration Debug for project Application_005_Example_4.2_Using_Task_Parameter ****
make -j8 all 
arm-none-eabi-size  Application_005_Example_4.2_Using_Task_Parameter.elf 
   text	   data	    bss	    dec	    hex	filename
  13420	     20	  78772	  92212	  16834	Application_005_Example_4.2_Using_Task_Parameter.elf
Finished building: default.size.stdout
 
16:58:20 **** Incremental Build of configuration Debug for project Application_001_Blinky ****
make -j8 all 
arm-none-eabi-size  Application_001_Blinky.elf 
   text	   data	    bss	    dec	    hex	filename
  16532	     20	  78844	  95396	  174a4	Application_001_Blinky.elf
Finished building: default.size.stdout
 
16:58:21 **** Incremental Build of configuration Debug for project Application_002_2_Separate_Blinky_Tasks ****
make -j8 all 
arm-none-eabi-size  Application_002_2_Separate_Blinky_Tasks.elf 
   text	   data	    bss	    dec	    hex	filename
  16612	     20	  78844	  95476	  174f4	Application_002_2_Separate_Blinky_Tasks.elf
Finished building: default.size.stdout
 
16:58:22 **** Incremental Build of configuration Debug for project Application_003_Example_4.1_Creating_Tasks_v1 ****
make -j8 all 
arm-none-eabi-size  Application_003_Example_4.1_Creating_Tasks_v1.elf 
   text	   data	    bss	    dec	    hex	filename
  18916	     20	  78916	  97852	  17e3c	Application_003_Example_4.1_Creating_Tasks_v1.elf
Finished building: default.size.stdout
 
16:58:23 **** Incremental Build of configuration Debug for project Application_004_Example_4.1_Creating_Tasks_v2 ****
make -j8 all 
arm-none-eabi-size  Application_004_Example_4.1_Creating_Tasks_v2.elf 
   text	   data	    bss	    dec	    hex	filename
  18920	     20	  78916	  97856	  17e40	Application_004_Example_4.1_Creating_Tasks_v2.elf
Finished building: default.size.stdout
 
16:58:23 **** Incremental Build of configuration Debug for project Application_005_Example_4.2_Using_Task_Parameter ****
make -j8 all 
arm-none-eabi-gcc "../Core/Src/main.c" -mcpu=cortex-m4 -std=gnu11 -g3 -DDEBUG -DUSE_HAL_DRIVER -DSTM32F407xx -c -I../Core/Inc -I"C:/Users/julio/Downloads/FreeRTOS_STM32F407/Application_005_Example_4.2_Using_Task_Parameter/Core/FreeRTOS" -I"C:/Users/julio/Downloads/FreeRTOS_STM32F407/Application_005_Example_4.2_Using_Task_Parameter/Core/FreeRTOS/Source/include" -I"C:/Users/julio/Downloads/FreeRTOS_STM32F407/Application_005_Example_4.2_Using_Task_Parameter/Core/FreeRTOS/Source/portable/GCC/ARM_CM4F" -I../Drivers/STM32F4xx_HAL_Driver/Inc -I../Drivers/STM32F4xx_HAL_Driver/Inc/Legacy -I../Drivers/CMSIS/Device/ST/STM32F4xx/Include -I../Drivers/CMSIS/Include -O0 -ffunction-sections -fdata-sections -Wall -fstack-usage -fcyclomatic-complexity -MMD -MP -MF"Core/Src/main.d" -MT"Core/Src/main.o" --specs=nano.specs -mfpu=fpv4-sp-d16 -mfloat-abi=hard -mthumb -o "Core/Src/main.o"
../Core/Src/main.c:64:20: warning: 'pcTextForTask2' defined but not used [-Wunused-variable]
   64 | static const char *pcTextForTask2 = "Task2 is running";
      |                    ^~~~~~~~~~~~~~
arm-none-eabi-gcc -o "Application_005_Example_4.2_Using_Task_Parameter.elf" @"objects.list"   -mcpu=cortex-m4 -T"C:\Users\julio\Downloads\FreeRTOS_STM32F407\Application_005_Example_4.2_Using_Task_Parameter\STM32F407VGTX_FLASH.ld" --specs=nosys.specs -Wl,-Map="Application_005_Example_4.2_Using_Task_Parameter.map" -Wl,--gc-sections -static --specs=nano.specs -mfpu=fpv4-sp-d16 -mfloat-abi=hard -mthumb -Wl,--start-group -lc -lm -Wl,--end-group
Finished building target: Application_005_Example_4.2_Using_Task_Parameter.elf
 
arm-none-eabi-size  Application_005_Example_4.2_Using_Task_Parameter.elf 
arm-none-eabi-objdump -h -S Application_005_Example_4.2_Using_Task_Parameter.elf  > "Application_005_Example_4.2_Using_Task_Parameter.list"
   text	   data	    bss	    dec	    hex	filename
  18856	     24	  78912	  97792	  17e00	Application_005_Example_4.2_Using_Task_Parameter.elf
Finished building: default.size.stdout
 
Finished building: Application_005_Example_4.2_Using_Task_Parameter.list
 
16:59:07 **** Incremental Build of configuration Debug for project Application_005_Example_4.2_Using_Task_Parameter ****
make -j8 all 
arm-none-eabi-gcc -o "Application_005_Example_4.2_Using_Task_Parameter.elf" @"objects.list"   -mcpu=cortex-m4 -T"C:\Users\julio\Downloads\FreeRTOS_STM32F407\Application_005_Example_4.2_Using_Task_Parameter\STM32F407VGTX_FLASH.ld" --specs=nosys.specs -Wl,-Map="Application_005_Example_4.2_Using_Task_Parameter.map" -Wl,--gc-sections -static --specs=nano.specs -mfpu=fpv4-sp-d16 -mfloat-abi=hard -mthumb -Wl,--start-group -lc -lm -Wl,--end-group
Finished building target: Application_005_Example_4.2_Using_Task_Parameter.elf
 
arm-none-eabi-size  Application_005_Example_4.2_Using_Task_Parameter.elf 
arm-none-eabi-objdump -h -S Application_005_Example_4.2_Using_Task_Parameter.elf  > "Application_005_Example_4.2_Using_Task_Parameter.list"
   text	   data	    bss	    dec	    hex	filename
  18856	     24	  78912	  97792	  17e00	Application_005_Example_4.2_Using_Task_Parameter.elf
Finished building: default.size.stdout
 
Finished building: Application_005_Example_4.2_Using_Task_Parameter.list
 
17:00:22 **** Incremental Build of configuration Debug for project Application_001_Blinky ****
make -j8 all 
arm-none-eabi-size  Application_001_Blinky.elf 
   text	   data	    bss	    dec	    hex	filename
  16532	     20	  78844	  95396	  174a4	Application_001_Blinky.elf
Finished building: default.size.stdout
 
17:00:23 **** Incremental Build of configuration Debug for project Application_002_2_Separate_Blinky_Tasks ****
make -j8 all 
arm-none-eabi-size  Application_002_2_Separate_Blinky_Tasks.elf 
   text	   data	    bss	    dec	    hex	filename
  16612	     20	  78844	  95476	  174f4	Application_002_2_Separate_Blinky_Tasks.elf
Finished building: default.size.stdout
 
17:00:24 **** Incremental Build of configuration Debug for project Application_003_Example_4.1_Creating_Tasks_v1 ****
make -j8 all 
arm-none-eabi-size  Application_003_Example_4.1_Creating_Tasks_v1.elf 
   text	   data	    bss	    dec	    hex	filename
  18916	     20	  78916	  97852	  17e3c	Application_003_Example_4.1_Creating_Tasks_v1.elf
Finished building: default.size.stdout
 
17:00:24 **** Incremental Build of configuration Debug for project Application_004_Example_4.1_Creating_Tasks_v2 ****
make -j8 all 
arm-none-eabi-size  Application_004_Example_4.1_Creating_Tasks_v2.elf 
   text	   data	    bss	    dec	    hex	filename
  18920	     20	  78916	  97856	  17e40	Application_004_Example_4.1_Creating_Tasks_v2.elf
Finished building: default.size.stdout
 
17:00:25 **** Incremental Build of configuration Debug for project Application_005_Example_4.2_Using_Task_Parameter ****
make -j8 all 
arm-none-eabi-gcc "../Core/Src/main.c" -mcpu=cortex-m4 -std=gnu11 -g3 -DDEBUG -DUSE_HAL_DRIVER -DSTM32F407xx -c -I../Core/Inc -I"C:/Users/julio/Downloads/FreeRTOS_STM32F407/Application_005_Example_4.2_Using_Task_Parameter/Core/FreeRTOS" -I"C:/Users/julio/Downloads/FreeRTOS_STM32F407/Application_005_Example_4.2_Using_Task_Parameter/Core/FreeRTOS/Source/include" -I"C:/Users/julio/Downloads/FreeRTOS_STM32F407/Application_005_Example_4.2_Using_Task_Parameter/Core/FreeRTOS/Source/portable/GCC/ARM_CM4F" -I../Drivers/STM32F4xx_HAL_Driver/Inc -I../Drivers/STM32F4xx_HAL_Driver/Inc/Legacy -I../Drivers/CMSIS/Device/ST/STM32F4xx/Include -I../Drivers/CMSIS/Include -O0 -ffunction-sections -fdata-sections -Wall -fstack-usage -fcyclomatic-complexity -MMD -MP -MF"Core/Src/main.d" -MT"Core/Src/main.o" --specs=nano.specs -mfpu=fpv4-sp-d16 -mfloat-abi=hard -mthumb -o "Core/Src/main.o"
../Core/Src/main.c:64:20: warning: 'pcTextForTask2' defined but not used [-Wunused-variable]
   64 | static const char *pcTextForTask2 = "Task2 is running\n\r";
      |                    ^~~~~~~~~~~~~~
arm-none-eabi-gcc -o "Application_005_Example_4.2_Using_Task_Parameter.elf" @"objects.list"   -mcpu=cortex-m4 -T"C:\Users\julio\Downloads\FreeRTOS_STM32F407\Application_005_Example_4.2_Using_Task_Parameter\STM32F407VGTX_FLASH.ld" --specs=nosys.specs -Wl,-Map="Application_005_Example_4.2_Using_Task_Parameter.map" -Wl,--gc-sections -static --specs=nano.specs -mfpu=fpv4-sp-d16 -mfloat-abi=hard -mthumb -Wl,--start-group -lc -lm -Wl,--end-group
Finished building target: Application_005_Example_4.2_Using_Task_Parameter.elf
 
arm-none-eabi-size  Application_005_Example_4.2_Using_Task_Parameter.elf 
arm-none-eabi-objdump -h -S Application_005_Example_4.2_Using_Task_Parameter.elf  > "Application_005_Example_4.2_Using_Task_Parameter.list"
   text	   data	    bss	    dec	    hex	filename
  18856	     24	  78912	  97792	  17e00	Application_005_Example_4.2_Using_Task_Parameter.elf
Finished building: default.size.stdout
 
Finished building: Application_005_Example_4.2_Using_Task_Parameter.list
 
17:00:31 **** Incremental Build of configuration Debug for project Application_005_Example_4.2_Using_Task_Parameter ****
make -j8 all 
arm-none-eabi-gcc "../Core/Src/main.c" -mcpu=cortex-m4 -std=gnu11 -g3 -DDEBUG -DUSE_HAL_DRIVER -DSTM32F407xx -c -I../Core/Inc -I"C:/Users/julio/Downloads/FreeRTOS_STM32F407/Application_005_Example_4.2_Using_Task_Parameter/Core/FreeRTOS" -I"C:/Users/julio/Downloads/FreeRTOS_STM32F407/Application_005_Example_4.2_Using_Task_Parameter/Core/FreeRTOS/Source/include" -I"C:/Users/julio/Downloads/FreeRTOS_STM32F407/Application_005_Example_4.2_Using_Task_Parameter/Core/FreeRTOS/Source/portable/GCC/ARM_CM4F" -I../Drivers/STM32F4xx_HAL_Driver/Inc -I../Drivers/STM32F4xx_HAL_Driver/Inc/Legacy -I../Drivers/CMSIS/Device/ST/STM32F4xx/Include -I../Drivers/CMSIS/Include -O0 -ffunction-sections -fdata-sections -Wall -fstack-usage -fcyclomatic-complexity -MMD -MP -MF"Core/Src/main.d" -MT"Core/Src/main.o" --specs=nano.specs -mfpu=fpv4-sp-d16 -mfloat-abi=hard -mthumb -o "Core/Src/main.o"
../Core/Src/main.c:64:20: warning: 'pcTextForTask2' defined but not used [-Wunused-variable]
   64 | static const char *pcTextForTask2 = "Task2 is running\n\r";
      |                    ^~~~~~~~~~~~~~
arm-none-eabi-gcc -o "Application_005_Example_4.2_Using_Task_Parameter.elf" @"objects.list"   -mcpu=cortex-m4 -T"C:\Users\julio\Downloads\FreeRTOS_STM32F407\Application_005_Example_4.2_Using_Task_Parameter\STM32F407VGTX_FLASH.ld" --specs=nosys.specs -Wl,-Map="Application_005_Example_4.2_Using_Task_Parameter.map" -Wl,--gc-sections -static --specs=nano.specs -mfpu=fpv4-sp-d16 -mfloat-abi=hard -mthumb -Wl,--start-group -lc -lm -Wl,--end-group
Finished building target: Application_005_Example_4.2_Using_Task_Parameter.elf
 
arm-none-eabi-size  Application_005_Example_4.2_Using_Task_Parameter.elf 
arm-none-eabi-objdump -h -S Application_005_Example_4.2_Using_Task_Parameter.elf  > "Application_005_Example_4.2_Using_Task_Parameter.list"
   text	   data	    bss	    dec	    hex	filename
  18856	     24	  78912	  97792	  17e00	Application_005_Example_4.2_Using_Task_Parameter.elf
Finished building: default.size.stdout
 
Finished building: Application_005_Example_4.2_Using_Task_Parameter.list
 
17:04:02 **** Incremental Build of configuration Debug for project Application_001_Blinky ****
make -j8 all 
arm-none-eabi-size  Application_001_Blinky.elf 
   text	   data	    bss	    dec	    hex	filename
  16532	     20	  78844	  95396	  174a4	Application_001_Blinky.elf
Finished building: default.size.stdout
 
17:04:02 **** Incremental Build of configuration Debug for project Application_002_2_Separate_Blinky_Tasks ****
make -j8 all 
arm-none-eabi-size  Application_002_2_Separate_Blinky_Tasks.elf 
   text	   data	    bss	    dec	    hex	filename
  16612	     20	  78844	  95476	  174f4	Application_002_2_Separate_Blinky_Tasks.elf
Finished building: default.size.stdout
 
17:04:03 **** Incremental Build of configuration Debug for project Application_003_Example_4.1_Creating_Tasks_v1 ****
make -j8 all 
arm-none-eabi-size  Application_003_Example_4.1_Creating_Tasks_v1.elf 
   text	   data	    bss	    dec	    hex	filename
  18916	     20	  78916	  97852	  17e3c	Application_003_Example_4.1_Creating_Tasks_v1.elf
Finished building: default.size.stdout
 
17:04:04 **** Incremental Build of configuration Debug for project Application_004_Example_4.1_Creating_Tasks_v2 ****
make -j8 all 
arm-none-eabi-size  Application_004_Example_4.1_Creating_Tasks_v2.elf 
   text	   data	    bss	    dec	    hex	filename
  18920	     20	  78916	  97856	  17e40	Application_004_Example_4.1_Creating_Tasks_v2.elf
Finished building: default.size.stdout
 
17:04:05 **** Incremental Build of configuration Debug for project Application_005_Example_4.2_Using_Task_Parameter ****
make -j8 all 
arm-none-eabi-gcc "../Core/Src/main.c" -mcpu=cortex-m4 -std=gnu11 -g3 -DDEBUG -DUSE_HAL_DRIVER -DSTM32F407xx -c -I../Core/Inc -I"C:/Users/julio/Downloads/FreeRTOS_STM32F407/Application_005_Example_4.2_Using_Task_Parameter/Core/FreeRTOS" -I"C:/Users/julio/Downloads/FreeRTOS_STM32F407/Application_005_Example_4.2_Using_Task_Parameter/Core/FreeRTOS/Source/include" -I"C:/Users/julio/Downloads/FreeRTOS_STM32F407/Application_005_Example_4.2_Using_Task_Parameter/Core/FreeRTOS/Source/portable/GCC/ARM_CM4F" -I../Drivers/STM32F4xx_HAL_Driver/Inc -I../Drivers/STM32F4xx_HAL_Driver/Inc/Legacy -I../Drivers/CMSIS/Device/ST/STM32F4xx/Include -I../Drivers/CMSIS/Include -O0 -ffunction-sections -fdata-sections -Wall -fstack-usage -fcyclomatic-complexity -MMD -MP -MF"Core/Src/main.d" -MT"Core/Src/main.o" --specs=nano.specs -mfpu=fpv4-sp-d16 -mfloat-abi=hard -mthumb -o "Core/Src/main.o"
arm-none-eabi-gcc -o "Application_005_Example_4.2_Using_Task_Parameter.elf" @"objects.list"   -mcpu=cortex-m4 -T"C:\Users\julio\Downloads\FreeRTOS_STM32F407\Application_005_Example_4.2_Using_Task_Parameter\STM32F407VGTX_FLASH.ld" --specs=nosys.specs -Wl,-Map="Application_005_Example_4.2_Using_Task_Parameter.map" -Wl,--gc-sections -static --specs=nano.specs -mfpu=fpv4-sp-d16 -mfloat-abi=hard -mthumb -Wl,--start-group -lc -lm -Wl,--end-group
Finished building target: Application_005_Example_4.2_Using_Task_Parameter.elf
 
arm-none-eabi-size  Application_005_Example_4.2_Using_Task_Parameter.elf 
arm-none-eabi-objdump -h -S Application_005_Example_4.2_Using_Task_Parameter.elf  > "Application_005_Example_4.2_Using_Task_Parameter.list"
   text	   data	    bss	    dec	    hex	filename
  18896	     28	  78916	  97840	  17e30	Application_005_Example_4.2_Using_Task_Parameter.elf
Finished building: default.size.stdout
 
Finished building: Application_005_Example_4.2_Using_Task_Parameter.list
 
17:04:16 **** Incremental Build of configuration Debug for project Application_005_Example_4.2_Using_Task_Parameter ****
make -j8 all 
arm-none-eabi-gcc "../Core/Src/main.c" -mcpu=cortex-m4 -std=gnu11 -g3 -DDEBUG -DUSE_HAL_DRIVER -DSTM32F407xx -c -I../Core/Inc -I"C:/Users/julio/Downloads/FreeRTOS_STM32F407/Application_005_Example_4.2_Using_Task_Parameter/Core/FreeRTOS" -I"C:/Users/julio/Downloads/FreeRTOS_STM32F407/Application_005_Example_4.2_Using_Task_Parameter/Core/FreeRTOS/Source/include" -I"C:/Users/julio/Downloads/FreeRTOS_STM32F407/Application_005_Example_4.2_Using_Task_Parameter/Core/FreeRTOS/Source/portable/GCC/ARM_CM4F" -I../Drivers/STM32F4xx_HAL_Driver/Inc -I../Drivers/STM32F4xx_HAL_Driver/Inc/Legacy -I../Drivers/CMSIS/Device/ST/STM32F4xx/Include -I../Drivers/CMSIS/Include -O0 -ffunction-sections -fdata-sections -Wall -fstack-usage -fcyclomatic-complexity -MMD -MP -MF"Core/Src/main.d" -MT"Core/Src/main.o" --specs=nano.specs -mfpu=fpv4-sp-d16 -mfloat-abi=hard -mthumb -o "Core/Src/main.o"
arm-none-eabi-gcc -o "Application_005_Example_4.2_Using_Task_Parameter.elf" @"objects.list"   -mcpu=cortex-m4 -T"C:\Users\julio\Downloads\FreeRTOS_STM32F407\Application_005_Example_4.2_Using_Task_Parameter\STM32F407VGTX_FLASH.ld" --specs=nosys.specs -Wl,-Map="Application_005_Example_4.2_Using_Task_Parameter.map" -Wl,--gc-sections -static --specs=nano.specs -mfpu=fpv4-sp-d16 -mfloat-abi=hard -mthumb -Wl,--start-group -lc -lm -Wl,--end-group
Finished building target: Application_005_Example_4.2_Using_Task_Parameter.elf
 
arm-none-eabi-size  Application_005_Example_4.2_Using_Task_Parameter.elf 
arm-none-eabi-objdump -h -S Application_005_Example_4.2_Using_Task_Parameter.elf  > "Application_005_Example_4.2_Using_Task_Parameter.list"
   text	   data	    bss	    dec	    hex	filename
  18896	     28	  78916	  97840	  17e30	Application_005_Example_4.2_Using_Task_Parameter.elf
Finished building: default.size.stdout
 
Finished building: Application_005_Example_4.2_Using_Task_Parameter.list
 
