11:25:37 **** Incremental Build of configuration Debug for project App_017_Example_5.Y_Mailbox_Queue ****
make -j8 all 
arm-none-eabi-gcc "../Core/Src/main.c" -mcpu=cortex-m4 -std=gnu11 -g3 -DDEBUG -DUSE_HAL_DRIVER -DSTM32F407xx -c -I../Core/Inc -I"C:/Users/julio/Downloads/STM32F407_FreeRTOS/App_017_Example_5.Y_Mailbox_Queue/ThirdParty/SystemView_Src_V354/Config" -I"C:/Users/julio/Downloads/STM32F407_FreeRTOS/App_017_Example_5.Y_Mailbox_Queue/ThirdParty/SystemView_Src_V354/Sample" -I"C:/Users/julio/Downloads/STM32F407_FreeRTOS/App_017_Example_5.Y_Mailbox_Queue/ThirdParty/SystemView_Src_V354/SEGGER" -I../Drivers/STM32F4xx_HAL_Driver/Inc -I../Drivers/STM32F4xx_HAL_Driver/Inc/Legacy -I../Drivers/CMSIS/Device/ST/STM32F4xx/Include -I"C:/Users/julio/Downloads/STM32F407_FreeRTOS/App_017_Example_5.Y_Mailbox_Queue/ThirdParty/FreeRTOS/Source/include" -I"C:/Users/julio/Downloads/STM32F407_FreeRTOS/App_017_Example_5.Y_Mailbox_Queue/ThirdParty/FreeRTOS" -I"C:/Users/julio/Downloads/STM32F407_FreeRTOS/App_017_Example_5.Y_Mailbox_Queue/ThirdParty/FreeRTOS/Source/portable/GCC/ARM_CM4F" -I../Drivers/CMSIS/Include -O0 -ffunction-sections -fdata-sections -Wall -fstack-usage -fcyclomatic-complexity -MMD -MP -MF"Core/Src/main.d" -MT"Core/Src/main.o" --specs=nano.specs -mfpu=fpv4-sp-d16 -mfloat-abi=hard -mthumb -o "Core/Src/main.o"
arm-none-eabi-gcc -o "App_017_Example_5.Y_Mailbox_Queue.elf" @"objects.list"   -mcpu=cortex-m4 -T"C:\Users\julio\Downloads\STM32F407_FreeRTOS\App_017_Example_5.Y_Mailbox_Queue\STM32F407VGTX_FLASH.ld" --specs=nosys.specs -Wl,-Map="App_017_Example_5.Y_Mailbox_Queue.map" -Wl,--gc-sections -static --specs=nano.specs -mfpu=fpv4-sp-d16 -mfloat-abi=hard -mthumb -Wl,--start-group -lc -lm -Wl,--end-group
Finished building target: App_017_Example_5.Y_Mailbox_Queue.elf
 
arm-none-eabi-size  App_017_Example_5.Y_Mailbox_Queue.elf 
arm-none-eabi-objdump -h -S App_017_Example_5.Y_Mailbox_Queue.elf  > "App_017_Example_5.Y_Mailbox_Queue.list"
   text	   data	    bss	    dec	    hex	filename
  32388	    100	 106564	 139052	  21f2c	App_017_Example_5.Y_Mailbox_Queue.elf
Finished building: default.size.stdout
 
Finished building: App_017_Example_5.Y_Mailbox_Queue.list
 
11:25:42 **** Incremental Build of configuration Debug for project App_017_Example_5.Y_Mailbox_Queue ****
make -j8 all 
arm-none-eabi-size  App_017_Example_5.Y_Mailbox_Queue.elf 
   text	   data	    bss	    dec	    hex	filename
  32388	    100	 106564	 139052	  21f2c	App_017_Example_5.Y_Mailbox_Queue.elf
Finished building: default.size.stdout
 
11:27:30 **** Incremental Build of configuration Debug for project App_017_Example_5.Y_Mailbox_Queue ****
make -j8 all 
arm-none-eabi-gcc "../Core/Src/main.c" -mcpu=cortex-m4 -std=gnu11 -g3 -DDEBUG -DUSE_HAL_DRIVER -DSTM32F407xx -c -I../Core/Inc -I"C:/Users/julio/Downloads/STM32F407_FreeRTOS/App_017_Example_5.Y_Mailbox_Queue/ThirdParty/SystemView_Src_V354/Config" -I"C:/Users/julio/Downloads/STM32F407_FreeRTOS/App_017_Example_5.Y_Mailbox_Queue/ThirdParty/SystemView_Src_V354/Sample" -I"C:/Users/julio/Downloads/STM32F407_FreeRTOS/App_017_Example_5.Y_Mailbox_Queue/ThirdParty/SystemView_Src_V354/SEGGER" -I../Drivers/STM32F4xx_HAL_Driver/Inc -I../Drivers/STM32F4xx_HAL_Driver/Inc/Legacy -I../Drivers/CMSIS/Device/ST/STM32F4xx/Include -I"C:/Users/julio/Downloads/STM32F407_FreeRTOS/App_017_Example_5.Y_Mailbox_Queue/ThirdParty/FreeRTOS/Source/include" -I"C:/Users/julio/Downloads/STM32F407_FreeRTOS/App_017_Example_5.Y_Mailbox_Queue/ThirdParty/FreeRTOS" -I"C:/Users/julio/Downloads/STM32F407_FreeRTOS/App_017_Example_5.Y_Mailbox_Queue/ThirdParty/FreeRTOS/Source/portable/GCC/ARM_CM4F" -I../Drivers/CMSIS/Include -O0 -ffunction-sections -fdata-sections -Wall -fstack-usage -fcyclomatic-complexity -MMD -MP -MF"Core/Src/main.d" -MT"Core/Src/main.o" --specs=nano.specs -mfpu=fpv4-sp-d16 -mfloat-abi=hard -mthumb -o "Core/Src/main.o"
arm-none-eabi-gcc -o "App_017_Example_5.Y_Mailbox_Queue.elf" @"objects.list"   -mcpu=cortex-m4 -T"C:\Users\julio\Downloads\STM32F407_FreeRTOS\App_017_Example_5.Y_Mailbox_Queue\STM32F407VGTX_FLASH.ld" --specs=nosys.specs -Wl,-Map="App_017_Example_5.Y_Mailbox_Queue.map" -Wl,--gc-sections -static --specs=nano.specs -mfpu=fpv4-sp-d16 -mfloat-abi=hard -mthumb -Wl,--start-group -lc -lm -Wl,--end-group
Finished building target: App_017_Example_5.Y_Mailbox_Queue.elf
 
arm-none-eabi-size  App_017_Example_5.Y_Mailbox_Queue.elf 
arm-none-eabi-objdump -h -S App_017_Example_5.Y_Mailbox_Queue.elf  > "App_017_Example_5.Y_Mailbox_Queue.list"
   text	   data	    bss	    dec	    hex	filename
  32388	    100	 106564	 139052	  21f2c	App_017_Example_5.Y_Mailbox_Queue.elf
Finished building: default.size.stdout
 
Finished building: App_017_Example_5.Y_Mailbox_Queue.list
 
